Archive member included to satisfy reference by file (symbol)

contiki-native.a(contiki-main.o)
                              /usr/lib/gcc/i686-linux-gnu/4.8/../../../i386-linux-gnu/crt1.o (main)
contiki-native.a(button-sensor.o)
                              contiki-native.a(contiki-main.o) (button_sensor)
contiki-native.a(pir-sensor.o)
                              contiki-native.a(contiki-main.o) (pir_sensor)
contiki-native.a(vib-sensor.o)
                              contiki-native.a(contiki-main.o) (vib_sensor)
contiki-native.a(sensors.o)   contiki-native.a(button-sensor.o) (sensors_changed)
contiki-native.a(autostart.o)
                              contiki-native.a(contiki-main.o) (autostart_start)
contiki-native.a(ctimer.o)    contiki-native.a(contiki-main.o) (ctimer_init)
contiki-native.a(etimer.o)    contiki-native.a(contiki-main.o) (etimer_process)
contiki-native.a(process.o)   contiki-native.a(ctimer.o) (process_current)
contiki-native.a(rtimer.o)    contiki-native.a(contiki-main.o) (rtimer_init)
contiki-native.a(timer.o)     contiki-native.a(etimer.o) (timer_set)
contiki-native.a(serial-line.o)
                              contiki-native.a(contiki-main.o) (serial_line_input_byte)
contiki-native.a(list.o)      contiki-native.a(ctimer.o) (list_init)
contiki-native.a(ringbuf.o)   contiki-native.a(serial-line.o) (ringbuf_init)
contiki-native.a(sicslowpan.o)
                              contiki-native.a(contiki-main.o) (sicslowpan_driver)
contiki-native.a(uip6.o)      contiki-native.a(contiki-main.o) (uip_lladdr)
contiki-native.a(uip-ds6.o)   contiki-native.a(uip6.o) (uip_ds6_if)
contiki-native.a(uip-ds6-nbr.o)
                              contiki-native.a(uip-ds6.o) (uip_ds6_neighbors_init)
contiki-native.a(uip-ds6-route.o)
                              contiki-native.a(uip-ds6.o) (uip_ds6_route_init)
contiki-native.a(uip-icmp6.o)
                              contiki-native.a(uip6.o) (uip_icmp6_input)
contiki-native.a(uip-nd6.o)   contiki-native.a(uip-ds6-nbr.o) (uip_nd6_ns_output)
contiki-native.a(tcpip.o)     obj_native/udp-client.o (tcpip_event)
contiki-native.a(uip-debug.o)
                              contiki-native.a(uip-ds6-route.o) (uip_debug_ipaddr_print)
contiki-native.a(uip-packetqueue)
                              contiki-native.a(uip-ds6-nbr.o) (uip_packetqueue_new)
contiki-native.a(uip-udp-packet.)
                              obj_native/udp-client.o (uip_udp_packet_send)
contiki-native.a(rpl.o)       contiki-native.a(uip-ds6-nbr.o) (rpl_link_neighbor_callback)
contiki-native.a(rpl-dag.o)   contiki-native.a(rpl.o) (instance_table)
contiki-native.a(rpl-ext-header.)
                              contiki-native.a(uip6.o) (rpl_verify_header)
contiki-native.a(rpl-icmp6.o)
                              contiki-native.a(rpl-dag.o) (rpl_icmp6_update_nbr_table)
contiki-native.a(rpl-mrhof.o)
                              contiki-native.a(rpl.o) (rpl_mrhof)
contiki-native.a(rpl-timers.o)
                              contiki-native.a(rpl.o) (rpl_reset_periodic_timer)
contiki-native.a(linkaddr.o)  contiki-native.a(sicslowpan.o) (linkaddr_null)
contiki-native.a(nbr-table.o)
                              contiki-native.a(uip-ds6-nbr.o) (nbr_table_register)
contiki-native.a(netstack.o)  contiki-native.a(contiki-main.o) (netstack_init)
contiki-native.a(packetbuf.o)
                              contiki-native.a(sicslowpan.o) (packetbuf_clear)
contiki-native.a(queuebuf.o)  contiki-native.a(contiki-main.o) (queuebuf_init)
contiki-native.a(csma.o)      contiki-native.a(contiki-main.o) (csma_driver)
contiki-native.a(framer-802154.o)
                              contiki-native.a(sicslowpan.o) (framer_802154)
contiki-native.a(mac.o)       contiki-native.a(csma.o) (mac_call_sent_callback)
contiki-native.a(nullrdc.o)   contiki-native.a(contiki-main.o) (nullrdc_driver)
contiki-native.a(nullsec.o)   contiki-native.a(contiki-main.o) (nullsec_driver)
contiki-native.a(clock.o)     contiki-native.a(etimer.o) (clock_time)
contiki-native.a(rtimer-arch.o)
                              contiki-native.a(rtimer.o) (rtimer_arch_init)
contiki-native.a(watchdog.o)  contiki-native.a(sicslowpan.o) (watchdog_periodic)
contiki-native.a(stimer.o)    contiki-native.a(uip-ds6.o) (stimer_set)
contiki-native.a(nullradio.o)
                              contiki-native.a(netstack.o) (nullradio_driver)
contiki-native.a(memb.o)      contiki-native.a(uip-ds6-route.o) (memb_init)
contiki-native.a(random.o)    contiki-native.a(uip-ds6.o) (random_rand)
contiki-native.a(rpl-nbr-policy.)
                              contiki-native.a(nbr-table.o) (rpl_nbr_policy_find_removable)
contiki-native.a(frame802154.o)
                              contiki-native.a(framer-802154.o) (frame802154_get_pan_id)
/usr/lib/i386-linux-gnu/libc_nonshared.a(elf-init.oS)
                              /usr/lib/gcc/i686-linux-gnu/4.8/../../../i386-linux-gnu/crt1.o (__libc_csu_init)

As-needed library included to satisfy reference by file (symbol)

[...]
Memory Configuration

Name             Origin             Length             Attributes
*default*        0x0000000000000000 0xffffffffffffffff

Linker script and memory map

LOAD /usr/lib/gcc/i686-linux-gnu/4.8/../../../i386-linux-gnu/crt1.o
LOAD /usr/lib/gcc/i686-linux-gnu/4.8/../../../i386-linux-gnu/crti.o
LOAD /usr/lib/gcc/i686-linux-gnu/4.8/crtbegin.o
LOAD 6lbr-demo.co
LOAD obj_native/udp-client.o
LOAD obj_native/6lbr-demo-main.o
LOAD contiki-native.a
LOAD /usr/lib/gcc/i686-linux-gnu/4.8/../../../i386-linux-gnu/libncurses.so
LOAD /lib/i386-linux-gnu/libncurses.so.5
LOAD /usr/lib/gcc/i686-linux-gnu/4.8/../../../i386-linux-gnu/libtinfo.so
LOAD /usr/lib/gcc/i686-linux-gnu/4.8/../../../i386-linux-gnu/librt.so
LOAD /usr/lib/gcc/i686-linux-gnu/4.8/libgcc.a
LOAD /usr/lib/gcc/i686-linux-gnu/4.8/libgcc_s.so
LOAD /usr/lib/gcc/i686-linux-gnu/4.8/../../../i386-linux-gnu/libc.so
START GROUP
LOAD /lib/i386-linux-gnu/libc.so.6
LOAD /usr/lib/i386-linux-gnu/libc_nonshared.a
LOAD /lib/i386-linux-gnu/ld-linux.so.2
END GROUP
LOAD /usr/lib/gcc/i686-linux-gnu/4.8/libgcc.a
LOAD /usr/lib/gcc/i686-linux-gnu/4.8/libgcc_s.so
LOAD /usr/lib/gcc/i686-linux-gnu/4.8/crtend.o
LOAD /usr/lib/gcc/i686-linux-gnu/4.8/../../../i386-linux-gnu/crtn.o
                0x0000000008048000                PROVIDE (__executable_start, 0x8048000)
                0x0000000008048154                . = (0x8048000 + SIZEOF_HEADERS)

.interp         0x0000000008048154       0x13
 *(.interp)
 .interp        0x0000000008048154       0x13 /usr/lib/gcc/i686-linux-gnu/4.8/../../../i386-linux-gnu/crt1.o

.note.ABI-tag   0x0000000008048168       0x20
 .note.ABI-tag  0x0000000008048168       0x20 /usr/lib/gcc/i686-linux-gnu/4.8/../../../i386-linux-gnu/crt1.o

.note.gnu.build-id
                0x0000000008048188       0x24
 *(.note.gnu.build-id)
 .note.gnu.build-id
                0x0000000008048188       0x24 /usr/lib/gcc/i686-linux-gnu/4.8/../../../i386-linux-gnu/crt1.o

.hash
 *(.hash)

.gnu.hash       0x00000000080481ac      0xca8
 *(.gnu.hash)
 .gnu.hash      0x00000000080481ac      0xca8 /usr/lib/gcc/i686-linux-gnu/4.8/../../../i386-linux-gnu/crt1.o

.dynsym         0x0000000008048e54     0x1bd0
 *(.dynsym)
 .dynsym        0x0000000008048e54     0x1bd0 /usr/lib/gcc/i686-linux-gnu/4.8/../../../i386-linux-gnu/crt1.o

.dynstr         0x000000000804aa24     0x1c50
 *(.dynstr)
 .dynstr        0x000000000804aa24     0x1c50 /usr/lib/gcc/i686-linux-gnu/4.8/../../../i386-linux-gnu/crt1.o

.gnu.version    0x000000000804c674      0x37a
 *(.gnu.version)
 .gnu.version   0x000000000804c674      0x37a /usr/lib/gcc/i686-linux-gnu/4.8/../../../i386-linux-gnu/crt1.o

.gnu.version_d  0x000000000804c9f0        0x0
 *(.gnu.version_d)
 .gnu.version_d
                0x0000000000000000        0x0 /usr/lib/gcc/i686-linux-gnu/4.8/../../../i386-linux-gnu/crt1.o

.gnu.version_r  0x000000000804c9f0       0x50
 *(.gnu.version_r)
 .gnu.version_r
                0x000000000804c9f0       0x50 /usr/lib/gcc/i686-linux-gnu/4.8/../../../i386-linux-gnu/crt1.o

.rel.dyn        0x000000000804ca40       0x18
 *(.rel.init)
 *(.rel.text .rel.text.* .rel.gnu.linkonce.t.*)
 .rel.text      0x0000000000000000        0x0 /usr/lib/gcc/i686-linux-gnu/4.8/../../../i386-linux-gnu/crt1.o
 *(.rel.fini)
 *(.rel.rodata .rel.rodata.* .rel.gnu.linkonce.r.*)
 .rel.rodata    0x0000000000000000        0x0 /usr/lib/gcc/i686-linux-gnu/4.8/../../../i386-linux-gnu/crt1.o
 *(.rel.data.rel.ro .rel.data.rel.ro.* .rel.gnu.linkonce.d.rel.ro.*)
 *(.rel.data .rel.data.* .rel.gnu.linkonce.d.*)
 .rel.data      0x0000000000000000        0x0 /usr/lib/gcc/i686-linux-gnu/4.8/../../../i386-linux-gnu/crt1.o
 *(.rel.tdata .rel.tdata.* .rel.gnu.linkonce.td.*)
 *(.rel.tbss .rel.tbss.* .rel.gnu.linkonce.tb.*)
 *(.rel.ctors)
 *(.rel.dtors)
 *(.rel.got)
 .rel.got       0x000000000804ca40        0x8 /usr/lib/gcc/i686-linux-gnu/4.8/../../../i386-linux-gnu/crt1.o
 *(.rel.bss .rel.bss.* .rel.gnu.linkonce.b.*)
 .rel.bss       0x000000000804ca48       0x10 /usr/lib/gcc/i686-linux-gnu/4.8/../../../i386-linux-gnu/crt1.o
 *(.rel.ifunc)

.rel.plt        0x000000000804ca58       0xd0
 *(.rel.plt)
 .rel.plt       0x000000000804ca58       0xd0 /usr/lib/gcc/i686-linux-gnu/4.8/../../../i386-linux-gnu/crt1.o
                0x000000000804cb28                PROVIDE (__rel_iplt_start, .)
 *(.rel.iplt)
 .rel.iplt      0x0000000000000000        0x0 /usr/lib/gcc/i686-linux-gnu/4.8/../../../i386-linux-gnu/crt1.o
                0x000000000804cb28                PROVIDE (__rel_iplt_end, .)

.init           0x000000000804cb28       0x23
 *(SORT(.init))
 .init          0x000000000804cb28       0x1e /usr/lib/gcc/i686-linux-gnu/4.8/../../../i386-linux-gnu/crti.o
                0x000000000804cb28                _init
 .init          0x000000000804cb46        0x5 /usr/lib/gcc/i686-linux-gnu/4.8/../../../i386-linux-gnu/crtn.o

.plt            0x000000000804cb50      0x1b0
 *(.plt)
 .plt           0x000000000804cb50      0x1b0 /usr/lib/gcc/i686-linux-gnu/4.8/../../../i386-linux-gnu/crt1.o
                0x000000000804cb60                setitimer@@GLIBC_2.0
                0x000000000804cb70                read@@GLIBC_2.0
                0x000000000804cb80                printf@@GLIBC_2.0
                0x000000000804cb90                memmove@@GLIBC_2.0
                0x000000000804cba0                memcpy@@GLIBC_2.0
                0x000000000804cbb0                signal@@GLIBC_2.0
                0x000000000804cbc0                memcmp@@GLIBC_2.0
                0x000000000804cbd0                select@@GLIBC_2.0
                0x000000000804cbe0                __stack_chk_fail@@GLIBC_2.4
                0x000000000804cbf0                perror@@GLIBC_2.0
                0x000000000804cc00                puts@@GLIBC_2.0
                0x000000000804cc20                exit@@GLIBC_2.0
                0x000000000804cc30                srand@@GLIBC_2.0
                0x000000000804cc40                strlen@@GLIBC_2.0
                0x000000000804cc50                __libc_start_main@@GLIBC_2.0
                0x000000000804cc60                fprintf@@GLIBC_2.0
                0x000000000804cc70                setvbuf@@GLIBC_2.0
                0x000000000804cc80                memset@@GLIBC_2.0
                0x000000000804cc90                putchar@@GLIBC_2.0
                0x000000000804cca0                __errno_location@@GLIBC_2.0
                0x000000000804ccb0                rand@@GLIBC_2.0
                0x000000000804ccc0                sprintf@@GLIBC_2.0
                0x000000000804ccd0                atoi@@GLIBC_2.0
                0x000000000804cce0                clock_gettime@@GLIBC_2.2
                0x000000000804ccf0                strncmp@@GLIBC_2.0
 *(.iplt)
 .iplt          0x0000000000000000        0x0 /usr/lib/gcc/i686-linux-gnu/4.8/../../../i386-linux-gnu/crt1.o

.text           0x000000000804cd00    0x127e2
 *(.text.unlikely .text.*_unlikely .text.unlikely.*)
 *(.text.exit .text.exit.*)
 *(.text.startup .text.startup.*)
 *(.text.hot .text.hot.*)
 *(.text .stub .text.* .gnu.linkonce.t.*)
 .text          0x000000000804cd00       0x22 /usr/lib/gcc/i686-linux-gnu/4.8/../../../i386-linux-gnu/crt1.o
                0x000000000804cd00                _start
 .text          0x000000000804cd22        0x0 /usr/lib/gcc/i686-linux-gnu/4.8/../../../i386-linux-gnu/crti.o
 *fill*         0x000000000804cd22        0xe 
 .gnu.linkonce.t.__x86.get_pc_thunk.bx
                0x000000000804cd30        0x4 /usr/lib/gcc/i686-linux-gnu/4.8/../../../i386-linux-gnu/crti.o
                0x000000000804cd30                __x86.get_pc_thunk.bx
 *fill*         0x000000000804cd34        0xc 
 .text          0x000000000804cd40       0xbd /usr/lib/gcc/i686-linux-gnu/4.8/crtbegin.o
 .text          0x000000000804cdfd        0x0 6lbr-demo.co
 .text          0x000000000804cdfd      0x47e obj_native/udp-client.o
                0x000000000804ce53                add_ipaddr
 .text          0x000000000804d27b       0x51 obj_native/6lbr-demo-main.o
                0x000000000804d27b                start_apps
 .text          0x000000000804d2cc      0x51e contiki-native.a(contiki-main.o)
                0x000000000804d2cc                select_set_callback
                0x000000000804d483                main
                0x000000000804d79b                log_message
                0x000000000804d7c6                uip_log
 .text          0x000000000804d7ea       0x32 contiki-native.a(button-sensor.o)
                0x000000000804d7ea                button_press
 .text          0x000000000804d81c       0x42 contiki-native.a(pir-sensor.o)
                0x000000000804d81c                pir_sensor_changed
 .text          0x000000000804d85e       0x3f contiki-native.a(vib-sensor.o)
                0x000000000804d85e                vib_sensor_changed
 .text          0x000000000804d89d      0x2a1 contiki-native.a(sensors.o)
                0x000000000804d8d8                sensors_first
                0x000000000804d8e2                sensors_next
                0x000000000804d8ff                sensors_changed
                0x000000000804d92e                sensors_find
 .text          0x000000000804db3e       0x8e contiki-native.a(autostart.o)
                0x000000000804db3e                autostart_start
                0x000000000804db89                autostart_exit
 .text          0x000000000804dbcc      0x334 contiki-native.a(ctimer.o)
                0x000000000804dce3                ctimer_init
                0x000000000804dd13                ctimer_set
                0x000000000804dd44                ctimer_set_with_process
                0x000000000804ddc0                ctimer_reset
                0x000000000804de0f                ctimer_restart
                0x000000000804de5e                ctimer_stop
                0x000000000804dea9                ctimer_expired
 .text          0x000000000804df00      0x40b contiki-native.a(etimer.o)
                0x000000000804e113                etimer_request_poll
                0x000000000804e197                etimer_set
                0x000000000804e1bc                etimer_reset_with_new_interval
                0x000000000804e1e3                etimer_reset
                0x000000000804e201                etimer_restart
                0x000000000804e21f                etimer_adjust
                0x000000000804e23b                etimer_expired
                0x000000000804e24e                etimer_expiration_time
                0x000000000804e260                etimer_start_time
                0x000000000804e26a                etimer_pending
                0x000000000804e27c                etimer_next_expiration_time
                0x000000000804e296                etimer_stop
 .text          0x000000000804e30b      0x560 contiki-native.a(process.o)
                0x000000000804e30b                process_alloc_event
                0x000000000804e320                process_start
                0x000000000804e509                process_exit
                0x000000000804e525                process_init
                0x000000000804e6f6                process_run
                0x000000000804e729                process_nevents
                0x000000000804e744                process_post
                0x000000000804e7f0                process_post_synch
                0x000000000804e828                process_poll
                0x000000000804e857                process_is_running
 .text          0x000000000804e86b       0xcf contiki-native.a(rtimer.o)
                0x000000000804e86b                rtimer_init
                0x000000000804e878                rtimer_set
                0x000000000804e8e0                rtimer_run_next
 .text          0x000000000804e93a       0x91 contiki-native.a(timer.o)
                0x000000000804e93a                timer_set
                0x000000000804e955                timer_reset
                0x000000000804e96c                timer_restart
                0x000000000804e97e                timer_expired
                0x000000000804e9a7                timer_remaining
 .text          0x000000000804e9cb      0x1fb contiki-native.a(serial-line.o)
                0x000000000804e9cb                serial_line_input_byte
                0x000000000804eb8e                serial_line_init
 .text          0x000000000804ebc6      0x244 contiki-native.a(list.o)
                0x000000000804ebc6                list_init
                0x000000000804ebd4                list_head
                0x000000000804ebde                list_copy
                0x000000000804ebed                list_tail
                0x000000000804ec23                list_add
                0x000000000804ec6c                list_push
                0x000000000804ec98                list_chop
                0x000000000804ed02                list_pop
                0x000000000804ed2a                list_remove
                0x000000000804ed91                list_length
                0x000000000804edbf                list_insert
                0x000000000804edf3                list_item_next
 .text          0x000000000804ee0a      0x155 contiki-native.a(ringbuf.o)
                0x000000000804ee0a                ringbuf_init
                0x000000000804ee3b                ringbuf_put
                0x000000000804eeb9                ringbuf_get
                0x000000000804ef26                ringbuf_size
                0x000000000804ef38                ringbuf_elements
 .text          0x000000000804ef5f     0x2537 contiki-native.a(sicslowpan.o)
                0x000000000804f456                rime_sniffer_add
                0x000000000804f463                rime_sniffer_remove
                0x00000000080513f6                sicslowpan_init
                0x000000000805148c                sicslowpan_get_last_rssi
 .text          0x0000000008051496     0x1275 contiki-native.a(uip6.o)
                0x0000000008051545                uip_chksum
                0x0000000008051633                uip_icmp6chksum
                0x0000000008051647                uip_udpchksum
                0x000000000805165b                uip_init
                0x00000000080516b5                remove_ext_hdr
                0x000000000805179c                uip_udp_new
                0x0000000008051af5                uip_process
                0x00000000080525ff                uip_htons
                0x0000000008052621                uip_htonl
                0x0000000008052661                uip_send
 .text          0x000000000805270b      0xc03 contiki-native.a(uip-ds6.o)
                0x000000000805270b                uip_ds6_init
                0x00000000080528de                uip_ds6_periodic
                0x000000000805295c                uip_ds6_list_loop
                0x0000000008052a03                uip_ds6_prefix_add
                0x0000000008052ac1                uip_ds6_prefix_rm
                0x0000000008052ad3                uip_ds6_prefix_lookup
                0x0000000008052b24                uip_ds6_is_addr_onlink
                0x0000000008052b98                uip_ds6_addr_add
                0x0000000008052cc6                uip_ds6_addr_rm
                0x0000000008052d66                uip_ds6_addr_lookup
                0x0000000008052db1                uip_ds6_get_link_local
                0x0000000008052e30                uip_ds6_get_global
                0x0000000008052eaf                uip_ds6_get_addr_number
                0x0000000008052f16                uip_ds6_maddr_add
                0x0000000008052f88                uip_ds6_maddr_rm
                0x0000000008052f9a                uip_ds6_maddr_lookup
                0x0000000008052fe5                uip_ds6_aaddr_add
                0x0000000008053057                uip_ds6_aaddr_rm
                0x0000000008053069                uip_ds6_aaddr_lookup
                0x00000000080530b4                uip_ds6_select_src
                0x00000000080531f9                uip_ds6_set_addr_iid
                0x0000000008053230                get_match_length
                0x00000000080532c2                uip_ds6_compute_reachable_time
 .text          0x000000000805330e      0x57b contiki-native.a(uip-ds6-nbr.o)
                0x000000000805330e                uip_ds6_neighbors_init
                0x000000000805332b                uip_ds6_nbr_add
                0x00000000080533f4                uip_ds6_nbr_rm
                0x0000000008053436                uip_ds6_nbr_get_ipaddr
                0x000000000805344b                uip_ds6_nbr_get_ll
                0x0000000008053467                uip_ds6_nbr_num
                0x00000000080534ac                uip_ds6_nbr_lookup
                0x0000000008053511                uip_ds6_nbr_ll_lookup
                0x000000000805352d                uip_ds6_nbr_ipaddr_from_lladdr
                0x0000000008053553                uip_ds6_nbr_lladdr_from_ipaddr
                0x0000000008053581                uip_ds6_link_neighbor_callback
                0x00000000080535ca                uip_ds6_neighbor_periodic
                0x000000000805380e                uip_ds6_get_least_lifetime_neighbor
 .text          0x0000000008053889      0x92b contiki-native.a(uip-ds6-route.o)
                0x0000000008053900                uip_ds6_notification_add
                0x0000000008053931                uip_ds6_notification_rm
                0x000000000805394d                uip_ds6_route_init
                0x00000000080539d5                uip_ds6_route_nexthop
                0x00000000080539fd                uip_ds6_route_head
                0x0000000008053a12                uip_ds6_route_next
                0x0000000008053a38                uip_ds6_route_is_nexthop
                0x0000000008053a77                uip_ds6_route_num_routes
                0x0000000008053a81                uip_ds6_route_lookup
                0x0000000008053b43                uip_ds6_route_add
                0x0000000008053d77                uip_ds6_route_rm
                0x0000000008053f0b                uip_ds6_route_rm_by_nexthop
                0x0000000008053f43                uip_ds6_defrt_list_head
                0x0000000008053f58                uip_ds6_defrt_add
                0x0000000008054009                uip_ds6_defrt_rm
                0x0000000008054088                uip_ds6_defrt_lookup
                0x00000000080540e1                uip_ds6_defrt_choose
                0x000000000805414c                uip_ds6_defrt_periodic
 .text          0x00000000080541b4      0xab2 contiki-native.a(uip-icmp6.o)
                0x0000000008054222                uip_icmp6_input
                0x0000000008054278                uip_icmp6_register_input_handler
                0x0000000008054540                uip_icmp6_error_output
                0x0000000008054885                uip_icmp6_send
                0x0000000008054bf9                uip_icmp6_echo_reply_callback_add
                0x0000000008054c2a                uip_icmp6_echo_reply_callback_rm
                0x0000000008054c46                uip_icmp6_init
 .text          0x0000000008054c66      0xdf0 contiki-native.a(uip-nd6.o)
                0x00000000080552ca                uip_nd6_ns_output
                0x0000000008055a36                uip_nd6_init
 .text          0x0000000008055a56      0x887 contiki-native.a(tcpip.o)
                0x0000000008055a56                tcpip_output
                0x0000000008055a84                tcpip_set_outputfunc
                0x0000000008055a91                tcpip_get_outputfunc
                0x0000000008055a9b                tcpip_input
                0x0000000008055ab3                tcpip_set_inputfunc
                0x0000000008055ac0                tcpip_get_inputfunc
                0x0000000008055b05                udp_attach
                0x0000000008055b2a                udp_new
                0x0000000008055b7c                udp_broadcast_new
                0x0000000008055c0e                icmp6_new
                0x0000000008055c3a                tcpip_icmp6_call
                0x0000000008055d4c                tcpip_inputfunc
                0x0000000008055d80                tcpip_ipv6_output
                0x00000000080561be                tcpip_poll_udp
                0x00000000080561e1                tcpip_uipcall
 .text          0x00000000080562dd      0x1d5 contiki-native.a(uip-debug.o)
                0x00000000080562dd                uip_debug_ipaddr_print
                0x000000000805643f                uip_debug_lladdr_print
 .text          0x00000000080564b2      0x141 contiki-native.a(uip-packetqueue)
                0x00000000080564de                uip_packetqueue_new
                0x00000000080564ec                uip_packetqueue_alloc
                0x000000000805654c                uip_packetqueue_free
                0x000000000805658d                uip_packetqueue_buf
                0x00000000080565aa                uip_packetqueue_buflen
                0x00000000080565cb                uip_packetqueue_set_buflen
 .text          0x00000000080565f3      0x131 contiki-native.a(uip-udp-packet.)
                0x00000000080565f3                uip_udp_packet_send
                0x0000000008056653                uip_udp_packet_sendto
 .text          0x0000000008056724      0x607 contiki-native.a(rpl.o)
                0x0000000008056724                rpl_get_mode
                0x000000000805672e                rpl_set_mode
                0x00000000080567bc                rpl_purge_routes
                0x00000000080568c1                rpl_remove_routes
                0x0000000008056907                rpl_remove_routes_by_nexthop
                0x0000000008056973                rpl_add_route
                0x0000000008056a4f                rpl_link_neighbor_callback
                0x0000000008056b54                rpl_ipv6_neighbor_callback
                0x0000000008056bc3                rpl_purge_dags
                0x0000000008056ca5                rpl_init
 .text          0x0000000008056d2b     0x2407 contiki-native.a(rpl-dag.o)
                0x0000000008056d2b                rpl_print_neighbor_list
                0x0000000008056f00                rpl_get_nbr
                0x0000000008056f5a                rpl_dag_init
                0x0000000008056f77                rpl_get_parent
                0x0000000008056f99                rpl_get_parent_rank
                0x0000000008056fcc                rpl_get_parent_link_metric
                0x0000000008056fff                rpl_get_parent_ipaddr
                0x0000000008057302                rpl_set_root
                0x000000000805753c                rpl_repair_root
                0x0000000008057778                rpl_set_prefix
                0x0000000008057890                rpl_set_default_route
                0x000000000805791c                rpl_alloc_instance
                0x00000000080579af                rpl_alloc_dag
                0x0000000008057a6a                rpl_set_default_instance
                0x0000000008057a77                rpl_get_default_instance
                0x0000000008057a81                rpl_free_instance
                0x0000000008057b30                rpl_free_dag
                0x0000000008057b96                rpl_add_parent
                0x0000000008057c6c                rpl_find_parent
                0x0000000008057cc4                rpl_find_parent_any_dag
                0x0000000008057d00                rpl_select_dag
                0x000000000805806a                rpl_select_parent
                0x00000000080580cc                rpl_remove_parent
                0x00000000080580f3                rpl_nullify_parent
                0x0000000008058191                rpl_move_parent
                0x000000000805822e                rpl_has_downward_route
                0x0000000008058281                rpl_get_any_dag
                0x00000000080582e3                rpl_get_instance
                0x0000000008058346                rpl_find_of
                0x00000000080583d9                rpl_join_instance
                0x0000000008058654                rpl_add_dag
                0x0000000008058a43                rpl_local_repair
                0x0000000008058b07                rpl_recalculate_ranks
                0x0000000008058b8d                rpl_process_parent_event
                0x0000000008058c3f                rpl_process_dio
 .text          0x0000000008059132      0xbd6 contiki-native.a(rpl-ext-header.)
                0x0000000008059132                rpl_verify_header
                0x00000000080595ac                rpl_update_header_empty
                0x00000000080598c3                rpl_update_header_final
                0x0000000008059a52                rpl_remove_header
                0x0000000008059b5c                rpl_invert_header
                0x0000000008059ce6                rpl_insert_header
 .text          0x0000000008059d08     0x1db2 contiki-native.a(rpl-icmp6.o)
                0x0000000008059f9d                rpl_icmp6_update_nbr_table
                0x000000000805a0b0                dis_output
                0x000000000805a6ee                dio_output
                0x000000000805b4c2                dao_output
                0x000000000805b5c1                dao_output_target
                0x000000000805ba06                dao_ack_output
                0x000000000805ba82                rpl_icmp6_register_handlers
 .text          0x000000000805baba      0x2e8 contiki-native.a(rpl-mrhof.o)
 .text          0x000000000805bda2      0x82a contiki-native.a(rpl-timers.o)
                0x000000000805bff7                rpl_reset_periodic_timer
                0x000000000805c04c                rpl_reset_dio_timer
                0x000000000805c273                rpl_schedule_dao
                0x000000000805c28e                rpl_schedule_dao_immediately
                0x000000000805c2a9                rpl_cancel_dao
                0x000000000805c30b                rpl_schedule_unicast_dio_immediately
                0x000000000805c574                rpl_schedule_probing
 .text          0x000000000805c5cc       0x67 contiki-native.a(linkaddr.o)
                0x000000000805c5cc                linkaddr_copy
                0x000000000805c5ee                linkaddr_cmp
                0x000000000805c618                linkaddr_set_node_addr
 .text          0x000000000805c633      0x769 contiki-native.a(nbr-table.o)
                0x000000000805ca92                nbr_table_register
                0x000000000805cada                nbr_table_head
                0x000000000805cb36                nbr_table_next
                0x000000000805cb9d                nbr_table_add_lladdr
                0x000000000805cc79                nbr_table_get_from_lladdr
                0x000000000805ccc6                nbr_table_remove
                0x000000000805cd18                nbr_table_lock
                0x000000000805cd42                nbr_table_unlock
                0x000000000805cd6c                nbr_table_get_lladdr
 .text          0x000000000805cd9c       0x2b contiki-native.a(netstack.o)
                0x000000000805cd9c                netstack_init
 .text          0x000000000805cdc7      0x460 contiki-native.a(packetbuf.o)
                0x000000000805cdc7                packetbuf_clear
                0x000000000805cdf1                packetbuf_copyfrom
                0x000000000805ce43                packetbuf_compact
                0x000000000805cec0                packetbuf_copyto
                0x000000000805cf57                packetbuf_hdralloc
                0x000000000805cfd4                packetbuf_hdrreduce
                0x000000000805d01c                packetbuf_set_datalen
                0x000000000805d035                packetbuf_dataptr
                0x000000000805d052                packetbuf_hdrptr
                0x000000000805d05c                packetbuf_datalen
                0x000000000805d068                packetbuf_hdrlen
                0x000000000805d07f                packetbuf_totlen
                0x000000000805d095                packetbuf_attr_clear
                0x000000000805d0e7                packetbuf_attr_copyto
                0x000000000805d130                packetbuf_attr_copyfrom
                0x000000000805d178                packetbuf_set_attr
                0x000000000805d1a2                packetbuf_attr
                0x000000000805d1bc                packetbuf_set_addr
                0x000000000805d1ee                packetbuf_addr
                0x000000000805d20b                packetbuf_holds_broadcast
 .text          0x000000000805d227      0x2b4 contiki-native.a(queuebuf.o)
                0x000000000805d231                queuebuf_init
                0x000000000805d251                queuebuf_numfree
                0x000000000805d265                queuebuf_new_from_packetbuf
                0x000000000805d2f5                queuebuf_update_attr_from_packetbuf
                0x000000000805d328                queuebuf_update_from_packetbuf
                0x000000000805d372                queuebuf_free
                0x000000000805d3b9                queuebuf_to_packetbuf
                0x000000000805d41f                queuebuf_dataptr
                0x000000000805d456                queuebuf_datalen
                0x000000000805d479                queuebuf_addr
                0x000000000805d4ab                queuebuf_attr
                0x000000000805d4d6                queuebuf_debug_print
 .text          0x000000000805d4db      0x88e contiki-native.a(csma.o)
                0x000000000805d4db                csma_allocated_packets
                0x000000000805d4f8                csma_allocated_neighbors
 .text          0x000000000805dd69      0x35a contiki-native.a(framer-802154.o)
 .text          0x000000000805e0c3       0x3c contiki-native.a(mac.o)
                0x000000000805e0c3                mac_call_sent_callback
 .text          0x000000000805e0ff      0x1b5 contiki-native.a(nullrdc.o)
 .text          0x000000000805e2b4       0x51 contiki-native.a(nullsec.o)
 .text          0x000000000805e305       0x6b contiki-native.a(clock.o)
                0x000000000805e305                clock_init
                0x000000000805e30a                clock_time
                0x000000000805e34d                clock_seconds
                0x000000000805e36b                clock_delay
 .text          0x000000000805e370       0xd1 contiki-native.a(rtimer-arch.o)
                0x000000000805e390                rtimer_arch_init
                0x000000000805e3ac                rtimer_arch_schedule
 .text          0x000000000805e441       0x26 contiki-native.a(watchdog.o)
                0x000000000805e441                watchdog_init
                0x000000000805e446                watchdog_start
                0x000000000805e44b                watchdog_periodic
                0x000000000805e450                watchdog_stop
                0x000000000805e455                watchdog_reboot
 .text          0x000000000805e467       0xa3 contiki-native.a(stimer.o)
                0x000000000805e467                stimer_set
                0x000000000805e482                stimer_reset
                0x000000000805e499                stimer_restart
                0x000000000805e4ab                stimer_expired
                0x000000000805e4d2                stimer_remaining
                0x000000000805e4f6                stimer_elapsed
 .text          0x000000000805e50a       0xce contiki-native.a(nullradio.o)
 .text          0x000000000805e5d8      0x1c1 contiki-native.a(memb.o)
                0x000000000805e5d8                memb_init
                0x000000000805e636                memb_alloc
                0x000000000805e69b                memb_free
                0x000000000805e716                memb_inmemb
                0x000000000805e755                memb_numfree
 .text          0x000000000805e799       0x28 contiki-native.a(random.o)
                0x000000000805e799                random_init
                0x000000000805e7b4                random_rand
 .text          0x000000000805e7c1      0x331 contiki-native.a(rpl-nbr-policy.)
                0x000000000805e999                find_removable_dis
                0x000000000805e9bc                find_removable_dio
                0x000000000805ea4b                find_removable_dao
                0x000000000805ea9b                rpl_nbr_policy_find_removable
 .text          0x000000000805eaf2      0x97c contiki-native.a(frame802154.o)
                0x000000000805eb23                frame802154_get_pan_id
                0x000000000805eb2f                frame802154_set_pan_id
                0x000000000805eb48                frame802154_has_panid
                0x000000000805ec34                frame802154_check_dest_panid
                0x000000000805ec9c                frame802154_is_broadcast_addr
                0x000000000805ece9                frame802154_extract_linkaddr
                0x000000000805ef29                frame802154_hdrlen
                0x000000000805ef7a                frame802154_create
                0x000000000805f165                frame802154_parse
 *fill*         0x000000000805f46e        0x2 
 .text          0x000000000805f470       0x72 /usr/lib/i386-linux-gnu/libc_nonshared.a(elf-init.oS)
                0x000000000805f470                __libc_csu_init
                0x000000000805f4e0                __libc_csu_fini
 .text          0x000000000805f4e2        0x0 /usr/lib/gcc/i686-linux-gnu/4.8/crtend.o
 .text          0x000000000805f4e2        0x0 /usr/lib/gcc/i686-linux-gnu/4.8/../../../i386-linux-gnu/crtn.o
 *(.gnu.warning)

.fini           0x000000000805f4e4       0x14
 *(SORT(.fini))
 .fini          0x000000000805f4e4        0xf /usr/lib/gcc/i686-linux-gnu/4.8/../../../i386-linux-gnu/crti.o
                0x000000000805f4e4                _fini
 .fini          0x000000000805f4f3        0x5 /usr/lib/gcc/i686-linux-gnu/4.8/../../../i386-linux-gnu/crtn.o
                0x000000000805f4f8                PROVIDE (__etext, .)
                0x000000000805f4f8                PROVIDE (_etext, .)
                0x000000000805f4f8                PROVIDE (etext, .)

.rodata         0x000000000805f500      0x458
 *(.rodata .rodata.* .gnu.linkonce.r.*)
 .rodata        0x000000000805f500        0x4 /usr/lib/gcc/i686-linux-gnu/4.8/../../../i386-linux-gnu/crt1.o
                0x000000000805f500                _fp_hw
 .rodata.cst4   0x000000000805f504        0x4 /usr/lib/gcc/i686-linux-gnu/4.8/../../../i386-linux-gnu/crt1.o
                0x000000000805f504                _IO_stdin_used
 .rodata        0x000000000805f508        0x8 6lbr-demo.co
                0x000000000805f508                autostart_processes
 .rodata        0x000000000805f510       0x43 obj_native/udp-client.o
 .rodata        0x000000000805f553        0xa obj_native/6lbr-demo-main.o
 *fill*         0x000000000805f55d        0x3 
 .rodata        0x000000000805f560       0xc8 contiki-native.a(contiki-main.o)
 .rodata        0x000000000805f628       0x18 contiki-native.a(button-sensor.o)
                0x000000000805f630                button_sensor
 .rodata        0x000000000805f640       0x14 contiki-native.a(pir-sensor.o)
                0x000000000805f644                pir_sensor
 .rodata        0x000000000805f654       0x1c contiki-native.a(vib-sensor.o)
                0x000000000805f660                vib_sensor
 .rodata        0x000000000805f670        0x8 contiki-native.a(sensors.o)
 .rodata        0x000000000805f678        0xf contiki-native.a(ctimer.o)
 .rodata        0x000000000805f687        0xc contiki-native.a(etimer.o)
 .rodata        0x000000000805f693        0xe contiki-native.a(serial-line.o)
 *fill*         0x000000000805f6a1        0x3 
 .rodata        0x000000000805f6a4       0x2c contiki-native.a(sicslowpan.o)
                0x000000000805f6a4                unc_llconf
                0x000000000805f6a8                unc_ctxconf
                0x000000000805f6ac                unc_mxconf
                0x000000000805f6b0                llprefix
                0x000000000805f6c4                sicslowpan_driver
 .rodata        0x000000000805f6d0       0xf4 contiki-native.a(uip6.o)
 .rodata        0x000000000805f7c4        0xd contiki-native.a(tcpip.o)
 .rodata        0x000000000805f7d1       0x3c contiki-native.a(uip-debug.o)
 *fill*         0x000000000805f80d        0x3 
 .rodata        0x000000000805f810       0x71 contiki-native.a(rpl-dag.o)
 .rodata        0x000000000805f881        0x8 contiki-native.a(linkaddr.o)
                0x000000000805f881                linkaddr_null
 *fill*         0x000000000805f889        0x3 
 .rodata        0x000000000805f88c       0x24 contiki-native.a(csma.o)
                0x000000000805f894                csma_driver
 .rodata        0x000000000805f8b0        0xc contiki-native.a(framer-802154.o)
                0x000000000805f8b0                framer_802154
 *fill*         0x000000000805f8bc        0x4 
 .rodata        0x000000000805f8c0       0x40 contiki-native.a(nullrdc.o)
                0x000000000805f8e0                nullrdc_driver
 .rodata        0x000000000805f900       0x18 contiki-native.a(nullsec.o)
                0x000000000805f908                nullsec_driver
 *fill*         0x000000000805f918        0x8 
 .rodata        0x000000000805f920       0x38 contiki-native.a(nullradio.o)
                0x000000000805f920                nullradio_driver

.rodata1
 *(.rodata1)

.eh_frame_hdr   0x000000000805f958      0xfa4
 *(.eh_frame_hdr)
 .eh_frame_hdr  0x000000000805f958      0xfa4 obj_native/udp-client.o

.eh_frame       0x00000000080608fc     0x3fc0
 *(.eh_frame)
 .eh_frame      0x00000000080608fc       0x3c /usr/lib/gcc/i686-linux-gnu/4.8/../../../i386-linux-gnu/crt1.o
                                         0x40 (size before relaxing)
 .eh_frame      0x0000000008060938       0x80 obj_native/udp-client.o
                                         0x98 (size before relaxing)
 .eh_frame      0x00000000080609b8       0x40 obj_native/6lbr-demo-main.o
                                         0x58 (size before relaxing)
 .eh_frame      0x00000000080609f8       0xe0 contiki-native.a(contiki-main.o)
                                         0xf8 (size before relaxing)
 .eh_frame      0x0000000008060ad8       0x80 contiki-native.a(button-sensor.o)
                                         0x98 (size before relaxing)
 .eh_frame      0x0000000008060b58       0x80 contiki-native.a(pir-sensor.o)
                                         0x98 (size before relaxing)
 .eh_frame      0x0000000008060bd8       0x80 contiki-native.a(vib-sensor.o)
                                         0x98 (size before relaxing)
 .eh_frame      0x0000000008060c58       0xc0 contiki-native.a(sensors.o)
                                         0xd8 (size before relaxing)
 .eh_frame      0x0000000008060d18       0x40 contiki-native.a(autostart.o)
                                         0x58 (size before relaxing)
 .eh_frame      0x0000000008060d58      0x100 contiki-native.a(ctimer.o)
                                        0x118 (size before relaxing)
 .eh_frame      0x0000000008060e58      0x1e0 contiki-native.a(etimer.o)
                                        0x1f8 (size before relaxing)
 .eh_frame      0x0000000008061038      0x1c8 contiki-native.a(process.o)
                                        0x1e0 (size before relaxing)
 .eh_frame      0x0000000008061200       0x60 contiki-native.a(rtimer.o)
                                         0x78 (size before relaxing)
 .eh_frame      0x0000000008061260       0xa4 contiki-native.a(timer.o)
                                         0xbc (size before relaxing)
 .eh_frame      0x0000000008061304       0x60 contiki-native.a(serial-line.o)
                                         0x78 (size before relaxing)
 .eh_frame      0x0000000008061364      0x180 contiki-native.a(list.o)
                                        0x198 (size before relaxing)
 .eh_frame      0x00000000080614e4       0xa0 contiki-native.a(ringbuf.o)
                                         0xb8 (size before relaxing)
 .eh_frame      0x0000000008061584      0x2d0 contiki-native.a(sicslowpan.o)
                                        0x2e8 (size before relaxing)
 .eh_frame      0x0000000008061854      0x1b0 contiki-native.a(uip6.o)
                                        0x1c8 (size before relaxing)
 .eh_frame      0x0000000008061a04      0x2e8 contiki-native.a(uip-ds6.o)
                                        0x300 (size before relaxing)
 .eh_frame      0x0000000008061cec      0x1a0 contiki-native.a(uip-ds6-nbr.o)
                                        0x1b8 (size before relaxing)
 .eh_frame      0x0000000008061e8c      0x2c0 contiki-native.a(uip-ds6-route.o)
                                        0x2d8 (size before relaxing)
 .eh_frame      0x000000000806214c      0x164 contiki-native.a(uip-icmp6.o)
                                        0x17c (size before relaxing)
 .eh_frame      0x00000000080622b0       0xd8 contiki-native.a(uip-nd6.o)
                                         0xf0 (size before relaxing)
 .eh_frame      0x0000000008062388      0x268 contiki-native.a(tcpip.o)
                                        0x280 (size before relaxing)
 .eh_frame      0x00000000080625f0       0x48 contiki-native.a(uip-debug.o)
                                         0x60 (size before relaxing)
 .eh_frame      0x0000000008062638       0xe0 contiki-native.a(uip-packetqueue)
                                         0xf8 (size before relaxing)
 .eh_frame      0x0000000008062718       0x40 contiki-native.a(uip-udp-packet.)
                                         0x58 (size before relaxing)
 .eh_frame      0x0000000008062758      0x140 contiki-native.a(rpl.o)
                                        0x158 (size before relaxing)
 .eh_frame      0x0000000008062898      0x67c contiki-native.a(rpl-dag.o)
                                        0x694 (size before relaxing)
 .eh_frame      0x0000000008062f14       0xec contiki-native.a(rpl-ext-header.)
                                        0x104 (size before relaxing)
 .eh_frame      0x0000000008063000      0x298 contiki-native.a(rpl-icmp6.o)
                                        0x2b0 (size before relaxing)
 .eh_frame      0x0000000008063298      0x100 contiki-native.a(rpl-mrhof.o)
                                        0x118 (size before relaxing)
 .eh_frame      0x0000000008063398      0x22c contiki-native.a(rpl-timers.o)
                                        0x244 (size before relaxing)
 .eh_frame      0x00000000080635c4       0x60 contiki-native.a(linkaddr.o)
                                         0x78 (size before relaxing)
 .eh_frame      0x0000000008063624      0x26c contiki-native.a(nbr-table.o)
                                        0x284 (size before relaxing)
 .eh_frame      0x0000000008063890       0x20 contiki-native.a(netstack.o)
                                         0x38 (size before relaxing)
 .eh_frame      0x00000000080638b0      0x294 contiki-native.a(packetbuf.o)
                                        0x2ac (size before relaxing)
 .eh_frame      0x0000000008063b44      0x1a0 contiki-native.a(queuebuf.o)
                                        0x1b8 (size before relaxing)
 .eh_frame      0x0000000008063ce4      0x26c contiki-native.a(csma.o)
                                        0x284 (size before relaxing)
 .eh_frame      0x0000000008063f50       0x88 contiki-native.a(framer-802154.o)
                                         0xa0 (size before relaxing)
 .eh_frame      0x0000000008063fd8       0x20 contiki-native.a(mac.o)
                                         0x38 (size before relaxing)
 .eh_frame      0x0000000008063ff8      0x108 contiki-native.a(nullrdc.o)
                                        0x120 (size before relaxing)
 .eh_frame      0x0000000008064100       0x60 contiki-native.a(nullsec.o)
                                         0x78 (size before relaxing)
 .eh_frame      0x0000000008064160       0x84 contiki-native.a(clock.o)
                                         0x9c (size before relaxing)
 .eh_frame      0x00000000080641e4       0x60 contiki-native.a(rtimer-arch.o)
                                         0x78 (size before relaxing)
 .eh_frame      0x0000000008064244       0x9c contiki-native.a(watchdog.o)
                                         0xb4 (size before relaxing)
 .eh_frame      0x00000000080642e0       0xc4 contiki-native.a(stimer.o)
                                         0xdc (size before relaxing)
 .eh_frame      0x00000000080643a4      0x1c0 contiki-native.a(nullradio.o)
                                        0x1d8 (size before relaxing)
 .eh_frame      0x0000000008064564       0xa0 contiki-native.a(memb.o)
                                         0xb8 (size before relaxing)
 .eh_frame      0x0000000008064604       0x40 contiki-native.a(random.o)
                                         0x58 (size before relaxing)
 .eh_frame      0x0000000008064644       0xc0 contiki-native.a(rpl-nbr-policy.)
                                         0xd8 (size before relaxing)
 .eh_frame      0x0000000008064704      0x164 contiki-native.a(frame802154.o)
                                        0x17c (size before relaxing)
 .eh_frame      0x0000000008064868       0x50 /usr/lib/i386-linux-gnu/libc_nonshared.a(elf-init.oS)
                                         0x7c (size before relaxing)
 .eh_frame      0x00000000080648b8        0x4 /usr/lib/gcc/i686-linux-gnu/4.8/crtend.o

.gcc_except_table
 *(.gcc_except_table .gcc_except_table.*)

.exception_ranges
 *(.exception_ranges .exception_ranges*)
                0x00000000080648bc                . = (ALIGN (0x1000) - ((0x1000 - .) & 0xfff))
                0x0000000008065f00                . = DATA_SEGMENT_ALIGN (0x1000, 0x1000)

.eh_frame
 *(.eh_frame)

.gcc_except_table
 *(.gcc_except_table .gcc_except_table.*)

.exception_ranges
 *(.exception_ranges .exception_ranges*)

.tdata
 *(.tdata .tdata.* .gnu.linkonce.td.*)

.tbss
 *(.tbss .tbss.* .gnu.linkonce.tb.*)
 *(.tcommon)

.preinit_array  0x0000000008065f00        0x0
                0x0000000008065f00                PROVIDE (__preinit_array_start, .)
 *(.preinit_array)
                0x0000000008065f00                PROVIDE (__preinit_array_end, .)

.init_array     0x0000000008065f00        0x4
                0x0000000008065f00                PROVIDE (__init_array_start, .)
 *(SORT(.init_array.*) SORT(.ctors.*))
 *(.init_array EXCLUDE_FILE(*crtend?.o *crtend.o *crtbegin?.o *crtbegin.o) .ctors)
 .init_array    0x0000000008065f00        0x4 /usr/lib/gcc/i686-linux-gnu/4.8/crtbegin.o
                0x0000000008065f04                PROVIDE (__init_array_end, .)

.fini_array     0x0000000008065f04        0x4
                0x0000000008065f04                PROVIDE (__fini_array_start, .)
 *(SORT(.fini_array.*) SORT(.dtors.*))
 *(.fini_array EXCLUDE_FILE(*crtend?.o *crtend.o *crtbegin?.o *crtbegin.o) .dtors)
 .fini_array    0x0000000008065f04        0x4 /usr/lib/gcc/i686-linux-gnu/4.8/crtbegin.o
                0x0000000008065f08                PROVIDE (__fini_array_end, .)

.ctors
 *crtbegin.o(.ctors)
 *crtbegin?.o(.ctors)
 *(EXCLUDE_FILE(*crtend?.o *crtend.o) .ctors)
 *(SORT(.ctors.*))
 *(.ctors)

.dtors
 *crtbegin.o(.dtors)
 *crtbegin?.o(.dtors)
 *(EXCLUDE_FILE(*crtend?.o *crtend.o) .dtors)
 *(SORT(.dtors.*))
 *(.dtors)

.jcr            0x0000000008065f08        0x4
 *(.jcr)
 .jcr           0x0000000008065f08        0x0 /usr/lib/gcc/i686-linux-gnu/4.8/crtbegin.o
 .jcr           0x0000000008065f08        0x4 /usr/lib/gcc/i686-linux-gnu/4.8/crtend.o

.data.rel.ro
 *(.data.rel.ro.local* .gnu.linkonce.d.rel.ro.local.*)
 *(.data.rel.ro .data.rel.ro.* .gnu.linkonce.d.rel.ro.*)

.dynamic        0x0000000008065f0c       0xf0
 *(.dynamic)
 .dynamic       0x0000000008065f0c       0xf0 /usr/lib/gcc/i686-linux-gnu/4.8/../../../i386-linux-gnu/crt1.o
                0x0000000008065f0c                _DYNAMIC

.got            0x0000000008065ffc        0x4
 *(.got)
 .got           0x0000000008065ffc        0x4 /usr/lib/gcc/i686-linux-gnu/4.8/../../../i386-linux-gnu/crt1.o
 *(.igot)
                0x0000000008066ff4                . = DATA_SEGMENT_RELRO_END (., (SIZEOF (.got.plt) >= 0xc)?0xc:0x0)

.got.plt        0x0000000008066000       0x74
 *(.got.plt)
 .got.plt       0x0000000008066000       0x74 /usr/lib/gcc/i686-linux-gnu/4.8/../../../i386-linux-gnu/crt1.o
                0x0000000008066000                _GLOBAL_OFFSET_TABLE_
 *(.igot.plt)
 .igot.plt      0x0000000000000000        0x0 /usr/lib/gcc/i686-linux-gnu/4.8/../../../i386-linux-gnu/crt1.o

.data           0x0000000008066080      0x1f6
 *(.data .data.* .gnu.linkonce.d.*)
 .data          0x0000000008066080        0x4 /usr/lib/gcc/i686-linux-gnu/4.8/../../../i386-linux-gnu/crt1.o
                0x0000000008066080                data_start
                0x0000000008066080                __data_start
 .data          0x0000000008066084        0x0 /usr/lib/gcc/i686-linux-gnu/4.8/../../../i386-linux-gnu/crti.o
 .data          0x0000000008066084        0x4 /usr/lib/gcc/i686-linux-gnu/4.8/crtbegin.o
                0x0000000008066084                __dso_handle
 .data          0x0000000008066088        0x0 6lbr-demo.co
 .data          0x0000000008066088       0x18 obj_native/udp-client.o
                0x0000000008066088                user_dest_port
                0x000000000806608c                udp_interval
                0x0000000008066090                udp_client_process
 .data          0x00000000080660a0       0x10 obj_native/6lbr-demo-main.o
                0x00000000080660a0                demo_6lbr_process
 .data          0x00000000080660b0       0x18 contiki-native.a(contiki-main.o)
                0x00000000080660b0                sensors
 .data          0x00000000080660c8        0x0 contiki-native.a(button-sensor.o)
 .data          0x00000000080660c8        0x0 contiki-native.a(pir-sensor.o)
 .data          0x00000000080660c8        0x0 contiki-native.a(vib-sensor.o)
 .data          0x00000000080660c8       0x10 contiki-native.a(sensors.o)
                0x00000000080660c8                sensors_process
 .data          0x00000000080660d8        0x0 contiki-native.a(autostart.o)
 .data          0x00000000080660d8       0x14 contiki-native.a(ctimer.o)
                0x00000000080660dc                ctimer_process
 .data          0x00000000080660ec       0x10 contiki-native.a(etimer.o)
                0x00000000080660ec                etimer_process
 .data          0x00000000080660fc        0x0 contiki-native.a(process.o)
 .data          0x00000000080660fc        0x0 contiki-native.a(rtimer.o)
 .data          0x00000000080660fc        0x0 contiki-native.a(timer.o)
 .data          0x00000000080660fc       0x10 contiki-native.a(serial-line.o)
                0x00000000080660fc                serial_line_process
 .data          0x000000000806610c        0x0 contiki-native.a(list.o)
 .data          0x000000000806610c        0x0 contiki-native.a(ringbuf.o)
 .data          0x000000000806610c        0x0 contiki-native.a(sicslowpan.o)
 .data          0x000000000806610c        0x0 contiki-native.a(uip6.o)
 .data          0x000000000806610c        0x0 contiki-native.a(uip-ds6.o)
 .data          0x000000000806610c       0x14 contiki-native.a(uip-ds6-nbr.o)
                0x000000000806611c                ds6_neighbors
 .data          0x0000000008066120       0x44 contiki-native.a(uip-ds6-route.o)
                0x0000000008066130                nbr_routes
 .data          0x0000000008066164       0x20 contiki-native.a(uip-icmp6.o)
 .data          0x0000000008066184       0x18 contiki-native.a(uip-nd6.o)
 .data          0x000000000806619c       0x10 contiki-native.a(tcpip.o)
                0x000000000806619c                tcpip_process
 .data          0x00000000080661ac        0x0 contiki-native.a(uip-debug.o)
 .data          0x00000000080661ac        0xc contiki-native.a(uip-packetqueue)
 .data          0x00000000080661b8        0x0 contiki-native.a(uip-udp-packet.)
 .data          0x00000000080661b8        0x0 contiki-native.a(rpl.o)
 .data          0x00000000080661b8       0x14 contiki-native.a(rpl-dag.o)
                0x00000000080661c8                rpl_parents
 .data          0x00000000080661cc        0x0 contiki-native.a(rpl-ext-header.)
 .data          0x00000000080661cc       0x34 contiki-native.a(rpl-icmp6.o)
 .data          0x0000000008066200       0x20 contiki-native.a(rpl-mrhof.o)
                0x0000000008066200                rpl_mrhof
 .data          0x0000000008066220        0x0 contiki-native.a(rpl-timers.o)
 .data          0x0000000008066220        0x0 contiki-native.a(linkaddr.o)
 .data          0x0000000008066220       0x10 contiki-native.a(nbr-table.o)
 .data          0x0000000008066230        0x0 contiki-native.a(netstack.o)
 .data          0x0000000008066230        0x4 contiki-native.a(packetbuf.o)
 .data          0x0000000008066234       0x18 contiki-native.a(queuebuf.o)
 .data          0x000000000806624c       0x28 contiki-native.a(csma.o)
 .data          0x0000000008066274        0x0 contiki-native.a(framer-802154.o)
 .data          0x0000000008066274        0x0 contiki-native.a(mac.o)
 .data          0x0000000008066274        0x0 contiki-native.a(nullrdc.o)
 .data          0x0000000008066274        0x0 contiki-native.a(nullsec.o)
 .data          0x0000000008066274        0x0 contiki-native.a(clock.o)
 .data          0x0000000008066274        0x0 contiki-native.a(rtimer-arch.o)
 .data          0x0000000008066274        0x0 contiki-native.a(watchdog.o)
 .data          0x0000000008066274        0x0 contiki-native.a(stimer.o)
 .data          0x0000000008066274        0x0 contiki-native.a(nullradio.o)
 .data          0x0000000008066274        0x0 contiki-native.a(memb.o)
 .data          0x0000000008066274        0x0 contiki-native.a(random.o)
 .data          0x0000000008066274        0x0 contiki-native.a(rpl-nbr-policy.)
 .data          0x0000000008066274        0x2 contiki-native.a(frame802154.o)
 .data          0x0000000008066276        0x0 /usr/lib/i386-linux-gnu/libc_nonshared.a(elf-init.oS)
 .data          0x0000000008066276        0x0 /usr/lib/gcc/i686-linux-gnu/4.8/crtend.o
 .data          0x0000000008066276        0x0 /usr/lib/gcc/i686-linux-gnu/4.8/../../../i386-linux-gnu/crtn.o

.tm_clone_table
                0x0000000008066278        0x0
 .tm_clone_table
                0x0000000008066278        0x0 /usr/lib/gcc/i686-linux-gnu/4.8/crtbegin.o
 .tm_clone_table
                0x0000000008066278        0x0 /usr/lib/gcc/i686-linux-gnu/4.8/crtend.o

.data1
 *(.data1)
                0x0000000008066278                _edata = .
                0x0000000008066278                PROVIDE (edata, .)
                0x0000000008066278                . = .
                0x0000000008066278                __bss_start = .

.bss            0x0000000008066280     0x2e50
 *(.dynbss)
 .dynbss        0x0000000008066280       0x24 /usr/lib/gcc/i686-linux-gnu/4.8/../../../i386-linux-gnu/crt1.o
                0x0000000008066280                stderr@@GLIBC_2.0
                0x00000000080662a0                stdout@@GLIBC_2.0
 *(.bss .bss.* .gnu.linkonce.b.*)
 .bss           0x00000000080662a4        0x0 /usr/lib/gcc/i686-linux-gnu/4.8/../../../i386-linux-gnu/crt1.o
 .bss           0x00000000080662a4        0x0 /usr/lib/gcc/i686-linux-gnu/4.8/../../../i386-linux-gnu/crti.o
 .bss           0x00000000080662a4        0x1 /usr/lib/gcc/i686-linux-gnu/4.8/crtbegin.o
 .bss           0x00000000080662a5        0x0 6lbr-demo.co
 *fill*         0x00000000080662a5        0x3 
 .bss           0x00000000080662a8       0x20 obj_native/udp-client.o
                0x00000000080662a8                use_user_dest_addr
                0x00000000080662a9                udp_client_run
 .bss           0x00000000080662c8        0x0 obj_native/6lbr-demo-main.o
 *fill*         0x00000000080662c8       0x18 
 .bss           0x00000000080662e0       0x44 contiki-native.a(contiki-main.o)
                0x00000000080662e0                contiki_argc
 .bss           0x0000000008066324        0x0 contiki-native.a(button-sensor.o)
 .bss           0x0000000008066324        0x4 contiki-native.a(pir-sensor.o)
 .bss           0x0000000008066328        0x4 contiki-native.a(vib-sensor.o)
 .bss           0x000000000806632c        0xc contiki-native.a(sensors.o)
 .bss           0x0000000008066338        0x0 contiki-native.a(autostart.o)
 .bss           0x0000000008066338        0x5 contiki-native.a(ctimer.o)
 *fill*         0x000000000806633d        0x3 
 .bss           0x0000000008066340        0x8 contiki-native.a(etimer.o)
 *fill*         0x0000000008066348       0x18 
 .bss           0x0000000008066360      0x1b1 contiki-native.a(process.o)
                0x0000000008066360                process_list
                0x0000000008066364                process_current
 *fill*         0x0000000008066511        0x3 
 .bss           0x0000000008066514        0x4 contiki-native.a(rtimer.o)
 .bss           0x0000000008066518        0x0 contiki-native.a(timer.o)
 *fill*         0x0000000008066518        0x8 
 .bss           0x0000000008066520      0x140 contiki-native.a(serial-line.o)
 .bss           0x0000000008066660        0x0 contiki-native.a(list.o)
 .bss           0x0000000008066660        0x0 contiki-native.a(ringbuf.o)
 .bss           0x0000000008066660      0x6f8 contiki-native.a(sicslowpan.o)
 .bss           0x0000000008066d58        0x6 contiki-native.a(uip6.o)
                0x0000000008066d58                uip_ext_bitmap
                0x0000000008066d59                uip_ext_len
                0x0000000008066d5a                uip_ext_opt_offset
 *fill*         0x0000000008066d5e        0x2 
 .bss           0x0000000008066d60       0x20 contiki-native.a(uip-ds6.o)
 .bss           0x0000000008066d80      0x528 contiki-native.a(uip-ds6-nbr.o)
 *fill*         0x00000000080672a8       0x18 
 .bss           0x00000000080672c0      0x628 contiki-native.a(uip-ds6-route.o)
 .bss           0x00000000080678e8       0x18 contiki-native.a(uip-icmp6.o)
 .bss           0x0000000008067900       0x14 contiki-native.a(uip-nd6.o)
 .bss           0x0000000008067914       0x18 contiki-native.a(tcpip.o)
 .bss           0x000000000806792c        0x0 contiki-native.a(uip-debug.o)
 *fill*         0x000000000806792c       0x14 
 .bss           0x0000000008067940      0x528 contiki-native.a(uip-packetqueue)
 .bss           0x0000000008067e68        0x0 contiki-native.a(uip-udp-packet.)
 .bss           0x0000000008067e68        0x4 contiki-native.a(rpl.o)
 *fill*         0x0000000008067e6c       0x14 
 .bss           0x0000000008067e80      0x1e0 contiki-native.a(rpl-dag.o)
 .bss           0x0000000008068060        0x0 contiki-native.a(rpl-ext-header.)
 .bss           0x0000000008068060        0x0 contiki-native.a(rpl-icmp6.o)
 .bss           0x0000000008068060        0x0 contiki-native.a(rpl-mrhof.o)
 .bss           0x0000000008068060       0x23 contiki-native.a(rpl-timers.o)
 .bss           0x0000000008068083        0x0 contiki-native.a(linkaddr.o)
 *fill*         0x0000000008068083       0x1d 
 .bss           0x00000000080680a0      0x20c contiki-native.a(nbr-table.o)
 .bss           0x00000000080682ac        0x0 contiki-native.a(netstack.o)
 *fill*         0x00000000080682ac       0x14 
 .bss           0x00000000080682c0       0xa0 contiki-native.a(packetbuf.o)
 .bss           0x0000000008068360      0x3b0 contiki-native.a(queuebuf.o)
 *fill*         0x0000000008068710       0x10 
 .bss           0x0000000008068720      0x144 contiki-native.a(csma.o)
 .bss           0x0000000008068864        0x2 contiki-native.a(framer-802154.o)
 .bss           0x0000000008068866        0x0 contiki-native.a(mac.o)
 .bss           0x0000000008068866        0x0 contiki-native.a(nullrdc.o)
 .bss           0x0000000008068866        0x0 contiki-native.a(nullsec.o)
 .bss           0x0000000008068866        0x0 contiki-native.a(clock.o)
 .bss           0x0000000008068866        0x0 contiki-native.a(rtimer-arch.o)
 .bss           0x0000000008068866        0x0 contiki-native.a(watchdog.o)
 .bss           0x0000000008068866        0x0 contiki-native.a(stimer.o)
 .bss           0x0000000008068866        0x0 contiki-native.a(nullradio.o)
 .bss           0x0000000008068866        0x0 contiki-native.a(memb.o)
 .bss           0x0000000008068866        0x0 contiki-native.a(random.o)
 *fill*         0x0000000008068866       0x1a 
 .bss           0x0000000008068880       0x44 contiki-native.a(rpl-nbr-policy.)
 .bss           0x00000000080688c4        0x0 contiki-native.a(frame802154.o)
 .bss           0x00000000080688c4        0x0 /usr/lib/i386-linux-gnu/libc_nonshared.a(elf-init.oS)
 .bss           0x00000000080688c4        0x0 /usr/lib/gcc/i686-linux-gnu/4.8/crtend.o
 .bss           0x00000000080688c4        0x0 /usr/lib/gcc/i686-linux-gnu/4.8/../../../i386-linux-gnu/crtn.o
 *(COMMON)
 COMMON         0x00000000080688c4       0x20 obj_native/udp-client.o
                0x00000000080688c4                user_dest_addr
                0x00000000080688d4                dest_addr
 COMMON         0x00000000080688e4        0x8 contiki-native.a(contiki-main.o)
                0x00000000080688e4                contiki_argv
                0x00000000080688e8                sensors_flags
 COMMON         0x00000000080688ec        0x1 contiki-native.a(sensors.o)
                0x00000000080688ec                sensors_event
 COMMON         0x00000000080688ed        0x1 contiki-native.a(serial-line.o)
                0x00000000080688ed                serial_line_event_message
 COMMON         0x00000000080688ee       0x14 contiki-native.a(sicslowpan.o)
                0x00000000080688ee                addr_contexts
 *fill*         0x0000000008068902       0x1e 
 COMMON         0x0000000008068920      0x40c contiki-native.a(uip6.o)
                0x0000000008068920                uip_slen
                0x0000000008068924                uip_icmp6_conns
                0x000000000806892c                uip_lladdr
                0x0000000008068934                uip_appdata
                0x0000000008068938                uip_flags
                0x0000000008068940                uip_aligned_buf
                0x0000000008068b98                uip_len
                0x0000000008068b9c                uip_sappdata
                0x0000000008068ba0                uip_udp_conns
                0x0000000008068d20                uip_udp_conn
                0x0000000008068d24                uip_next_hdr
                0x0000000008068d28                uip_conn
 *fill*         0x0000000008068d2c       0x14 
 COMMON         0x0000000008068d40      0x181 contiki-native.a(uip-ds6.o)
                0x0000000008068d40                uip_ds6_prefix_list
                0x0000000008068da0                uip_ds6_timer_periodic
                0x0000000008068db0                uip_ds6_netif_addr_list_offset
                0x0000000008068dc0                uip_ds6_if
                0x0000000008068eb8                uip_ds6_timer_ra
                0x0000000008068ec0                uip_ds6_addr_size
 COMMON         0x0000000008068ec1        0x2 contiki-native.a(tcpip.o)
                0x0000000008068ec1                tcpip_icmp6_event
                0x0000000008068ec2                tcpip_event
 *fill*         0x0000000008068ec3       0x1d 
 COMMON         0x0000000008068ee0      0x194 contiki-native.a(rpl-dag.o)
                0x0000000008068ee0                default_instance
                0x0000000008068f00                instance_table
 COMMON         0x0000000008069074        0x8 contiki-native.a(linkaddr.o)
                0x0000000008069074                linkaddr_node_addr
 COMMON         0x000000000806907c       0x2e contiki-native.a(packetbuf.o)
                0x000000000806907c                packetbuf_attrs
                0x000000000806909a                packetbuf_addrs
 *fill*         0x00000000080690aa        0x2 
 COMMON         0x00000000080690ac       0x24 contiki-native.a(csma.o)
                0x00000000080690ac                csma_dropped
                0x00000000080690b0                csma_sent_packets
                0x00000000080690b4                csma_received_packets
                0x00000000080690b8                csma_noack
                0x00000000080690bc                neighbor_overflow
                0x00000000080690c0                packet_overflow
                0x00000000080690c4                csma_retransmissions
                0x00000000080690c8                csma_collisions
                0x00000000080690cc                csma_deferred
                0x00000000080690d0                . = ALIGN ((. != 0x0)?0x4:0x1)
                0x00000000080690d0                . = ALIGN (0x4)
                0x00000000080690d0                . = SEGMENT_START ("ldata-segment", .)
                0x00000000080690d0                . = ALIGN (0x4)
                0x00000000080690d0                _end = .
                0x00000000080690d0                PROVIDE (end, .)
                0x00000000080690d0                . = DATA_SEGMENT_END (.)

.stab
 *(.stab)

.stabstr
 *(.stabstr)

.stab.excl
 *(.stab.excl)

.stab.exclstr
 *(.stab.exclstr)

.stab.index
 *(.stab.index)

.stab.indexstr
 *(.stab.indexstr)

.comment        0x0000000000000000       0x4d
 *(.comment)
 .comment       0x0000000000000000       0x29 /usr/lib/gcc/i686-linux-gnu/4.8/crtbegin.o
                                         0x2a (size before relaxing)
 .comment       0x0000000000000000       0x2a 6lbr-demo.co
 .comment       0x0000000000000000       0x2a obj_native/udp-client.o
 .comment       0x0000000000000000       0x2a obj_native/6lbr-demo-main.o
 .comment       0x0000000000000000       0x2a contiki-native.a(contiki-main.o)
 .comment       0x0000000000000000       0x2a contiki-native.a(button-sensor.o)
 .comment       0x0000000000000000       0x2a contiki-native.a(pir-sensor.o)
 .comment       0x0000000000000000       0x2a contiki-native.a(vib-sensor.o)
 .comment       0x0000000000000000       0x2a contiki-native.a(sensors.o)
 .comment       0x0000000000000000       0x2a contiki-native.a(autostart.o)
 .comment       0x0000000000000000       0x2a contiki-native.a(ctimer.o)
 .comment       0x0000000000000000       0x2a contiki-native.a(etimer.o)
 .comment       0x0000000000000000       0x2a contiki-native.a(process.o)
 .comment       0x0000000000000000       0x2a contiki-native.a(rtimer.o)
 .comment       0x0000000000000000       0x2a contiki-native.a(timer.o)
 .comment       0x0000000000000000       0x2a contiki-native.a(serial-line.o)
 .comment       0x0000000000000000       0x2a contiki-native.a(list.o)
 .comment       0x0000000000000000       0x2a contiki-native.a(ringbuf.o)
 .comment       0x0000000000000000       0x2a contiki-native.a(sicslowpan.o)
 .comment       0x0000000000000000       0x2a contiki-native.a(uip6.o)
 .comment       0x0000000000000000       0x2a contiki-native.a(uip-ds6.o)
 .comment       0x0000000000000000       0x2a contiki-native.a(uip-ds6-nbr.o)
 .comment       0x0000000000000000       0x2a contiki-native.a(uip-ds6-route.o)
 .comment       0x0000000000000000       0x2a contiki-native.a(uip-icmp6.o)
 .comment       0x0000000000000000       0x2a contiki-native.a(uip-nd6.o)
 .comment       0x0000000000000000       0x2a contiki-native.a(tcpip.o)
 .comment       0x0000000000000000       0x2a contiki-native.a(uip-debug.o)
 .comment       0x0000000000000000       0x2a contiki-native.a(uip-packetqueue)
 .comment       0x0000000000000000       0x2a contiki-native.a(uip-udp-packet.)
 .comment       0x0000000000000000       0x2a contiki-native.a(rpl.o)
 .comment       0x0000000000000000       0x2a contiki-native.a(rpl-dag.o)
 .comment       0x0000000000000000       0x2a contiki-native.a(rpl-ext-header.)
 .comment       0x0000000000000000       0x2a contiki-native.a(rpl-icmp6.o)
 .comment       0x0000000000000000       0x2a contiki-native.a(rpl-mrhof.o)
 .comment       0x0000000000000000       0x2a contiki-native.a(rpl-timers.o)
 .comment       0x0000000000000000       0x2a contiki-native.a(linkaddr.o)
 .comment       0x0000000000000000       0x2a contiki-native.a(nbr-table.o)
 .comment       0x0000000000000000       0x2a contiki-native.a(netstack.o)
 .comment       0x0000000000000000       0x2a contiki-native.a(packetbuf.o)
 .comment       0x0000000000000000       0x2a contiki-native.a(queuebuf.o)
 .comment       0x0000000000000000       0x2a contiki-native.a(csma.o)
 .comment       0x0000000000000000       0x2a contiki-native.a(framer-802154.o)
 .comment       0x0000000000000000       0x2a contiki-native.a(mac.o)
 .comment       0x0000000000000000       0x2a contiki-native.a(nullrdc.o)
 .comment       0x0000000000000000       0x2a contiki-native.a(nullsec.o)
 .comment       0x0000000000000000       0x2a contiki-native.a(clock.o)
 .comment       0x0000000000000000       0x2a contiki-native.a(rtimer-arch.o)
 .comment       0x0000000000000000       0x2a contiki-native.a(watchdog.o)
 .comment       0x0000000000000000       0x2a contiki-native.a(stimer.o)
 .comment       0x0000000000000000       0x2a contiki-native.a(nullradio.o)
 .comment       0x0000000000000000       0x2a contiki-native.a(memb.o)
 .comment       0x0000000000000000       0x2a contiki-native.a(random.o)
 .comment       0x0000000000000000       0x2a contiki-native.a(rpl-nbr-policy.)
 .comment       0x0000000000000000       0x2a contiki-native.a(frame802154.o)
 .comment       0x0000000000000029       0x24 /usr/lib/i386-linux-gnu/libc_nonshared.a(elf-init.oS)
                                         0x25 (size before relaxing)
 .comment       0x0000000000000000       0x2a /usr/lib/gcc/i686-linux-gnu/4.8/crtend.o

.debug
 *(.debug)

.line
 *(.line)

.debug_srcinfo
 *(.debug_srcinfo)

.debug_sfnames
 *(.debug_sfnames)

.debug_aranges  0x0000000000000000      0x698
 *(.debug_aranges)
 .debug_aranges
                0x0000000000000000       0x18 6lbr-demo.co
 .debug_aranges
                0x0000000000000018       0x20 obj_native/udp-client.o
 .debug_aranges
                0x0000000000000038       0x20 obj_native/6lbr-demo-main.o
 .debug_aranges
                0x0000000000000058       0x20 contiki-native.a(contiki-main.o)
 .debug_aranges
                0x0000000000000078       0x20 contiki-native.a(button-sensor.o)
 .debug_aranges
                0x0000000000000098       0x20 contiki-native.a(pir-sensor.o)
 .debug_aranges
                0x00000000000000b8       0x20 contiki-native.a(vib-sensor.o)
 .debug_aranges
                0x00000000000000d8       0x20 contiki-native.a(sensors.o)
 .debug_aranges
                0x00000000000000f8       0x20 contiki-native.a(autostart.o)
 .debug_aranges
                0x0000000000000118       0x20 contiki-native.a(ctimer.o)
 .debug_aranges
                0x0000000000000138       0x20 contiki-native.a(etimer.o)
 .debug_aranges
                0x0000000000000158       0x20 contiki-native.a(process.o)
 .debug_aranges
                0x0000000000000178       0x20 contiki-native.a(rtimer.o)
 .debug_aranges
                0x0000000000000198       0x20 contiki-native.a(timer.o)
 .debug_aranges
                0x00000000000001b8       0x20 contiki-native.a(serial-line.o)
 .debug_aranges
                0x00000000000001d8       0x20 contiki-native.a(list.o)
 .debug_aranges
                0x00000000000001f8       0x20 contiki-native.a(ringbuf.o)
 .debug_aranges
                0x0000000000000218       0x20 contiki-native.a(sicslowpan.o)
 .debug_aranges
                0x0000000000000238       0x20 contiki-native.a(uip6.o)
 .debug_aranges
                0x0000000000000258       0x20 contiki-native.a(uip-ds6.o)
 .debug_aranges
                0x0000000000000278       0x20 contiki-native.a(uip-ds6-nbr.o)
 .debug_aranges
                0x0000000000000298       0x20 contiki-native.a(uip-ds6-route.o)
 .debug_aranges
                0x00000000000002b8       0x20 contiki-native.a(uip-icmp6.o)
 .debug_aranges
                0x00000000000002d8       0x20 contiki-native.a(uip-nd6.o)
 .debug_aranges
                0x00000000000002f8       0x20 contiki-native.a(tcpip.o)
 .debug_aranges
                0x0000000000000318       0x20 contiki-native.a(uip-debug.o)
 .debug_aranges
                0x0000000000000338       0x20 contiki-native.a(uip-packetqueue)
 .debug_aranges
                0x0000000000000358       0x20 contiki-native.a(uip-udp-packet.)
 .debug_aranges
                0x0000000000000378       0x20 contiki-native.a(rpl.o)
 .debug_aranges
                0x0000000000000398       0x20 contiki-native.a(rpl-dag.o)
 .debug_aranges
                0x00000000000003b8       0x20 contiki-native.a(rpl-ext-header.)
 .debug_aranges
                0x00000000000003d8       0x20 contiki-native.a(rpl-icmp6.o)
 .debug_aranges
                0x00000000000003f8       0x20 contiki-native.a(rpl-mrhof.o)
 .debug_aranges
                0x0000000000000418       0x20 contiki-native.a(rpl-timers.o)
 .debug_aranges
                0x0000000000000438       0x20 contiki-native.a(linkaddr.o)
 .debug_aranges
                0x0000000000000458       0x20 contiki-native.a(nbr-table.o)
 .debug_aranges
                0x0000000000000478       0x20 contiki-native.a(netstack.o)
 .debug_aranges
                0x0000000000000498       0x20 contiki-native.a(packetbuf.o)
 .debug_aranges
                0x00000000000004b8       0x20 contiki-native.a(queuebuf.o)
 .debug_aranges
                0x00000000000004d8       0x20 contiki-native.a(csma.o)
 .debug_aranges
                0x00000000000004f8       0x20 contiki-native.a(framer-802154.o)
 .debug_aranges
                0x0000000000000518       0x20 contiki-native.a(mac.o)
 .debug_aranges
                0x0000000000000538       0x20 contiki-native.a(nullrdc.o)
 .debug_aranges
                0x0000000000000558       0x20 contiki-native.a(nullsec.o)
 .debug_aranges
                0x0000000000000578       0x20 contiki-native.a(clock.o)
 .debug_aranges
                0x0000000000000598       0x20 contiki-native.a(rtimer-arch.o)
 .debug_aranges
                0x00000000000005b8       0x20 contiki-native.a(watchdog.o)
 .debug_aranges
                0x00000000000005d8       0x20 contiki-native.a(stimer.o)
 .debug_aranges
                0x00000000000005f8       0x20 contiki-native.a(nullradio.o)
 .debug_aranges
                0x0000000000000618       0x20 contiki-native.a(memb.o)
 .debug_aranges
                0x0000000000000638       0x20 contiki-native.a(random.o)
 .debug_aranges
                0x0000000000000658       0x20 contiki-native.a(rpl-nbr-policy.)
 .debug_aranges
                0x0000000000000678       0x20 contiki-native.a(frame802154.o)

.debug_pubnames
 *(.debug_pubnames)

.debug_info     0x0000000000000000    0x166dc
 *(.debug_info .gnu.linkonce.wi.*)
 .debug_info    0x0000000000000000      0x16e 6lbr-demo.co
 .debug_info    0x000000000000016e      0xb61 obj_native/udp-client.o
 .debug_info    0x0000000000000ccf      0x1cd obj_native/6lbr-demo-main.o
 .debug_info    0x0000000000000e9c      0xbd1 contiki-native.a(contiki-main.o)
 .debug_info    0x0000000000001a6d      0x199 contiki-native.a(button-sensor.o)
 .debug_info    0x0000000000001c06      0x1bb contiki-native.a(pir-sensor.o)
 .debug_info    0x0000000000001dc1      0x1a8 contiki-native.a(vib-sensor.o)
 .debug_info    0x0000000000001f69      0x36d contiki-native.a(sensors.o)
 .debug_info    0x00000000000022d6      0x1ac contiki-native.a(autostart.o)
 .debug_info    0x0000000000002482      0x473 contiki-native.a(ctimer.o)
 .debug_info    0x00000000000028f5      0x4a3 contiki-native.a(etimer.o)
 .debug_info    0x0000000000002d98      0x4ba contiki-native.a(process.o)
 .debug_info    0x0000000000003252      0x1b2 contiki-native.a(rtimer.o)
 .debug_info    0x0000000000003404      0x17a contiki-native.a(timer.o)
 .debug_info    0x000000000000357e      0x2de contiki-native.a(serial-line.o)
 .debug_info    0x000000000000385c      0x2ed contiki-native.a(list.o)
 .debug_info    0x0000000000003b49      0x1b8 contiki-native.a(ringbuf.o)
 .debug_info    0x0000000000003d01      0xf2b contiki-native.a(sicslowpan.o)
 .debug_info    0x0000000000004c2c      0xc14 contiki-native.a(uip6.o)
 .debug_info    0x0000000000005840      0xa86 contiki-native.a(uip-ds6.o)
 .debug_info    0x00000000000062c6      0xa85 contiki-native.a(uip-ds6-nbr.o)
 .debug_info    0x0000000000006d4b     0x123d contiki-native.a(uip-ds6-route.o)
 .debug_info    0x0000000000007f88      0x784 contiki-native.a(uip-icmp6.o)
 .debug_info    0x000000000000870c      0xa64 contiki-native.a(uip-nd6.o)
 .debug_info    0x0000000000009170     0x131c contiki-native.a(tcpip.o)
 .debug_info    0x000000000000a48c      0x1b1 contiki-native.a(uip-debug.o)
 .debug_info    0x000000000000a63d      0x470 contiki-native.a(uip-packetqueue)
 .debug_info    0x000000000000aaad      0x379 contiki-native.a(uip-udp-packet.)
 .debug_info    0x000000000000ae26      0xd3d contiki-native.a(rpl.o)
 .debug_info    0x000000000000bb63     0x199f contiki-native.a(rpl-dag.o)
 .debug_info    0x000000000000d502      0xd97 contiki-native.a(rpl-ext-header.)
 .debug_info    0x000000000000e299     0x16fe contiki-native.a(rpl-icmp6.o)
 .debug_info    0x000000000000f997      0xb4d contiki-native.a(rpl-mrhof.o)
 .debug_info    0x00000000000104e4      0xc49 contiki-native.a(rpl-timers.o)
 .debug_info    0x000000000001112d      0x165 contiki-native.a(linkaddr.o)
 .debug_info    0x0000000000011292      0x8d7 contiki-native.a(nbr-table.o)
 .debug_info    0x0000000000011b69      0x4b9 contiki-native.a(netstack.o)
 .debug_info    0x0000000000012022      0x53f contiki-native.a(packetbuf.o)
 .debug_info    0x0000000000012561      0x54f contiki-native.a(queuebuf.o)
 .debug_info    0x0000000000012ab0      0xbd0 contiki-native.a(csma.o)
 .debug_info    0x0000000000013680      0x4b7 contiki-native.a(framer-802154.o)
 .debug_info    0x0000000000013b37      0x119 contiki-native.a(mac.o)
 .debug_info    0x0000000000013c50      0x6e0 contiki-native.a(nullrdc.o)
 .debug_info    0x0000000000014330      0x2d0 contiki-native.a(nullsec.o)
 .debug_info    0x0000000000014600      0x13d contiki-native.a(clock.o)
 .debug_info    0x000000000001473d      0x171 contiki-native.a(rtimer-arch.o)
 .debug_info    0x00000000000148ae       0xcf contiki-native.a(watchdog.o)
 .debug_info    0x000000000001497d      0x187 contiki-native.a(stimer.o)
 .debug_info    0x0000000000014b04      0x492 contiki-native.a(nullradio.o)
 .debug_info    0x0000000000014f96      0x1d7 contiki-native.a(memb.o)
 .debug_info    0x000000000001516d       0xb3 contiki-native.a(random.o)
 .debug_info    0x0000000000015220      0xe08 contiki-native.a(rpl-nbr-policy.)
 .debug_info    0x0000000000016028      0x6b4 contiki-native.a(frame802154.o)

.debug_abbrev   0x0000000000000000     0x5955
 *(.debug_abbrev)
 .debug_abbrev  0x0000000000000000       0xdb 6lbr-demo.co
 .debug_abbrev  0x00000000000000db      0x1eb obj_native/udp-client.o
 .debug_abbrev  0x00000000000002c6      0x135 obj_native/6lbr-demo-main.o
 .debug_abbrev  0x00000000000003fb      0x277 contiki-native.a(contiki-main.o)
 .debug_abbrev  0x0000000000000672       0xbc contiki-native.a(button-sensor.o)
 .debug_abbrev  0x000000000000072e       0xdc contiki-native.a(pir-sensor.o)
 .debug_abbrev  0x000000000000080a       0xda contiki-native.a(vib-sensor.o)
 .debug_abbrev  0x00000000000008e4      0x1c2 contiki-native.a(sensors.o)
 .debug_abbrev  0x0000000000000aa6       0xfb contiki-native.a(autostart.o)
 .debug_abbrev  0x0000000000000ba1      0x1a1 contiki-native.a(ctimer.o)
 .debug_abbrev  0x0000000000000d42      0x1f1 contiki-native.a(etimer.o)
 .debug_abbrev  0x0000000000000f33      0x244 contiki-native.a(process.o)
 .debug_abbrev  0x0000000000001177      0x124 contiki-native.a(rtimer.o)
 .debug_abbrev  0x000000000000129b       0xf5 contiki-native.a(timer.o)
 .debug_abbrev  0x0000000000001390      0x190 contiki-native.a(serial-line.o)
 .debug_abbrev  0x0000000000001520      0x145 contiki-native.a(list.o)
 .debug_abbrev  0x0000000000001665       0xdb contiki-native.a(ringbuf.o)
 .debug_abbrev  0x0000000000001740      0x28b contiki-native.a(sicslowpan.o)
 .debug_abbrev  0x00000000000019cb      0x29d contiki-native.a(uip6.o)
 .debug_abbrev  0x0000000000001c68      0x23a contiki-native.a(uip-ds6.o)
 .debug_abbrev  0x0000000000001ea2      0x287 contiki-native.a(uip-ds6-nbr.o)
 .debug_abbrev  0x0000000000002129      0x324 contiki-native.a(uip-ds6-route.o)
 .debug_abbrev  0x000000000000244d      0x234 contiki-native.a(uip-icmp6.o)
 .debug_abbrev  0x0000000000002681      0x262 contiki-native.a(uip-nd6.o)
 .debug_abbrev  0x00000000000028e3      0x35f contiki-native.a(tcpip.o)
 .debug_abbrev  0x0000000000002c42       0xe3 contiki-native.a(uip-debug.o)
 .debug_abbrev  0x0000000000002d25      0x1d4 contiki-native.a(uip-packetqueue)
 .debug_abbrev  0x0000000000002ef9      0x195 contiki-native.a(uip-udp-packet.)
 .debug_abbrev  0x000000000000308e      0x26b contiki-native.a(rpl.o)
 .debug_abbrev  0x00000000000032f9      0x396 contiki-native.a(rpl-dag.o)
 .debug_abbrev  0x000000000000368f      0x24b contiki-native.a(rpl-ext-header.)
 .debug_abbrev  0x00000000000038da      0x31a contiki-native.a(rpl-icmp6.o)
 .debug_abbrev  0x0000000000003bf4      0x22b contiki-native.a(rpl-mrhof.o)
 .debug_abbrev  0x0000000000003e1f      0x281 contiki-native.a(rpl-timers.o)
 .debug_abbrev  0x00000000000040a0       0xd8 contiki-native.a(linkaddr.o)
 .debug_abbrev  0x0000000000004178      0x1d7 contiki-native.a(nbr-table.o)
 .debug_abbrev  0x000000000000434f      0x111 contiki-native.a(netstack.o)
 .debug_abbrev  0x0000000000004460      0x1d8 contiki-native.a(packetbuf.o)
 .debug_abbrev  0x0000000000004638      0x1a4 contiki-native.a(queuebuf.o)
 .debug_abbrev  0x00000000000047dc      0x2a5 contiki-native.a(csma.o)
 .debug_abbrev  0x0000000000004a81      0x13e contiki-native.a(framer-802154.o)
 .debug_abbrev  0x0000000000004bbf       0xa3 contiki-native.a(mac.o)
 .debug_abbrev  0x0000000000004c62      0x243 contiki-native.a(nullrdc.o)
 .debug_abbrev  0x0000000000004ea5      0x139 contiki-native.a(nullsec.o)
 .debug_abbrev  0x0000000000004fde       0xbf contiki-native.a(clock.o)
 .debug_abbrev  0x000000000000509d       0xd3 contiki-native.a(rtimer-arch.o)
 .debug_abbrev  0x0000000000005170       0x5a contiki-native.a(watchdog.o)
 .debug_abbrev  0x00000000000051ca       0xd9 contiki-native.a(stimer.o)
 .debug_abbrev  0x00000000000052a3      0x153 contiki-native.a(nullradio.o)
 .debug_abbrev  0x00000000000053f6       0xe4 contiki-native.a(memb.o)
 .debug_abbrev  0x00000000000054da       0x6d contiki-native.a(random.o)
 .debug_abbrev  0x0000000000005547      0x22d contiki-native.a(rpl-nbr-policy.)
 .debug_abbrev  0x0000000000005774      0x1e1 contiki-native.a(frame802154.o)

.debug_line     0x0000000000000000     0x5f12
 *(.debug_line .debug_line.* .debug_line_end)
 .debug_line    0x0000000000000000       0x61 6lbr-demo.co
 .debug_line    0x0000000000000061      0x226 obj_native/udp-client.o
 .debug_line    0x0000000000000287       0x83 obj_native/6lbr-demo-main.o
 .debug_line    0x000000000000030a      0x3a9 contiki-native.a(contiki-main.o)
 .debug_line    0x00000000000006b3       0x80 contiki-native.a(button-sensor.o)
 .debug_line    0x0000000000000733       0x80 contiki-native.a(pir-sensor.o)
 .debug_line    0x00000000000007b3       0x80 contiki-native.a(vib-sensor.o)
 .debug_line    0x0000000000000833      0x11f contiki-native.a(sensors.o)
 .debug_line    0x0000000000000952       0xaa contiki-native.a(autostart.o)
 .debug_line    0x00000000000009fc      0x175 contiki-native.a(ctimer.o)
 .debug_line    0x0000000000000b71      0x189 contiki-native.a(etimer.o)
 .debug_line    0x0000000000000cfa      0x16b contiki-native.a(process.o)
 .debug_line    0x0000000000000e65       0x7f contiki-native.a(rtimer.o)
 .debug_line    0x0000000000000ee4       0xa8 contiki-native.a(timer.o)
 .debug_line    0x0000000000000f8c      0x10c contiki-native.a(serial-line.o)
 .debug_line    0x0000000000001098      0x105 contiki-native.a(list.o)
 .debug_line    0x000000000000119d       0xaa contiki-native.a(ringbuf.o)
 .debug_line    0x0000000000001247      0x6d7 contiki-native.a(sicslowpan.o)
 .debug_line    0x000000000000191e      0x3d3 contiki-native.a(uip6.o)
 .debug_line    0x0000000000001cf1      0x344 contiki-native.a(uip-ds6.o)
 .debug_line    0x0000000000002035      0x2ac contiki-native.a(uip-ds6-nbr.o)
 .debug_line    0x00000000000022e1      0x354 contiki-native.a(uip-ds6-route.o)
 .debug_line    0x0000000000002635      0x225 contiki-native.a(uip-icmp6.o)
 .debug_line    0x000000000000285a      0x342 contiki-native.a(uip-nd6.o)
 .debug_line    0x0000000000002b9c      0x2fe contiki-native.a(tcpip.o)
 .debug_line    0x0000000000002e9a       0xd4 contiki-native.a(uip-debug.o)
 .debug_line    0x0000000000002f6e      0x177 contiki-native.a(uip-packetqueue)
 .debug_line    0x00000000000030e5       0xe4 contiki-native.a(uip-udp-packet.)
 .debug_line    0x00000000000031c9      0x2d8 contiki-native.a(rpl.o)
 .debug_line    0x00000000000034a1      0x76d contiki-native.a(rpl-dag.o)
 .debug_line    0x0000000000003c0e      0x2db contiki-native.a(rpl-ext-header.)
 .debug_line    0x0000000000003ee9      0x5e8 contiki-native.a(rpl-icmp6.o)
 .debug_line    0x00000000000044d1      0x24b contiki-native.a(rpl-mrhof.o)
 .debug_line    0x000000000000471c      0x2a1 contiki-native.a(rpl-timers.o)
 .debug_line    0x00000000000049bd       0x74 contiki-native.a(linkaddr.o)
 .debug_line    0x0000000000004a31      0x231 contiki-native.a(nbr-table.o)
 .debug_line    0x0000000000004c62      0x107 contiki-native.a(netstack.o)
 .debug_line    0x0000000000004d69      0x136 contiki-native.a(packetbuf.o)
 .debug_line    0x0000000000004e9f      0x102 contiki-native.a(queuebuf.o)
 .debug_line    0x0000000000004fa1      0x2a1 contiki-native.a(csma.o)
 .debug_line    0x0000000000005242      0x13a contiki-native.a(framer-802154.o)
 .debug_line    0x000000000000537c       0x72 contiki-native.a(mac.o)
 .debug_line    0x00000000000053ee      0x15f contiki-native.a(nullrdc.o)
 .debug_line    0x000000000000554d       0xca contiki-native.a(nullsec.o)
 .debug_line    0x0000000000005617       0xb5 contiki-native.a(clock.o)
 .debug_line    0x00000000000056cc       0xe1 contiki-native.a(rtimer-arch.o)
 .debug_line    0x00000000000057ad       0x56 contiki-native.a(watchdog.o)
 .debug_line    0x0000000000005803       0x84 contiki-native.a(stimer.o)
 .debug_line    0x0000000000005887       0xc3 contiki-native.a(nullradio.o)
 .debug_line    0x000000000000594a       0xc3 contiki-native.a(memb.o)
 .debug_line    0x0000000000005a0d       0x4c contiki-native.a(random.o)
 .debug_line    0x0000000000005a59      0x245 contiki-native.a(rpl-nbr-policy.)
 .debug_line    0x0000000000005c9e      0x274 contiki-native.a(frame802154.o)

.debug_frame
 *(.debug_frame)

.debug_str      0x0000000000000000     0x4aac
 *(.debug_str)
 .debug_str     0x0000000000000000      0x117 6lbr-demo.co
                                        0x175 (size before relaxing)
 .debug_str     0x0000000000000117      0x4a8 obj_native/udp-client.o
                                        0x72b (size before relaxing)
 .debug_str     0x00000000000005bf       0x3d obj_native/6lbr-demo-main.o
                                        0x1c3 (size before relaxing)
 .debug_str     0x00000000000005fc      0x3be contiki-native.a(contiki-main.o)
                                        0x646 (size before relaxing)
 .debug_str     0x00000000000009ba       0x37 contiki-native.a(button-sensor.o)
                                        0x166 (size before relaxing)
 .debug_str     0x00000000000009f1       0x4d contiki-native.a(pir-sensor.o)
                                        0x179 (size before relaxing)
 .debug_str     0x0000000000000a3e       0x3a contiki-native.a(vib-sensor.o)
                                        0x166 (size before relaxing)
 .debug_str     0x0000000000000a78       0x9b contiki-native.a(sensors.o)
                                        0x25b (size before relaxing)
 .debug_str     0x0000000000000b13       0x3a contiki-native.a(autostart.o)
                                        0x187 (size before relaxing)
 .debug_str     0x0000000000000b4d       0xe8 contiki-native.a(ctimer.o)
                                        0x288 (size before relaxing)
 .debug_str     0x0000000000000c35      0x152 contiki-native.a(etimer.o)
                                        0x2fb (size before relaxing)
 .debug_str     0x0000000000000d87      0x156 contiki-native.a(process.o)
                                        0x2bd (size before relaxing)
 .debug_str     0x0000000000000edd       0xbc contiki-native.a(rtimer.o)
                                        0x1c9 (size before relaxing)
 .debug_str     0x0000000000000f99       0x17 contiki-native.a(timer.o)
                                        0x176 (size before relaxing)
 .debug_str     0x0000000000000fb0       0xab contiki-native.a(serial-line.o)
                                        0x246 (size before relaxing)
 .debug_str     0x000000000000105b       0x9e contiki-native.a(list.o)
                                        0x127 (size before relaxing)
 .debug_str     0x00000000000010f9       0x5c contiki-native.a(ringbuf.o)
                                        0x189 (size before relaxing)
 .debug_str     0x0000000000001155      0x70e contiki-native.a(sicslowpan.o)
                                        0x9f9 (size before relaxing)
 .debug_str     0x0000000000001863      0x322 contiki-native.a(uip6.o)
                                        0x6ca (size before relaxing)
 .debug_str     0x0000000000001b85      0x321 contiki-native.a(uip-ds6.o)
                                        0x65a (size before relaxing)
 .debug_str     0x0000000000001ea6      0x368 contiki-native.a(uip-ds6-nbr.o)
                                        0x8c4 (size before relaxing)
 .debug_str     0x000000000000220e      0x447 contiki-native.a(uip-ds6-route.o)
                                        0xc57 (size before relaxing)
 .debug_str     0x0000000000002655      0x22e contiki-native.a(uip-icmp6.o)
                                        0x553 (size before relaxing)
 .debug_str     0x0000000000002883      0x12f contiki-native.a(uip-nd6.o)
                                        0x6c8 (size before relaxing)
 .debug_str     0x00000000000029b2      0x194 contiki-native.a(tcpip.o)
                                        0xc1c (size before relaxing)
 .debug_str     0x0000000000002b46       0x4c contiki-native.a(uip-debug.o)
                                        0x194 (size before relaxing)
 .debug_str     0x0000000000002b92       0xf4 contiki-native.a(uip-packetqueue)
                                        0x305 (size before relaxing)
 .debug_str     0x0000000000002c86       0x6b contiki-native.a(uip-udp-packet.)
                                        0x257 (size before relaxing)
 .debug_str     0x0000000000002cf1      0x143 contiki-native.a(rpl.o)
                                        0x86e (size before relaxing)
 .debug_str     0x0000000000002e34      0x4ce contiki-native.a(rpl-dag.o)
                                        0xcba (size before relaxing)
 .debug_str     0x0000000000003302       0xfc contiki-native.a(rpl-ext-header.)
                                        0xa2b (size before relaxing)
 .debug_str     0x00000000000033fe      0x200 contiki-native.a(rpl-icmp6.o)
                                        0xe3a (size before relaxing)
 .debug_str     0x00000000000035fe       0xa5 contiki-native.a(rpl-mrhof.o)
                                        0x721 (size before relaxing)
 .debug_str     0x00000000000036a3      0x1d2 contiki-native.a(rpl-timers.o)
                                        0x7f4 (size before relaxing)
 .debug_str     0x0000000000003875       0x6b contiki-native.a(linkaddr.o)
                                        0x17f (size before relaxing)
 .debug_str     0x00000000000038e0      0x24c contiki-native.a(nbr-table.o)
                                        0x4e2 (size before relaxing)
 .debug_str     0x0000000000003b2c      0x126 contiki-native.a(netstack.o)
                                        0x303 (size before relaxing)
 .debug_str     0x0000000000003c52      0x1e0 contiki-native.a(packetbuf.o)
                                        0x519 (size before relaxing)
 .debug_str     0x0000000000003e32      0x19f contiki-native.a(queuebuf.o)
                                        0x4e4 (size before relaxing)
 .debug_str     0x0000000000003fd1      0x2bc contiki-native.a(csma.o)
                                        0x7c2 (size before relaxing)
 .debug_str     0x000000000000428d      0x20f contiki-native.a(framer-802154.o)
                                        0x57c (size before relaxing)
 .debug_str     0x000000000000449c       0x37 contiki-native.a(mac.o)
                                        0x19c (size before relaxing)
 .debug_str     0x00000000000044d3       0x7f contiki-native.a(nullrdc.o)
                                        0x5bd (size before relaxing)
 .debug_str     0x0000000000004552       0x1f contiki-native.a(nullsec.o)
                                        0x383 (size before relaxing)
 .debug_str     0x0000000000004571       0x73 contiki-native.a(clock.o)
                                        0x186 (size before relaxing)
 .debug_str     0x00000000000045e4       0xa6 contiki-native.a(rtimer-arch.o)
                                        0x1d9 (size before relaxing)
 .debug_str     0x000000000000468a       0x6b contiki-native.a(watchdog.o)
                                        0x161 (size before relaxing)
 .debug_str     0x00000000000046f5       0x6e contiki-native.a(stimer.o)
                                        0x17a (size before relaxing)
 .debug_str     0x0000000000004763       0x33 contiki-native.a(nullradio.o)
                                        0x24e (size before relaxing)
 .debug_str     0x0000000000004796       0x5c contiki-native.a(memb.o)
                                        0x162 (size before relaxing)