Archive member included because of file (symbol)

contiki-srf06-cc26xx.a(contiki-main.o)
                              obj_srf06-cc26xx/startup_gcc.o (main)
contiki-srf06-cc26xx.a(sensors.o)
                              border-router.co (sensors_event)
contiki-srf06-cc26xx.a(leds.o)
                              contiki-srf06-cc26xx.a(contiki-main.o) (leds_init)
contiki-srf06-cc26xx.a(board.o)
                              contiki-srf06-cc26xx.a(contiki-main.o) (board_init)
contiki-srf06-cc26xx.a(launchpad-senso)
                              contiki-srf06-cc26xx.a(sensors.o) (sensors_flags)
contiki-srf06-cc26xx.a(leds-arch.o)
                              contiki-srf06-cc26xx.a(leds.o) (leds_arch_init)
contiki-srf06-cc26xx.a(button-sensor.o)
                              contiki-srf06-cc26xx.a(launchpad-senso) (button_right_sensor)
contiki-srf06-cc26xx.a(ext-flash.o)
                              contiki-srf06-cc26xx.a(board.o) (ext_flash_init)
contiki-srf06-cc26xx.a(board-spi.o)
                              contiki-srf06-cc26xx.a(ext-flash.o) (board_spi_write)
contiki-srf06-cc26xx.a(prop-mode.o)
                              contiki-srf06-cc26xx.a(contiki-main.o) (prop_mode_driver)
contiki-srf06-cc26xx.a(clock.o)
                              contiki-srf06-cc26xx.a(contiki-main.o) (clock_init)
contiki-srf06-cc26xx.a(rtimer-arch.o)
                              contiki-srf06-cc26xx.a(prop-mode.o) (rtimer_arch_now)
contiki-srf06-cc26xx.a(soc-rtc.o)
                              contiki-srf06-cc26xx.a(contiki-main.o) (soc_rtc_init)
contiki-srf06-cc26xx.a(contiki-watchdo)
                              contiki-srf06-cc26xx.a(contiki-main.o) (watchdog_init)
contiki-srf06-cc26xx.a(putchar.o)
                              border-router.co (putchar)
contiki-srf06-cc26xx.a(ieee-addr.o)
                              contiki-srf06-cc26xx.a(contiki-main.o) (ieee_addr_cpy_to)
contiki-srf06-cc26xx.a(slip-arch.o)
                              obj_srf06-cc26xx/slip-bridge.o (slip_arch_init)
contiki-srf06-cc26xx.a(slip.o)
                              obj_srf06-cc26xx/slip-bridge.o (slip_set_input_callback)
contiki-srf06-cc26xx.a(cc26xx-uart.o)
                              contiki-srf06-cc26xx.a(contiki-main.o) (cc26xx_uart_init)
contiki-srf06-cc26xx.a(lpm.o)
                              contiki-srf06-cc26xx.a(button-sensor.o) (lpm_shutdown)
contiki-srf06-cc26xx.a(gpio-interrupt.)
                              contiki-srf06-cc26xx.a(button-sensor.o) (gpio_interrupt_register_handler)
contiki-srf06-cc26xx.a(oscillators.o)
                              contiki-srf06-cc26xx.a(contiki-main.o) (oscillators_select_lf_xosc)
contiki-srf06-cc26xx.a(rf-core.o)
                              contiki-srf06-cc26xx.a(prop-mode.o) (rf_core_is_accessible)
contiki-srf06-cc26xx.a(rf-ble.o)
                              contiki-srf06-cc26xx.a(prop-mode.o) (rf_ble_is_active)
contiki-srf06-cc26xx.a(random.o)
                              contiki-srf06-cc26xx.a(contiki-main.o) (random_init)
contiki-srf06-cc26xx.a(soc-trng.o)
                              contiki-srf06-cc26xx.a(random.o) (soc_trng_rand_synchronous)
contiki-srf06-cc26xx.a(dbg-printf.o)
                              obj_srf06-cc26xx/slip-bridge.o (printf)
contiki-srf06-cc26xx.a(dbg-snprintf.o)
                              border-router.co (snprintf)
contiki-srf06-cc26xx.a(strformat.o)
                              contiki-srf06-cc26xx.a(dbg-printf.o) (format_str_v)
contiki-srf06-cc26xx.a(autostart.o)
                              contiki-srf06-cc26xx.a(contiki-main.o) (autostart_start)
contiki-srf06-cc26xx.a(ctimer.o)
                              contiki-srf06-cc26xx.a(contiki-main.o) (ctimer_init)
contiki-srf06-cc26xx.a(energest.o)
                              contiki-srf06-cc26xx.a(contiki-main.o) (energest_init)
contiki-srf06-cc26xx.a(etimer.o)
                              contiki-srf06-cc26xx.a(clock.o) (etimer_request_poll)
contiki-srf06-cc26xx.a(process.o)
                              contiki-srf06-cc26xx.a(sensors.o) (process_alloc_event)
contiki-srf06-cc26xx.a(rtimer.o)
                              contiki-srf06-cc26xx.a(contiki-main.o) (rtimer_init)
contiki-srf06-cc26xx.a(timer.o)
                              obj_srf06-cc26xx/httpd-simple.o (timer_set)
contiki-srf06-cc26xx.a(serial-line.o)
                              contiki-srf06-cc26xx.a(contiki-main.o) (serial_line_init)
contiki-srf06-cc26xx.a(list.o)
                              contiki-srf06-cc26xx.a(lpm.o) (list_init)
contiki-srf06-cc26xx.a(memb.o)
                              obj_srf06-cc26xx/httpd-simple.o (memb_init)
contiki-srf06-cc26xx.a(ringbuf.o)
                              contiki-srf06-cc26xx.a(serial-line.o) (ringbuf_init)
contiki-srf06-cc26xx.a(sicslowpan.o)
                              contiki-srf06-cc26xx.a(contiki-main.o) (sicslowpan_driver)
contiki-srf06-cc26xx.a(uip6.o)
                              border-router.co (uip_aligned_buf)
contiki-srf06-cc26xx.a(uip-ds6.o)
[...]
Memory Configuration

Name             Origin             Length             Attributes
FLASH            0x00000000         0x0001ffa8         xr
FLASH_CCFG       0x0001ffa8         0x00000058         xr
SRAM             0x20000000         0x00005000         xrw
GPRAM            0x11000000         0x00002000         xrw
*default*        0x00000000         0xffffffff

Linker script and memory map

LOAD obj_srf06-cc26xx/fault-handlers.o
LOAD obj_srf06-cc26xx/ccfg.o
LOAD obj_srf06-cc26xx/startup_gcc.o
LOAD border-router.co
LOAD obj_srf06-cc26xx/slip-bridge.o
LOAD obj_srf06-cc26xx/httpd-simple.o
LOAD contiki-srf06-cc26xx.a
LOAD /usr/bin/../lib/gcc/arm-none-eabi/4.9.3/../../../../arm-none-eabi/lib/armv7-m/libm.a
START GROUP
LOAD /usr/bin/../lib/gcc/arm-none-eabi/4.9.3/armv7-m/libgcc.a
LOAD /usr/bin/../lib/gcc/arm-none-eabi/4.9.3/../../../../arm-none-eabi/lib/armv7-m/libc.a
END GROUP
                0x20005000                _estack = (ORIGIN (SRAM) + 0x5000)
                0x00000000                _Min_Heap_Size = 0x0
                0x00000100                _Min_Stack_Size = 0x100

.text           0x00000000     0xd5d2
                0x00000000                _text = .
 *(SORT(.vectors))
 .vectors       0x00000000       0xc8 obj_srf06-cc26xx/startup_gcc.o
                0x00000000                g_pfnVectors
 *(SORT(.text*))
 .text.FaultISR
                0x000000c8       0x18 obj_srf06-cc26xx/fault-handlers.o
                0x000000c8                FaultISR
 .text.ResetISR
                0x000000e0       0x4c obj_srf06-cc26xx/startup_gcc.o
                0x000000e0                ResetISR
 .text.process_thread_webserver_nogui_process
                0x0000012c       0x34 border-router.co
 .text.ipaddr_add
                0x00000160       0xa0 border-router.co
 .text.generate_routes
                0x00000200      0x204 border-router.co
 .text.httpd_simple_get_script
                0x00000404        0x8 border-router.co
                0x00000404                httpd_simple_get_script
 .text.request_prefix
                0x0000040c       0x2c border-router.co
                0x0000040c                request_prefix
 .text.process_thread_border_router_process
                0x00000438       0xf0 border-router.co
 .text.set_prefix_64
                0x00000528       0x68 border-router.co
                0x00000528                set_prefix_64
 .text.init     0x00000590       0x24 obj_srf06-cc26xx/slip-bridge.o
 .text.slip_input_callback
                0x000005b4       0xe8 obj_srf06-cc26xx/slip-bridge.o
 .text.output   0x0000069c       0x4c obj_srf06-cc26xx/slip-bridge.o
 .text.handle_input
                0x000006e8       0xc8 obj_srf06-cc26xx/httpd-simple.o
 .text.send_headers
                0x000007b0       0x50 obj_srf06-cc26xx/httpd-simple.o
 .text.handle_output
                0x00000800       0xcc obj_srf06-cc26xx/httpd-simple.o
 .text.httpd_appcall
                0x000008cc       0xd0 obj_srf06-cc26xx/httpd-simple.o
                0x000008cc                httpd_appcall
 .text.httpd_init
                0x0000099c       0x18 obj_srf06-cc26xx/httpd-simple.o
                0x0000099c                httpd_init
 .text.startup.main
                0x000009b4      0x24c contiki-srf06-cc26xx.a(contiki-main.o)
                0x000009b4                main
 .text.process_thread_sensors_process
                0x00000c00       0xd4 contiki-srf06-cc26xx.a(sensors.o)
 .text.sensors_changed
                0x00000cd4       0x38 contiki-srf06-cc26xx.a(sensors.o)
                0x00000cd4                sensors_changed
 .text.leds_init
                0x00000d0c       0x14 contiki-srf06-cc26xx.a(leds.o)
                0x00000d0c                leds_init
 .text.leds_on  0x00000d20       0x10 contiki-srf06-cc26xx.a(leds.o)
                0x00000d20                leds_on
 .text.leds_off
                0x00000d30       0x14 contiki-srf06-cc26xx.a(leds.o)
                0x00000d30                leds_off
 .text.wakeup_handler
                0x00000d44       0x20 contiki-srf06-cc26xx.a(board.o)
 .text.board_init
                0x00000d64       0x98 contiki-srf06-cc26xx.a(board.o)
                0x00000d64                board_init
 .text.leds_arch_init
                0x00000dfc       0x34 contiki-srf06-cc26xx.a(leds-arch.o)
                0x00000dfc                leds_arch_init
 .text.leds_arch_set
                0x00000e30       0x2c contiki-srf06-cc26xx.a(leds-arch.o)
                0x00000e30                leds_arch_set
 .text.status.part.0
                0x00000e5c       0x14 contiki-srf06-cc26xx.a(button-sensor.o)
 .text.value_left
                0x00000e70       0x24 contiki-srf06-cc26xx.a(button-sensor.o)
 .text.value_right
                0x00000e94       0x18 contiki-srf06-cc26xx.a(button-sensor.o)
 .text.config_buttons
                0x00000eac       0x7c contiki-srf06-cc26xx.a(button-sensor.o)
 .text.button_press_handler
                0x00000f28       0x64 contiki-srf06-cc26xx.a(button-sensor.o)
 .text.verify_part
                0x00000f8c       0x74 contiki-srf06-cc26xx.a(ext-flash.o)
 .text.wait_ready
                0x00001000       0x5c contiki-srf06-cc26xx.a(ext-flash.o)
 .text.ext_flash_open
                0x0000105c       0x54 contiki-srf06-cc26xx.a(ext-flash.o)
                0x0000105c                ext_flash_open
 .text.ext_flash_close
                0x000010b0       0x4c contiki-srf06-cc26xx.a(ext-flash.o)
                0x000010b0                ext_flash_close
 .text.accessible
                0x000010fc       0x24 contiki-srf06-cc26xx.a(board-spi.o)
 .text.board_spi_write
                0x00001120       0x3c contiki-srf06-cc26xx.a(board-spi.o)
                0x00001120                board_spi_write
 .text.board_spi_read
                0x0000115c       0x48 contiki-srf06-cc26xx.a(board-spi.o)
                0x0000115c                board_spi_read
 .text.board_spi_flush
                0x000011a4       0x24 contiki-srf06-cc26xx.a(board-spi.o)
                0x000011a4                board_spi_flush
 .text.board_spi_open
                0x000011c8       0xbc contiki-srf06-cc26xx.a(board-spi.o)
                0x000011c8                board_spi_open
 .text.board_spi_close
                0x00001284       0x70 contiki-srf06-cc26xx.a(board-spi.o)
                0x00001284                board_spi_close
 .text.get_channel
                0x000012f4       0x30 contiki-srf06-cc26xx.a(prop-mode.o)
 .text.rf_is_on
                0x00001324       0x18 contiki-srf06-cc26xx.a(prop-mode.o)
 .text.soft_off_prop
                0x0000133c       0x2c contiki-srf06-cc26xx.a(prop-mode.o)
 .text.rx_on_prop
                0x00001368       0x60 contiki-srf06-cc26xx.a(prop-mode.o)
 .text.prepare  0x000013c8       0x1c contiki-srf06-cc26xx.a(prop-mode.o)
 .text.pending_packet
                0x000013e4       0x2c contiki-srf06-cc26xx.a(prop-mode.o)
 .text.read_frame
                0x00001410       0x4c contiki-srf06-cc26xx.a(prop-mode.o)
 .text.rx_off_prop
                0x0000145c       0x40 contiki-srf06-cc26xx.a(prop-mode.o)
 .text.prop_div_radio_setup
                0x0000149c       0x3c contiki-srf06-cc26xx.a(prop-mode.o)
 .text.prop_fs  0x000014d8       0x28 contiki-srf06-cc26xx.a(prop-mode.o)
 .text.off      0x00001500       0x34 contiki-srf06-cc26xx.a(prop-mode.o)
 .text.on       0x00001534       0xa4 contiki-srf06-cc26xx.a(prop-mode.o)
 .text.set_value
                0x000015d8       0xf4 contiki-srf06-cc26xx.a(prop-mode.o)
 .text.get_value
                0x000016cc       0xbc contiki-srf06-cc26xx.a(prop-mode.o)
 .text.transmit
                0x00001788       0x90 contiki-srf06-cc26xx.a(prop-mode.o)
 .text.channel_clear
                0x00001818       0x6c contiki-srf06-cc26xx.a(prop-mode.o)
 .text.init     0x00001884       0xc0 contiki-srf06-cc26xx.a(prop-mode.o)
 .text.power_domain_on
                0x00001944       0x20 contiki-srf06-cc26xx.a(clock.o)
 .text.update_clock_variable
                0x00001964       0x2c contiki-srf06-cc26xx.a(clock.o)
 .text.clock_init
                0x00001990       0x94 contiki-srf06-cc26xx.a(clock.o)
                0x00001990                clock_init
 .text.clock_time
                0x00001a24       0x14 contiki-srf06-cc26xx.a(clock.o)
                0x00001a24                clock_time
 .text.clock_seconds
                0x00001a38       0x18 contiki-srf06-cc26xx.a(clock.o)
                0x00001a38                clock_seconds
 .text.soc_rtc_init
                0x00001a50       0xa0 contiki-srf06-cc26xx.a(soc-rtc.o)
                0x00001a50                soc_rtc_init
 .text.soc_rtc_schedule_one_shot
                0x00001af0       0x5c contiki-srf06-cc26xx.a(soc-rtc.o)
                0x00001af0                soc_rtc_schedule_one_shot
 .text.soc_rtc_last_isr_time
                0x00001b4c        0xc contiki-srf06-cc26xx.a(soc-rtc.o)
                0x00001b4c                soc_rtc_last_isr_time
 .text.AONRTCIntHandler
                0x00001b58       0x7c contiki-srf06-cc26xx.a(soc-rtc.o)
                0x00001b58                AONRTCIntHandler
 .text.lock_config
                0x00001bd4       0x18 contiki-srf06-cc26xx.a(contiki-watchdo)
 .text.unlock_config
                0x00001bec       0x2c contiki-srf06-cc26xx.a(contiki-watchdo)
 .text.watchdog_init
                0x00001c18       0x18 contiki-srf06-cc26xx.a(contiki-watchdo)
                0x00001c18                watchdog_init
 .text.watchdog_periodic
                0x00001c30       0x14 contiki-srf06-cc26xx.a(contiki-watchdo)
                0x00001c30                watchdog_periodic
 .text.watchdog_start
                0x00001c44       0x20 contiki-srf06-cc26xx.a(contiki-watchdo)
                0x00001c44                watchdog_start
 .text.ieee_addr_cpy_to
                0x00001c64       0x3c contiki-srf06-cc26xx.a(ieee-addr.o)
                0x00001c64                ieee_addr_cpy_to
 .text.slip_arch_init
                0x00001ca0        0xc contiki-srf06-cc26xx.a(slip-arch.o)
                0x00001ca0                slip_arch_init
 .text.process_thread_slip_process
                0x00001cac      0x224 contiki-srf06-cc26xx.a(slip.o)
 .text.slip_set_input_callback
                0x00001ed0        0xc contiki-srf06-cc26xx.a(slip.o)
                0x00001ed0                slip_set_input_callback
 .text.slip_send
                0x00001edc       0x5c contiki-srf06-cc26xx.a(slip.o)
                0x00001edc                slip_send
 .text.slip_input_byte
                0x00001f38       0xb0 contiki-srf06-cc26xx.a(slip.o)
                0x00001f38                slip_input_byte
 .text.power_and_clock
                0x00001fe8       0x40 contiki-srf06-cc26xx.a(cc26xx-uart.o)
 .text.accessible
                0x00002028       0x24 contiki-srf06-cc26xx.a(cc26xx-uart.o)
 .text.disable_interrupts
                0x0000204c       0x30 contiki-srf06-cc26xx.a(cc26xx-uart.o)
 .text.enable   0x0000207c       0xcc contiki-srf06-cc26xx.a(cc26xx-uart.o)
 .text.lpm_drop_handler
                0x00002148       0xa0 contiki-srf06-cc26xx.a(cc26xx-uart.o)
 .text.cc26xx_uart_init
                0x000021e8       0x28 contiki-srf06-cc26xx.a(cc26xx-uart.o)
                0x000021e8                cc26xx_uart_init
 .text.cc26xx_uart_write_byte
                0x00002210       0x28 contiki-srf06-cc26xx.a(cc26xx-uart.o)
                0x00002210                cc26xx_uart_write_byte
 .text.cc26xx_uart_set_input
                0x00002238       0x60 contiki-srf06-cc26xx.a(cc26xx-uart.o)
                0x00002238                cc26xx_uart_set_input
 .text.cc26xx_uart_busy
                0x00002298       0x18 contiki-srf06-cc26xx.a(cc26xx-uart.o)
                0x00002298                cc26xx_uart_busy
 .text.UART0IntHandler
                0x000022b0       0x50 contiki-srf06-cc26xx.a(cc26xx-uart.o)
                0x000022b0                UART0IntHandler
 .text.lpm_shutdown
                0x00002300      0x178 contiki-srf06-cc26xx.a(lpm.o)
                0x00002300                lpm_shutdown
 .text.lpm_sleep
                0x00002478       0x14 contiki-srf06-cc26xx.a(lpm.o)
                0x00002478                lpm_sleep
 .text.lpm_drop
                0x0000248c      0x208 contiki-srf06-cc26xx.a(lpm.o)
                0x0000248c                lpm_drop
 .text.lpm_register_module
                0x00002694        0xc contiki-srf06-cc26xx.a(lpm.o)
                0x00002694                lpm_register_module
 .text.lpm_unregister_module
                0x000026a0        0xc contiki-srf06-cc26xx.a(lpm.o)
                0x000026a0                lpm_unregister_module
 .text.lpm_init
                0x000026ac       0x20 contiki-srf06-cc26xx.a(lpm.o)
                0x000026ac                lpm_init
 .text.lpm_pin_set_default_state
                0x000026cc       0x2c contiki-srf06-cc26xx.a(lpm.o)
                0x000026cc                lpm_pin_set_default_state
 .text.gpio_interrupt_register_handler
                0x000026f8       0x2c contiki-srf06-cc26xx.a(gpio-interrupt.)
                0x000026f8                gpio_interrupt_register_handler
 .text.gpio_interrupt_init
                0x00002724       0x24 contiki-srf06-cc26xx.a(gpio-interrupt.)
                0x00002724                gpio_interrupt_init
 .text.GPIOIntHandler
                0x00002748       0x30 contiki-srf06-cc26xx.a(gpio-interrupt.)
                0x00002748                GPIOIntHandler
 .text.oscillators_select_lf_xosc
                0x00002778       0x54 contiki-srf06-cc26xx.a(oscillators.o)
                0x00002778                oscillators_select_lf_xosc
 .text.oscillators_switch_to_hf_xosc
                0x000027cc       0x34 contiki-srf06-cc26xx.a(oscillators.o)
                0x000027cc                oscillators_switch_to_hf_xosc
 .text.oscillators_switch_to_hf_rc
                0x00002800       0x38 contiki-srf06-cc26xx.a(oscillators.o)
                0x00002800                oscillators_switch_to_hf_rc
 .text.process_thread_rf_core_process
                0x00002838       0x58 contiki-srf06-cc26xx.a(rf-core.o)
 .text.rf_core_is_accessible
                0x00002890       0x10 contiki-srf06-cc26xx.a(rf-core.o)
                0x00002890                rf_core_is_accessible
 .text.rf_core_send_cmd
                0x000028a0       0x80 contiki-srf06-cc26xx.a(rf-core.o)
                0x000028a0                rf_core_send_cmd
 .text.rf_core_wait_cmd_done
                0x00002920       0x2c contiki-srf06-cc26xx.a(rf-core.o)
                0x00002920                rf_core_wait_cmd_done
 .text.rf_core_power_up
                0x0000294c       0xac contiki-srf06-cc26xx.a(rf-core.o)
                0x0000294c                rf_core_power_up
 .text.rf_core_set_modesel
                0x000029f8       0x38 contiki-srf06-cc26xx.a(rf-core.o)
                0x000029f8                rf_core_set_modesel
 .text.rf_core_setup_interrupts
                0x00002a30       0x64 contiki-srf06-cc26xx.a(rf-core.o)
                0x00002a30                rf_core_setup_interrupts
 .text.rf_core_cmd_done_en
                0x00002a94       0x28 contiki-srf06-cc26xx.a(rf-core.o)
                0x00002a94                rf_core_cmd_done_en
 .text.rf_core_cmd_done_dis
                0x00002abc       0x18 contiki-srf06-cc26xx.a(rf-core.o)
                0x00002abc                rf_core_cmd_done_dis
 .text.rf_core_get_last_radio_op
                0x00002ad4        0xc contiki-srf06-cc26xx.a(rf-core.o)
                0x00002ad4                rf_core_get_last_radio_op
 .text.rf_core_start_rat
                0x00002ae0       0x3c contiki-srf06-cc26xx.a(rf-core.o)
                0x00002ae0                rf_core_start_rat
 .text.rf_core_stop_rat
                0x00002b1c       0x44 contiki-srf06-cc26xx.a(rf-core.o)
                0x00002b1c                rf_core_stop_rat
 .text.rf_core_power_down
                0x00002b60       0xbc contiki-srf06-cc26xx.a(rf-core.o)
                0x00002b60                rf_core_power_down
 .text.rf_core_primary_mode_register
                0x00002c1c        0xc contiki-srf06-cc26xx.a(rf-core.o)
                0x00002c1c                rf_core_primary_mode_register
 .text.RFCCPE1IntHandler
                0x00002c28       0x20 contiki-srf06-cc26xx.a(rf-core.o)
                0x00002c28                RFCCPE1IntHandler
 .text.RFCCPE0IntHandler
                0x00002c48       0x58 contiki-srf06-cc26xx.a(rf-core.o)
                0x00002c48                RFCCPE0IntHandler
 .text.rf_ble_is_active
                0x00002ca0        0xc contiki-srf06-cc26xx.a(rf-ble.o)
                0x00002ca0                rf_ble_is_active
 .text.request  0x00002cac       0x14 contiki-srf06-cc26xx.a(soc-trng.o)
 .text.read_number
                0x00002cc0       0x24 contiki-srf06-cc26xx.a(soc-trng.o)
 .text.accessible
                0x00002ce4       0x24 contiki-srf06-cc26xx.a(soc-trng.o)
 .text.process_thread_soc_trng_process
                0x00002d08       0x74 contiki-srf06-cc26xx.a(soc-trng.o)
 .text.power_up
                0x00002d7c       0x40 contiki-srf06-cc26xx.a(soc-trng.o)
 .text.soc_trng_rand_synchronous
                0x00002dbc       0x9c contiki-srf06-cc26xx.a(soc-trng.o)
                0x00002dbc                soc_trng_rand_synchronous
 .text.TRNGIntHandler
                0x00002e58       0x50 contiki-srf06-cc26xx.a(soc-trng.o)
                0x00002e58                TRNGIntHandler
 .text.soc_trng_init
                0x00002ea8       0x28 contiki-srf06-cc26xx.a(soc-trng.o)
                0x00002ea8                soc_trng_init
 .text.printf   0x00002ed0       0x20 contiki-srf06-cc26xx.a(dbg-printf.o)
                0x00002ed0                printf
 .text.vsnprintf
                0x00002ef0       0x28 contiki-srf06-cc26xx.a(dbg-snprintf.o)
                0x00002ef0                vsnprintf
 .text.fill_space
                0x00002f18       0x34 contiki-srf06-cc26xx.a(strformat.o)
 .text.format_str_v
                0x00002f4c      0x6e8 contiki-srf06-cc26xx.a(strformat.o)
                0x00002f4c                format_str_v
 .text.process_thread_ctimer_process
                0x00003634       0x80 contiki-srf06-cc26xx.a(ctimer.o)
 .text.ctimer_init
                0x000036b4       0x28 contiki-srf06-cc26xx.a(ctimer.o)
                0x000036b4                ctimer_init
 .text.ctimer_set_with_process
                0x000036dc       0x44 contiki-srf06-cc26xx.a(ctimer.o)
                0x000036dc                ctimer_set_with_process
 .text.ctimer_set
                0x00003720       0x14 contiki-srf06-cc26xx.a(ctimer.o)
                0x00003720                ctimer_set
 .text.ctimer_reset
                0x00003734       0x38 contiki-srf06-cc26xx.a(ctimer.o)
                0x00003734                ctimer_reset
 .text.ctimer_restart
                0x0000376c       0x38 contiki-srf06-cc26xx.a(ctimer.o)
                0x0000376c                ctimer_restart
 .text.ctimer_stop
                0x000037a4       0x2c contiki-srf06-cc26xx.a(ctimer.o)
                0x000037a4                ctimer_stop
 .text.update_time
                0x000037d0       0x44 contiki-srf06-cc26xx.a(etimer.o)
 .text.etimer_request_poll
                0x00003814        0xc contiki-srf06-cc26xx.a(etimer.o)
                0x00003814                etimer_request_poll
 .text.process_thread_etimer_process
                0x00003820       0x94 contiki-srf06-cc26xx.a(etimer.o)
 .text.add_timer
                0x000038b4       0x40 contiki-srf06-cc26xx.a(etimer.o)
 .text.etimer_pending
                0x000038f4       0x10 contiki-srf06-cc26xx.a(etimer.o)
                0x000038f4                etimer_pending
 .text.etimer_next_expiration_time
                0x00003904       0x14 contiki-srf06-cc26xx.a(etimer.o)
                0x00003904                etimer_next_expiration_time
 .text.etimer_stop
                0x00003918       0x34 contiki-srf06-cc26xx.a(etimer.o)
                0x00003918                etimer_stop
 .text.call_process.part.0
                0x0000394c       0x38 contiki-srf06-cc26xx.a(process.o)
 .text.exit_process
                0x00003984       0x80 contiki-srf06-cc26xx.a(process.o)
 .text.do_poll  0x00003a04       0x30 contiki-srf06-cc26xx.a(process.o)
 .text.process_alloc_event
                0x00003a34       0x10 contiki-srf06-cc26xx.a(process.o)
                0x00003a34                process_alloc_event
 .text.process_init
                0x00003a44       0x30 contiki-srf06-cc26xx.a(process.o)
                0x00003a44                process_init
 .text.process_run
                0x00003a74       0x84 contiki-srf06-cc26xx.a(process.o)
                0x00003a74                process_run
 .text.process_nevents
                0x00003af8       0x14 contiki-srf06-cc26xx.a(process.o)
                0x00003af8                process_nevents
 .text.process_post
                0x00003b0c       0x3c contiki-srf06-cc26xx.a(process.o)
                0x00003b0c                process_post
 .text.process_post_synch
                0x00003b48       0x14 contiki-srf06-cc26xx.a(process.o)
                0x00003b48                process_post_synch
 .text.process_start
                0x00003b5c       0x30 contiki-srf06-cc26xx.a(process.o)
                0x00003b5c                process_start
 .text.process_poll
                0x00003b8c       0x18 contiki-srf06-cc26xx.a(process.o)
                0x00003b8c                process_poll
 .text.rtimer_set
                0x00003ba4       0x24 contiki-srf06-cc26xx.a(rtimer.o)
                0x00003ba4                rtimer_set
 .text.rtimer_run_next
                0x00003bc8       0x28 contiki-srf06-cc26xx.a(rtimer.o)
                0x00003bc8                rtimer_run_next
 .text.process_thread_serial_line_process
                0x00003bf0       0x98 contiki-srf06-cc26xx.a(serial-line.o)
 .text.serial_line_init
                0x00003c88       0x24 contiki-srf06-cc26xx.a(serial-line.o)
                0x00003c88                serial_line_init
 .text.clear_fragments
                0x00003cac       0x3c contiki-srf06-cc26xx.a(sicslowpan.o)
 .text.sicslowpan_init
                0x00003ce8       0x24 contiki-srf06-cc26xx.a(sicslowpan.o)
                0x00003ce8                sicslowpan_init
 .text.compress_addr_64
                0x00003d0c       0x90 contiki-srf06-cc26xx.a(sicslowpan.o)
 .text.set_packet_attrs
                0x00003d9c       0x44 contiki-srf06-cc26xx.a(sicslowpan.o)
 .text.addr_context_lookup_by_prefix
                0x00003de0       0x28 contiki-srf06-cc26xx.a(sicslowpan.o)
 .text.send_packet
                0x00003e08       0x24 contiki-srf06-cc26xx.a(sicslowpan.o)
 .text.packet_sent
                0x00003e2c       0x28 contiki-srf06-cc26xx.a(sicslowpan.o)
 .text.store_fragment
                0x00003e54       0x58 contiki-srf06-cc26xx.a(sicslowpan.o)
 .text.uncompress_addr
                0x00003eac       0xa4 contiki-srf06-cc26xx.a(sicslowpan.o)
 .text.output   0x00003f50      0x6a0 contiki-srf06-cc26xx.a(sicslowpan.o)
 .text.add_fragment
                0x000045f0      0x124 contiki-srf06-cc26xx.a(sicslowpan.o)
 .text.input    0x00004714      0x5ac contiki-srf06-cc26xx.a(sicslowpan.o)
 .text.upper_layer_chksum
                0x00004cc0       0x54 contiki-srf06-cc26xx.a(uip6.o)
 .text.ext_hdr_options_process
                0x00004d14       0xac contiki-srf06-cc26xx.a(uip6.o)
 .text.uip_add32
                0x00004dc0       0x54 contiki-srf06-cc26xx.a(uip6.o)
                0x00004dc0                uip_add32
 .text.unlikely.uip_add_rcv_nxt
                0x00004e14       0x2c contiki-srf06-cc26xx.a(uip6.o)
 .text.uip_init
                0x00004e40       0x5c contiki-srf06-cc26xx.a(uip6.o)
                0x00004e40                uip_init
 .text.remove_ext_hdr
                0x00004e9c       0x5c contiki-srf06-cc26xx.a(uip6.o)
                0x00004e9c                remove_ext_hdr
 .text.uip_unlisten
                0x00004ef8       0x20 contiki-srf06-cc26xx.a(uip6.o)
                0x00004ef8                uip_unlisten
 .text.uip_listen
                0x00004f18       0x1c contiki-srf06-cc26xx.a(uip6.o)
                0x00004f18                uip_listen
 .text.uip_process
                0x00004f34      0xd50 contiki-srf06-cc26xx.a(uip6.o)
                0x00004f34                uip_process
 .text.uip_send
                0x00005c84       0x44 contiki-srf06-cc26xx.a(uip6.o)
                0x00005c84                uip_send
 .text.uip_ds6_prefix_add
                0x00005cc8       0x64 contiki-srf06-cc26xx.a(uip-ds6.o)
                0x00005cc8                uip_ds6_prefix_add
 .text.uip_ds6_is_addr_onlink
                0x00005d2c       0x40 contiki-srf06-cc26xx.a(uip-ds6.o)
                0x00005d2c                uip_ds6_is_addr_onlink
 .text.uip_ds6_addr_lookup
                0x00005d6c       0x2c contiki-srf06-cc26xx.a(uip-ds6.o)
                0x00005d6c                uip_ds6_addr_lookup
 .text.uip_ds6_get_link_local
                0x00005d98       0x40 contiki-srf06-cc26xx.a(uip-ds6.o)
                0x00005d98                uip_ds6_get_link_local
 .text.uip_ds6_maddr_add
                0x00005dd8       0x4c contiki-srf06-cc26xx.a(uip-ds6.o)
                0x00005dd8                uip_ds6_maddr_add
 .text.uip_ds6_addr_add
                0x00005e24       0x94 contiki-srf06-cc26xx.a(uip-ds6.o)
                0x00005e24                uip_ds6_addr_add
 .text.uip_ds6_maddr_lookup
                0x00005eb8       0x2c contiki-srf06-cc26xx.a(uip-ds6.o)
                0x00005eb8                uip_ds6_maddr_lookup
 .text.uip_ds6_addr_rm
                0x00005ee4       0x44 contiki-srf06-cc26xx.a(uip-ds6.o)
                0x00005ee4                uip_ds6_addr_rm
 .text.uip_ds6_periodic
                0x00005f28       0x4c contiki-srf06-cc26xx.a(uip-ds6.o)
                0x00005f28                uip_ds6_periodic
 .text.uip_ds6_select_src
                0x00005f74       0x94 contiki-srf06-cc26xx.a(uip-ds6.o)
                0x00005f74                uip_ds6_select_src
 .text.uip_ds6_compute_reachable_time
                0x00006008       0x28 contiki-srf06-cc26xx.a(uip-ds6.o)
                0x00006008                uip_ds6_compute_reachable_time
 .text.uip_ds6_init
                0x00006030       0xe0 contiki-srf06-cc26xx.a(uip-ds6.o)
                0x00006030                uip_ds6_init
 .text.uip_ds6_nbr_rm
                0x00006110       0x20 contiki-srf06-cc26xx.a(uip-ds6-nbr.o)
                0x00006110                uip_ds6_nbr_rm
 .text.uip_ds6_neighbors_init
                0x00006130       0x1c contiki-srf06-cc26xx.a(uip-ds6-nbr.o)
                0x00006130                uip_ds6_neighbors_init
 .text.uip_ds6_nbr_add
                0x0000614c       0x3c contiki-srf06-cc26xx.a(uip-ds6-nbr.o)
                0x0000614c                uip_ds6_nbr_add
 .text.uip_ds6_nbr_get_ll
                0x00006188       0x10 contiki-srf06-cc26xx.a(uip-ds6-nbr.o)
                0x00006188                uip_ds6_nbr_get_ll
 .text.uip_ds6_nbr_lookup
                0x00006198       0x38 contiki-srf06-cc26xx.a(uip-ds6-nbr.o)
                0x00006198                uip_ds6_nbr_lookup
 .text.uip_ds6_nbr_ll_lookup
                0x000061d0       0x10 contiki-srf06-cc26xx.a(uip-ds6-nbr.o)
                0x000061d0                uip_ds6_nbr_ll_lookup
 .text.uip_ds6_link_neighbor_callback
                0x000061e0       0x34 contiki-srf06-cc26xx.a(uip-ds6-nbr.o)
                0x000061e0                uip_ds6_link_neighbor_callback
 .text.call_route_callback
                0x00006214       0x48 contiki-srf06-cc26xx.a(uip-ds6-route.o)
 .text.uip_ds6_route_init
                0x0000625c       0x4c contiki-srf06-cc26xx.a(uip-ds6-route.o)
                0x0000625c                uip_ds6_route_init
 .text.uip_ds6_route_nexthop
                0x000062a8       0x20 contiki-srf06-cc26xx.a(uip-ds6-route.o)
                0x000062a8                uip_ds6_route_nexthop
 .text.uip_ds6_route_head
                0x000062c8        0xc contiki-srf06-cc26xx.a(uip-ds6-route.o)
                0x000062c8                uip_ds6_route_head
 .text.uip_ds6_route_is_nexthop
                0x000062d4       0x20 contiki-srf06-cc26xx.a(uip-ds6-route.o)
                0x000062d4                uip_ds6_route_is_nexthop
 .text.uip_ds6_route_lookup
                0x000062f4       0x64 contiki-srf06-cc26xx.a(uip-ds6-route.o)
                0x000062f4                uip_ds6_route_lookup
 .text.uip_ds6_route_rm
                0x00006358       0x9c contiki-srf06-cc26xx.a(uip-ds6-route.o)
                0x00006358                uip_ds6_route_rm
 .text.rm_routelist
                0x000063f4       0x30 contiki-srf06-cc26xx.a(uip-ds6-route.o)
 .text.uip_ds6_route_add
                0x00006424      0x108 contiki-srf06-cc26xx.a(uip-ds6-route.o)
                0x00006424                uip_ds6_route_add
 .text.uip_ds6_defrt_rm
                0x0000652c       0x44 contiki-srf06-cc26xx.a(uip-ds6-route.o)
                0x0000652c                uip_ds6_defrt_rm
 .text.uip_ds6_defrt_lookup
                0x00006570       0x2c contiki-srf06-cc26xx.a(uip-ds6-route.o)
                0x00006570                uip_ds6_defrt_lookup
 .text.uip_ds6_defrt_add
                0x0000659c       0x64 contiki-srf06-cc26xx.a(uip-ds6-route.o)
                0x0000659c                uip_ds6_defrt_add
 .text.uip_ds6_defrt_choose
                0x00006600       0x30 contiki-srf06-cc26xx.a(uip-ds6-route.o)
                0x00006600                uip_ds6_defrt_choose
 .text.uip_ds6_defrt_periodic
                0x00006630       0x30 contiki-srf06-cc26xx.a(uip-ds6-route.o)
                0x00006630                uip_ds6_defrt_periodic
 .text.echo_reply_input
                0x00006660       0x94 contiki-srf06-cc26xx.a(uip-icmp6.o)
 .text.echo_request_input
                0x000066f4       0xc8 contiki-srf06-cc26xx.a(uip-icmp6.o)
 .text.uip_icmp6_input
                0x000067bc       0x38 contiki-srf06-cc26xx.a(uip-icmp6.o)
                0x000067bc                uip_icmp6_input
 .text.uip_icmp6_register_input_handler
                0x000067f4        0xc contiki-srf06-cc26xx.a(uip-icmp6.o)
                0x000067f4                uip_icmp6_register_input_handler
 .text.uip_icmp6_error_output
                0x00006800      0x144 contiki-srf06-cc26xx.a(uip-icmp6.o)
                0x00006800                uip_icmp6_error_output
 .text.uip_icmp6_send
                0x00006944       0x8c contiki-srf06-cc26xx.a(uip-icmp6.o)
                0x00006944                uip_icmp6_send
 .text.uip_icmp6_init
                0x000069d0       0x1c contiki-srf06-cc26xx.a(uip-icmp6.o)
                0x000069d0                uip_icmp6_init
 .text.psock_send
                0x000069ec       0x98 contiki-srf06-cc26xx.a(psock.o)
                0x000069ec                psock_send
 .text.psock_newdata
                0x00006a84       0x28 contiki-srf06-cc26xx.a(psock.o)
                0x00006a84                psock_newdata
 .text.psock_readto
                0x00006aac       0xa4 contiki-srf06-cc26xx.a(psock.o)
                0x00006aac                psock_readto
 .text.start_periodic_tcp_timer
                0x00006b50       0x1c contiki-srf06-cc26xx.a(tcpip.o)
 .text.tcpip_output
                0x00006b6c       0x10 contiki-srf06-cc26xx.a(tcpip.o)
                0x00006b6c                tcpip_output
 .text.tcpip_set_outputfunc
                0x00006b7c        0xc contiki-srf06-cc26xx.a(tcpip.o)
                0x00006b7c                tcpip_set_outputfunc
 .text.tcp_listen
                0x00006b88       0x28 contiki-srf06-cc26xx.a(tcpip.o)
                0x00006b88                tcp_listen
 .text.tcp_attach
                0x00006bb0       0x10 contiki-srf06-cc26xx.a(tcpip.o)
                0x00006bb0                tcp_attach
 .text.tcpip_icmp6_call
                0x00006bc0       0x28 contiki-srf06-cc26xx.a(tcpip.o)
                0x00006bc0                tcpip_icmp6_call
 .text.tcpip_input
                0x00006be8       0x24 contiki-srf06-cc26xx.a(tcpip.o)
                0x00006be8                tcpip_input
 .text.tcpip_ipv6_output
                0x00006c0c       0xe4 contiki-srf06-cc26xx.a(tcpip.o)
                0x00006c0c                tcpip_ipv6_output
 .text.process_thread_tcpip_process
                0x00006cf0      0x1b8 contiki-srf06-cc26xx.a(tcpip.o)
 .text.tcpip_uipcall
                0x00006ea8       0x68 contiki-srf06-cc26xx.a(tcpip.o)
                0x00006ea8                tcpip_uipcall
 .text.uip_debug_ipaddr_print
                0x00006f10       0xa0 contiki-srf06-cc26xx.a(uip-debug.o)
                0x00006f10                uip_debug_ipaddr_print
 .text.rpl_get_mode
                0x00006fb0        0xc contiki-srf06-cc26xx.a(rpl.o)
                0x00006fb0                rpl_get_mode
 .text.rpl_purge_routes
                0x00006fbc       0x64 contiki-srf06-cc26xx.a(rpl.o)
                0x00006fbc                rpl_purge_routes
 .text.rpl_link_neighbor_callback
                0x00007020       0x54 contiki-srf06-cc26xx.a(rpl.o)
                0x00007020                rpl_link_neighbor_callback
 .text.rpl_ipv6_neighbor_callback
                0x00007074       0x28 contiki-srf06-cc26xx.a(rpl.o)
                0x00007074                rpl_ipv6_neighbor_callback
 .text.rpl_purge_dags
                0x0000709c       0x3c contiki-srf06-cc26xx.a(rpl.o)
                0x0000709c                rpl_purge_dags
 .text.rpl_init
                0x000070d8       0x4c contiki-srf06-cc26xx.a(rpl.o)
                0x000070d8                rpl_init
 .text.rpl_set_preferred_parent
                0x00007124       0x28 contiki-srf06-cc26xx.a(rpl-dag.o)
 .text.set_ip_from_prefix
                0x0000714c       0x2c contiki-srf06-cc26xx.a(rpl-dag.o)
 .text.find_parent_any_dag_any_instance
                0x00007178       0x1c contiki-srf06-cc26xx.a(rpl-dag.o)
 .text.rpl_dag_init
                0x00007194       0x14 contiki-srf06-cc26xx.a(rpl-dag.o)
                0x00007194                rpl_dag_init
 .text.rpl_get_parent
                0x000071a8       0x10 contiki-srf06-cc26xx.a(rpl-dag.o)
                0x000071a8                rpl_get_parent
 .text.rpl_get_parent_lladdr
                0x000071b8       0x10 contiki-srf06-cc26xx.a(rpl-dag.o)
                0x000071b8                rpl_get_parent_lladdr
 .text.best_parent
                0x000071c8       0x74 contiki-srf06-cc26xx.a(rpl-dag.o)
 .text.rpl_alloc_instance
                0x0000723c       0x34 contiki-srf06-cc26xx.a(rpl-dag.o)
                0x0000723c                rpl_alloc_instance
 .text.rpl_add_parent
                0x00007270       0x30 contiki-srf06-cc26xx.a(rpl-dag.o)
                0x00007270                rpl_add_parent
 .text.rpl_remove_parent
                0x000072a0       0x1c contiki-srf06-cc26xx.a(rpl-dag.o)
                0x000072a0                rpl_remove_parent
 .text.remove_parents.constprop.6
                0x000072bc       0x2c contiki-srf06-cc26xx.a(rpl-dag.o)
 .text.rpl_get_any_dag
                0x000072e8       0x18 contiki-srf06-cc26xx.a(rpl-dag.o)
                0x000072e8                rpl_get_any_dag
 .text.rpl_get_instance
                0x00007300       0x20 contiki-srf06-cc26xx.a(rpl-dag.o)
                0x00007300                rpl_get_instance
 .text.rpl_find_of
                0x00007320       0x14 contiki-srf06-cc26xx.a(rpl-dag.o)
                0x00007320                rpl_find_of
 .text.rpl_set_root
                0x00007334      0x114 contiki-srf06-cc26xx.a(rpl-dag.o)
                0x00007334                rpl_set_root
 .text.rpl_join_instance
                0x00007448      0x140 contiki-srf06-cc26xx.a(rpl-dag.o)
                0x00007448                rpl_join_instance
 .text.rpl_local_repair
                0x00007588       0x78 contiki-srf06-cc26xx.a(rpl-dag.o)
                0x00007588                rpl_local_repair
 .text.rpl_recalculate_ranks
                0x00007600       0x3c contiki-srf06-cc26xx.a(rpl-dag.o)
                0x00007600                rpl_recalculate_ranks
 .text.update_hbh_header
                0x0000763c       0xc4 contiki-srf06-cc26xx.a(rpl-ext-header.)
 .text.insert_hbh_header
                0x00007700       0xac contiki-srf06-cc26xx.a(rpl-ext-header.)
 .text.rpl_verify_hbh_header
                0x000077ac      0x100 contiki-srf06-cc26xx.a(rpl-ext-header.)
                0x000077ac                rpl_verify_hbh_header
 .text.rpl_remove_header
                0x000078ac       0x7c contiki-srf06-cc26xx.a(rpl-ext-header.)
                0x000078ac                rpl_remove_header
 .text.rpl_update_header
                0x00007928       0x64 contiki-srf06-cc26xx.a(rpl-ext-header.)
                0x00007928                rpl_update_header
 .text.dao_ack_input
                0x0000798c       0x14 contiki-srf06-cc26xx.a(rpl-icmp6.o)
 .text.dio_input
                0x000079a0      0x254 contiki-srf06-cc26xx.a(rpl-icmp6.o)
 .text.dao_input
                0x00007bf4      0x270 contiki-srf06-cc26xx.a(rpl-icmp6.o)
 .text.dis_output
                0x00007e64       0x54 contiki-srf06-cc26xx.a(rpl-icmp6.o)
                0x00007e64                dis_output
 .text.dio_output
                0x00007eb8      0x218 contiki-srf06-cc26xx.a(rpl-icmp6.o)
                0x00007eb8                dio_output
 .text.dis_input
                0x000080d0       0x50 contiki-srf06-cc26xx.a(rpl-icmp6.o)
 .text.dao_output_target
                0x00008120      0x100 contiki-srf06-cc26xx.a(rpl-icmp6.o)
                0x00008120                dao_output_target
 .text.dao_output
                0x00008220       0x90 contiki-srf06-cc26xx.a(rpl-icmp6.o)
                0x00008220                dao_output
 .text.rpl_icmp6_register_handlers
                0x000082b0       0x30 contiki-srf06-cc26xx.a(rpl-icmp6.o)
                0x000082b0                rpl_icmp6_register_handlers
 .text.new_dio_interval
                0x000082e0       0x58 contiki-srf06-cc26xx.a(rpl-timers.o)
 .text.handle_periodic_timer
                0x00008338       0x4c contiki-srf06-cc26xx.a(rpl-timers.o)
 .text.set_dao_lifetime_timer
                0x00008384       0x4c contiki-srf06-cc26xx.a(rpl-timers.o)
 .text.handle_dio_timer
                0x000083d0       0x80 contiki-srf06-cc26xx.a(rpl-timers.o)
 .text.schedule_dao
                0x00008450       0x54 contiki-srf06-cc26xx.a(rpl-timers.o)
 .text.handle_dao_timer
                0x000084a4       0x58 contiki-srf06-cc26xx.a(rpl-timers.o)
 .text.rpl_reset_periodic_timer
                0x000084fc       0x34 contiki-srf06-cc26xx.a(rpl-timers.o)
                0x000084fc                rpl_reset_periodic_timer
 .text.rpl_schedule_unicast_dio_immediately
                0x00008530       0x14 contiki-srf06-cc26xx.a(rpl-timers.o)
                0x00008530                rpl_schedule_unicast_dio_immediately
 .text.get_probing_target
                0x00008544       0xd4 contiki-srf06-cc26xx.a(rpl-timers.o)
                0x00008544                get_probing_target
 .text.rpl_schedule_probing
                0x00008618       0x20 contiki-srf06-cc26xx.a(rpl-timers.o)
                0x00008618                rpl_schedule_probing
 .text.SafeHapiVoid
                0x00008638       0x28 contiki-srf06-cc26xx.a(adi.o)
                0x00008638                SafeHapiVoid
 .text.NOROM_AONRTCCurrentCompareValueGet
                0x00008660       0x20 contiki-srf06-cc26xx.a(aon_rtc.o)
                0x00008660                NOROM_AONRTCCurrentCompareValueGet
 .text.NOROM_ChipInfo_GetSupportedProtocol_BV
                0x00008680       0x10 contiki-srf06-cc26xx.a(chipinfo.o)
                0x00008680                NOROM_ChipInfo_GetSupportedProtocol_BV
 .text.NOROM_ChipInfo_GetChipFamily
                0x00008690       0x4c contiki-srf06-cc26xx.a(chipinfo.o)
                0x00008690                NOROM_ChipInfo_GetChipFamily
 .text.NOROM_ChipInfo_GetChipType
                0x000086dc       0x30 contiki-srf06-cc26xx.a(chipinfo.o)
                0x000086dc                NOROM_ChipInfo_GetChipType
 .text.NOROM_ChipInfo_GetHwRevision
                0x0000870c       0x6c contiki-srf06-cc26xx.a(chipinfo.o)
                0x0000870c                NOROM_ChipInfo_GetHwRevision
 .text.NOROM_OSCClockSourceSet
                0x00008778       0x5c contiki-srf06-cc26xx.a(osc.o)
                0x00008778                NOROM_OSCClockSourceSet
 .text.NOROM_OSCClockSourceGet
                0x000087d4       0x2c contiki-srf06-cc26xx.a(osc.o)
                0x000087d4                NOROM_OSCClockSourceGet
 .text.NOROM_PowerCtrlSourceSet
                0x00008800       0x2c contiki-srf06-cc26xx.a(pwr_ctrl.o)
                0x00008800                NOROM_PowerCtrlSourceSet
 .text.TrimAfterColdResetWakeupFromShutDown
                0x0000882c       0xd4 contiki-srf06-cc26xx.a(setup.o)
 .text.NOROM_SetupTrimDevice
                0x00008900       0xa4 contiki-srf06-cc26xx.a(setup.o)
                0x00008900                NOROM_SetupTrimDevice
 .text.NOROM_SetupSetVddrLevel
                0x000089a4       0x7c contiki-srf06-cc26xx.a(setup_rom.o)
                0x000089a4                NOROM_SetupSetVddrLevel
 .text.NOROM_SetupAfterColdResetWakeupFromShutDownCfg1
                0x00008a20       0xac contiki-srf06-cc26xx.a(setup_rom.o)
                0x00008a20                NOROM_SetupAfterColdResetWakeupFromShutDownCfg1
 .text.NOROM_SetupGetTrimForAnabypassValue1
                0x00008acc       0x5c contiki-srf06-cc26xx.a(setup_rom.o)
                0x00008acc                NOROM_SetupGetTrimForAnabypassValue1
 .text.NOROM_SetupGetTrimForRcOscLfRtuneCtuneTrim
                0x00008b28       0x18 contiki-srf06-cc26xx.a(setup_rom.o)
                0x00008b28                NOROM_SetupGetTrimForRcOscLfRtuneCtuneTrim
 .text.NOROM_SetupGetTrimForAmpcompTh2
                0x00008b40       0x10 contiki-srf06-cc26xx.a(setup_rom.o)
                0x00008b40                NOROM_SetupGetTrimForAmpcompTh2
 .text.NOROM_SetupGetTrimForAmpcompTh1
                0x00008b50       0x14 contiki-srf06-cc26xx.a(setup_rom.o)
                0x00008b50                NOROM_SetupGetTrimForAmpcompTh1
 .text.NOROM_SetupGetTrimForAmpcompCtrl
                0x00008b64       0x64 contiki-srf06-cc26xx.a(setup_rom.o)
                0x00008b64                NOROM_SetupGetTrimForAmpcompCtrl
 .text.NOROM_SetupGetTrimForDblrLoopFilterResetVoltage
                0x00008bc8       0x14 contiki-srf06-cc26xx.a(setup_rom.o)
                0x00008bc8                NOROM_SetupGetTrimForDblrLoopFilterResetVoltage
 .text.NOROM_SetupGetTrimForAdcShModeEn
                0x00008bdc       0x14 contiki-srf06-cc26xx.a(setup_rom.o)
                0x00008bdc                NOROM_SetupGetTrimForAdcShModeEn
 .text.NOROM_SetupGetTrimForAdcShVbufEn
                0x00008bf0       0x14 contiki-srf06-cc26xx.a(setup_rom.o)
                0x00008bf0                NOROM_SetupGetTrimForAdcShVbufEn
 .text.NOROM_SetupGetTrimForXoscHfCtl
                0x00008c04       0x28 contiki-srf06-cc26xx.a(setup_rom.o)
                0x00008c04                NOROM_SetupGetTrimForXoscHfCtl
 .text.NOROM_SetupGetTrimForXoscHfFastStart
                0x00008c2c       0x10 contiki-srf06-cc26xx.a(setup_rom.o)
                0x00008c2c                NOROM_SetupGetTrimForXoscHfFastStart
 .text.NOROM_SetupGetTrimForRadcExtCfg
                0x00008c3c       0x2c contiki-srf06-cc26xx.a(setup_rom.o)
                0x00008c3c                NOROM_SetupGetTrimForRadcExtCfg
 .text.NOROM_SetupGetTrimForRcOscLfIBiasTrim
                0x00008c68       0x14 contiki-srf06-cc26xx.a(setup_rom.o)
                0x00008c68                NOROM_SetupGetTrimForRcOscLfIBiasTrim
 .text.NOROM_SetupGetTrimForXoscLfRegulatorAndCmirrwrRatio
                0x00008c7c       0x14 contiki-srf06-cc26xx.a(setup_rom.o)
                0x00008c7c                NOROM_SetupGetTrimForXoscLfRegulatorAndCmirrwrRatio
 .text.NOROM_SetupAfterColdResetWakeupFromShutDownCfg2
                0x00008c90      0x110 contiki-srf06-cc26xx.a(setup_rom.o)
                0x00008c90                NOROM_SetupAfterColdResetWakeupFromShutDownCfg2
 .text.NOROM_SetupSetCacheModeAccordingToCcfgSetting
                0x00008da0       0x64 contiki-srf06-cc26xx.a(setup_rom.o)
                0x00008da0                NOROM_SetupSetCacheModeAccordingToCcfgSetting
 .text.NOROM_SetupSetAonRtcSubSecInc
                0x00008e04       0x28 contiki-srf06-cc26xx.a(setup_rom.o)
                0x00008e04                NOROM_SetupSetAonRtcSubSecInc
 .text.NOROM_SetupAfterColdResetWakeupFromShutDownCfg3
                0x00008e2c      0x150 contiki-srf06-cc26xx.a(setup_rom.o)
                0x00008e2c                NOROM_SetupAfterColdResetWakeupFromShutDownCfg3
 .text.NOROM_SysCtrlSetRechargeBeforePowerDown
                0x00008f7c      0x220 contiki-srf06-cc26xx.a(sys_ctrl.o)
                0x00008f7c                NOROM_SysCtrlSetRechargeBeforePowerDown
 .text.NOROM_SysCtrlAdjustRechargeAfterPowerDown
                0x0000919c       0x60 contiki-srf06-cc26xx.a(sys_ctrl.o)
                0x0000919c                NOROM_SysCtrlAdjustRechargeAfterPowerDown
 .text.NOROM_SysCtrl_DCDC_VoltageConditionalControl
                0x000091fc       0x78 contiki-srf06-cc26xx.a(sys_ctrl.o)
                0x000091fc                NOROM_SysCtrl_DCDC_VoltageConditionalControl
 .text.NOROM_TRNGConfigure
                0x00009274       0x38 contiki-srf06-cc26xx.a(trng.o)
                0x00009274                NOROM_TRNGConfigure
 .text.periodic
                0x000092ac       0x2c contiki-srf06-cc26xx.a(link-stats.o)
 .text.link_stats_from_lladdr
                0x000092d8        0xc contiki-srf06-cc26xx.a(link-stats.o)
                0x000092d8                link_stats_from_lladdr
 .text.link_stats_packet_sent
                0x000092e4       0x78 contiki-srf06-cc26xx.a(link-stats.o)
                0x000092e4                link_stats_packet_sent
 .text.link_stats_input_callback
                0x0000935c       0x4c contiki-srf06-cc26xx.a(link-stats.o)
                0x0000935c                link_stats_input_callback
 .text.link_stats_init
                0x000093a8       0x28 contiki-srf06-cc26xx.a(link-stats.o)
                0x000093a8                link_stats_init
 .text.key_from_index
                0x000093d0       0x18 contiki-srf06-cc26xx.a(nbr-table.o)
 .text.index_from_key
                0x000093e8       0x20 contiki-srf06-cc26xx.a(nbr-table.o)
 .text.index_from_lladdr
                0x00009408       0x40 contiki-srf06-cc26xx.a(nbr-table.o)
 .text.nbr_get_bit.constprop.0
                0x00009448       0x30 contiki-srf06-cc26xx.a(nbr-table.o)
 .text.remove_key
                0x00009478       0x58 contiki-srf06-cc26xx.a(nbr-table.o)
 .text.nbr_table_register
                0x000094d0       0x28 contiki-srf06-cc26xx.a(nbr-table.o)
                0x000094d0                nbr_table_register
 .text.nbr_table_head
                0x000094f8       0x34 contiki-srf06-cc26xx.a(nbr-table.o)
                0x000094f8                nbr_table_head
 .text.nbr_table_add_lladdr
                0x0000952c      0x114 contiki-srf06-cc26xx.a(nbr-table.o)
                0x0000952c                nbr_table_add_lladdr
 .text.nbr_table_remove
                0x00009640       0x2c contiki-srf06-cc26xx.a(nbr-table.o)
                0x00009640                nbr_table_remove
 .text.nbr_table_lock
                0x0000966c       0x14 contiki-srf06-cc26xx.a(nbr-table.o)
                0x0000966c                nbr_table_lock
 .text.nbr_table_unlock
                0x00009680       0x14 contiki-srf06-cc26xx.a(nbr-table.o)
                0x00009680                nbr_table_unlock
 .text.netstack_init
                0x00009694       0x38 contiki-srf06-cc26xx.a(netstack.o)
                0x00009694                netstack_init
 .text.packetbuf_hdrreduce
                0x000096cc       0x2c contiki-srf06-cc26xx.a(packetbuf.o)
                0x000096cc                packetbuf_hdrreduce
 .text.packetbuf_set_datalen
                0x000096f8        0xc contiki-srf06-cc26xx.a(packetbuf.o)
                0x000096f8                packetbuf_set_datalen
 .text.packetbuf_hdrptr
                0x00009704        0x8 contiki-srf06-cc26xx.a(packetbuf.o)
                0x00009704                packetbuf_hdrptr
 .text.packetbuf_datalen
                0x0000970c        0xc contiki-srf06-cc26xx.a(packetbuf.o)
                0x0000970c                packetbuf_datalen
 .text.packetbuf_hdrlen
                0x00009718       0x18 contiki-srf06-cc26xx.a(packetbuf.o)
                0x00009718                packetbuf_hdrlen
 .text.packetbuf_dataptr
                0x00009730       0x10 contiki-srf06-cc26xx.a(packetbuf.o)
                0x00009730                packetbuf_dataptr
 .text.packetbuf_copyto
                0x00009740       0x40 contiki-srf06-cc26xx.a(packetbuf.o)
                0x00009740                packetbuf_copyto
 .text.packetbuf_totlen
                0x00009780       0x14 contiki-srf06-cc26xx.a(packetbuf.o)
                0x00009780                packetbuf_totlen
 .text.packetbuf_hdralloc
                0x00009794       0x3c contiki-srf06-cc26xx.a(packetbuf.o)
                0x00009794                packetbuf_hdralloc
 .text.packetbuf_attr_clear
                0x000097d0       0x34 contiki-srf06-cc26xx.a(packetbuf.o)
                0x000097d0                packetbuf_attr_clear
 .text.packetbuf_clear
                0x00009804       0x20 contiki-srf06-cc26xx.a(packetbuf.o)
                0x00009804                packetbuf_clear
 .text.packetbuf_copyfrom
                0x00009824       0x2c contiki-srf06-cc26xx.a(packetbuf.o)
                0x00009824                packetbuf_copyfrom
 .text.packetbuf_attr_copyto
                0x00009850       0x34 contiki-srf06-cc26xx.a(packetbuf.o)
                0x00009850                packetbuf_attr_copyto
 .text.packetbuf_attr_copyfrom
                0x00009884       0x34 contiki-srf06-cc26xx.a(packetbuf.o)
                0x00009884                packetbuf_attr_copyfrom
 .text.packetbuf_set_attr
                0x000098b8       0x10 contiki-srf06-cc26xx.a(packetbuf.o)
                0x000098b8                packetbuf_set_attr
 .text.packetbuf_attr
                0x000098c8        0xc contiki-srf06-cc26xx.a(packetbuf.o)
                0x000098c8                packetbuf_attr
 .text.packetbuf_set_addr
                0x000098d4       0x18 contiki-srf06-cc26xx.a(packetbuf.o)
                0x000098d4                packetbuf_set_addr
 .text.packetbuf_addr
                0x000098ec       0x10 contiki-srf06-cc26xx.a(packetbuf.o)
                0x000098ec                packetbuf_addr
 .text.packetbuf_holds_broadcast
                0x000098fc       0x10 contiki-srf06-cc26xx.a(packetbuf.o)
                0x000098fc                packetbuf_holds_broadcast
 .text.queuebuf_init
                0x0000990c       0x1c contiki-srf06-cc26xx.a(queuebuf.o)
                0x0000990c                queuebuf_init
 .text.queuebuf_numfree
                0x00009928        0xc contiki-srf06-cc26xx.a(queuebuf.o)
                0x00009928                queuebuf_numfree
 .text.queuebuf_new_from_packetbuf
                0x00009934       0x44 contiki-srf06-cc26xx.a(queuebuf.o)
                0x00009934                queuebuf_new_from_packetbuf
 .text.queuebuf_free
                0x00009978       0x2c contiki-srf06-cc26xx.a(queuebuf.o)
                0x00009978                queuebuf_free
 .text.queuebuf_to_packetbuf
                0x000099a4       0x30 contiki-srf06-cc26xx.a(queuebuf.o)
                0x000099a4                queuebuf_to_packetbuf
 .text.input_packet
                0x000099d4        0xc contiki-srf06-cc26xx.a(csma.o)
 .text.on       0x000099e0        0xc contiki-srf06-cc26xx.a(csma.o)
 .text.off      0x000099ec        0xc contiki-srf06-cc26xx.a(csma.o)
 .text.channel_check_interval
                0x000099f8       0x10 contiki-srf06-cc26xx.a(csma.o)
 .text.transmit_packet_list
                0x00009a08       0x30 contiki-srf06-cc26xx.a(csma.o)
 .text.schedule_transmission
                0x00009a38       0x4c contiki-srf06-cc26xx.a(csma.o)
 .text.send_packet
                0x00009a84      0x138 contiki-srf06-cc26xx.a(csma.o)
 .text.init     0x00009bbc       0x24 contiki-srf06-cc26xx.a(csma.o)
 .text.tx_done  0x00009be0       0x84 contiki-srf06-cc26xx.a(csma.o)
 .text.create_frame.isra.0
                0x00009c64      0x128 contiki-srf06-cc26xx.a(framer-802154.o)
 .text.init     0x00009d8c       0x40 contiki-srf06-cc26xx.a(contikimac.o)
 .text.on       0x00009dcc       0x2c contiki-srf06-cc26xx.a(contikimac.o)
 .text.off      0x00009df8       0x38 contiki-srf06-cc26xx.a(contikimac.o)
 .text.recv_burst_off
                0x00009e30       0x14 contiki-srf06-cc26xx.a(contikimac.o)
 .text.input_packet
                0x00009e44      0x104 contiki-srf06-cc26xx.a(contikimac.o)
 .text.powercycle_turn_radio_off
                0x00009f48       0x1c contiki-srf06-cc26xx.a(contikimac.o)
 .text.turn_off
                0x00009f64       0x38 contiki-srf06-cc26xx.a(contikimac.o)
 .text.turn_on  0x00009f9c       0x40 contiki-srf06-cc26xx.a(contikimac.o)
 .text.schedule_powercycle_fixed
                0x00009fdc       0x34 contiki-srf06-cc26xx.a(contikimac.o)
 .text.send_packet.isra.7
                0x0000a010      0x1fc contiki-srf06-cc26xx.a(contikimac.o)
 .text.qsend_list
                0x0000a20c       0xc4 contiki-srf06-cc26xx.a(contikimac.o)
 .text.powercycle_wrapper
                0x0000a2d0      0x1ec contiki-srf06-cc26xx.a(contikimac.o)
 .text.input    0x0000a4bc        0xc contiki-srf06-cc26xx.a(nullsec.o)
 .text.send     0x0000a4c8       0x20 contiki-srf06-cc26xx.a(nullsec.o)
 .text.aux_ctrl_power_up
                0x0000a4e8       0x28 contiki-srf06-cc26xx.a(aux-ctrl.o)
                0x0000a4e8                aux_ctrl_power_up
 .text.aux_ctrl_register_consumer
                0x0000a510       0x44 contiki-srf06-cc26xx.a(aux-ctrl.o)
                0x0000a510                aux_ctrl_register_consumer
 .text.aux_ctrl_power_down
                0x0000a554       0x68 contiki-srf06-cc26xx.a(aux-ctrl.o)
                0x0000a554                aux_ctrl_power_down
 .text.aux_ctrl_unregister_consumer
                0x0000a5bc       0x28 contiki-srf06-cc26xx.a(aux-ctrl.o)
                0x0000a5bc                aux_ctrl_unregister_consumer
 .text.stimer_expired
                0x0000a5e4       0x20 contiki-srf06-cc26xx.a(stimer.o)
                0x0000a5e4                stimer_expired
 .text.update_nbr
                0x0000a604      0x10c contiki-srf06-cc26xx.a(rpl-nbr-policy.)
 .text.handle_periodic_timer
                0x0000a710       0x14 contiki-srf06-cc26xx.a(rpl-nbr-policy.)
 .text.find_removable_dis
                0x0000a724       0x20 contiki-srf06-cc26xx.a(rpl-nbr-policy.)
                0x0000a724                find_removable_dis
 .text.find_removable_dio
                0x0000a744       0x40 contiki-srf06-cc26xx.a(rpl-nbr-policy.)
                0x0000a744                find_removable_dio
 .text.find_removable_dao
                0x0000a784       0x38 contiki-srf06-cc26xx.a(rpl-nbr-policy.)
                0x0000a784                find_removable_dao
 .text.rpl_nbr_policy_find_removable
                0x0000a7bc       0x28 contiki-srf06-cc26xx.a(rpl-nbr-policy.)
                0x0000a7bc                rpl_nbr_policy_find_removable
 .text.NOROM_AONBatMonTemperatureGetDegC
                0x0000a7e4       0x30 contiki-srf06-cc26xx.a(aon_batmon.o)
                0x0000a7e4                NOROM_AONBatMonTemperatureGetDegC
 .text.AuxAdiDdiSafeWrite.constprop.1
                0x0000a814       0x28 contiki-srf06-cc26xx.a(ddi.o)
 .text.frame802154_get_pan_id
                0x0000a83c        0xc contiki-srf06-cc26xx.a(frame802154.o)
                0x0000a83c                frame802154_get_pan_id
 .text.frame802154_parse
                0x0000a848      0x174 contiki-srf06-cc26xx.a(frame802154.o)
                0x0000a848                frame802154_parse
 .text.mac_sequence_is_duplicate
                0x0000a9bc       0x4c contiki-srf06-cc26xx.a(mac-sequence.o)
                0x0000a9bc                mac_sequence_is_duplicate
 .text.mac_sequence_register_seqno
                0x0000aa08       0x64 contiki-srf06-cc26xx.a(mac-sequence.o)
                0x0000aa08                mac_sequence_register_seqno
 .text          0x0000aa6c       0x30 /usr/bin/../lib/gcc/arm-none-eabi/4.9.3/armv7-m/libgcc.a(_aeabi_uldivmod.o)
                0x0000aa6c                __aeabi_uldivmod
 .text          0x0000aa9c       0x60 /usr/bin/../lib/gcc/arm-none-eabi/4.9.3/armv7-m/libgcc.a(bpabi.o)
                0x0000aa9c                __gnu_ldivmod_helper
                0x0000aacc                __gnu_uldivmod_helper
 .text          0x0000aafc        0x4 /usr/bin/../lib/gcc/arm-none-eabi/4.9.3/armv7-m/libgcc.a(_dvmd_tls.o)
                0x0000aafc                __aeabi_ldiv0
                0x0000aafc                __aeabi_idiv0
 .text          0x0000ab00      0x2ac /usr/bin/../lib/gcc/arm-none-eabi/4.9.3/armv7-m/libgcc.a(_divdi3.o)
                0x0000ab00                __divdi3
 .text          0x0000adac      0x270 /usr/bin/../lib/gcc/arm-none-eabi/4.9.3/armv7-m/libgcc.a(_udivdi3.o)
                0x0000adac                __udivdi3
 .text.memcmp   0x0000b01c       0x64 /usr/bin/../lib/gcc/arm-none-eabi/4.9.3/../../../../arm-none-eabi/lib/armv7-m/libc.a(lib_a-memcmp.o)
                0x0000b01c                memcmp
 .text          0x0000b080       0xec /usr/bin/../lib/gcc/arm-none-eabi/4.9.3/../../../../arm-none-eabi/lib/armv7-m/libc.a(lib_a-memcpy.o)
                0x0000b080                memcpy
 .text.memmove  0x0000b16c       0xc8 /usr/bin/../lib/gcc/arm-none-eabi/4.9.3/../../../../arm-none-eabi/lib/armv7-m/libc.a(lib_a-memmove.o)
                0x0000b16c                memmove
 .text.memset   0x0000b234       0x9c /usr/bin/../lib/gcc/arm-none-eabi/4.9.3/../../../../arm-none-eabi/lib/armv7-m/libc.a(lib_a-memset.o)
                0x0000b234                memset
 .text.strcpy   0x0000b2d0       0xbc /usr/bin/../lib/gcc/arm-none-eabi/4.9.3/../../../../arm-none-eabi/lib/armv7-m/libc.a(lib_a-strcpy.o)
                0x0000b2d0                strcpy
 .text.strlen   0x0000b38c       0x5c /usr/bin/../lib/gcc/arm-none-eabi/4.9.3/../../../../arm-none-eabi/lib/armv7-m/libc.a(lib_a-strlen.o)
                0x0000b38c                strlen
 .text.strncmp  0x0000b3e8       0x94 /usr/bin/../lib/gcc/arm-none-eabi/4.9.3/../../../../arm-none-eabi/lib/armv7-m/libc.a(lib_a-strncmp.o)
                0x0000b3e8                strncmp
 .text.strncpy  0x0000b47c       0x68 /usr/bin/../lib/gcc/arm-none-eabi/4.9.3/../../../../arm-none-eabi/lib/armv7-m/libc.a(lib_a-strncpy.o)
                0x0000b47c                strncpy
 .text.NmiSRHandler
                0x0000b4e4        0x2 obj_srf06-cc26xx/startup_gcc.o
                0x0000b4e4                NmiSR
 .text.IntDefaultHandler
                0x0000b4e6        0x2 obj_srf06-cc26xx/startup_gcc.o
                0x0000b4e6                SSI0IntHandler
                0x0000b4e6                SWEvent0IntHandler
                0x0000b4e6                uDMAIntHandler
                0x0000b4e6                WatchdogIntHandler
                0x0000b4e6                RFCHardwareIntHandler
                0x0000b4e6                Timer1BIntHandler
                0x0000b4e6                I2SIntHandler
                0x0000b4e6                Timer2BIntHandler
                0x0000b4e6                Timer2AIntHandler
                0x0000b4e6                Timer1AIntHandler
                0x0000b4e6                AONIntHandler
                0x0000b4e6                AUXSWEvent0IntHandler
                0x0000b4e6                AUXADCIntHandler
                0x0000b4e6                PendSVIntHandler
                0x0000b4e6                AUXSWEvent1IntHandler
                0x0000b4e6                SVCallIntHandler
                0x0000b4e6                MPUFaultIntHandler
                0x0000b4e6                SysTickIntHandler
                0x0000b4e6                BusFaultIntHandler
                0x0000b4e6                AONProgIntHandler
                0x0000b4e6                AUXCompAIntHandler
                0x0000b4e6                SSI1IntHandler
                0x0000b4e6                FlashIntHandler
                0x0000b4e6                uDMAErrIntHandler
                0x0000b4e6                UsageFaultIntHandler
                0x0000b4e6                RFCCmdAckIntHandler
                0x0000b4e6                CryptoIntHandler
                0x0000b4e6                Timer0AIntHandler
                0x0000b4e6                I2CIntHandler
                0x0000b4e6                DebugMonIntHandler
                0x0000b4e6                Timer0BIntHandler
                0x0000b4e6                AUXCombEventIntHandler
                0x0000b4e6                Timer3AIntHandler
                0x0000b4e6                DynProgIntHandler
                0x0000b4e6                Timer3BIntHandler
 .text.fade     0x0000b4e8       0x54 contiki-srf06-cc26xx.a(contiki-main.o)
 .text.status_left
                0x0000b53c       0x10 contiki-srf06-cc26xx.a(button-sensor.o)
 .text.config_left
                0x0000b54c        0xc contiki-srf06-cc26xx.a(button-sensor.o)
 .text.config_right
                0x0000b558        0xc contiki-srf06-cc26xx.a(button-sensor.o)
 .text.status_right
                0x0000b564       0x10 contiki-srf06-cc26xx.a(button-sensor.o)
 .text.ext_flash_init
                0x0000b574        0xe contiki-srf06-cc26xx.a(ext-flash.o)
                0x0000b574                ext_flash_init
 .text.get_object
                0x0000b582        0x4 contiki-srf06-cc26xx.a(prop-mode.o)
 .text.set_object
                0x0000b586        0x4 contiki-srf06-cc26xx.a(prop-mode.o)
 .text.request  0x0000b58a       0x10 contiki-srf06-cc26xx.a(prop-mode.o)
 .text.soft_on_prop
                0x0000b59a       0x1e contiki-srf06-cc26xx.a(prop-mode.o)
 .text.send     0x0000b5b8       0x12 contiki-srf06-cc26xx.a(prop-mode.o)
 .text.receiving_packet
                0x0000b5ca       0x16 contiki-srf06-cc26xx.a(prop-mode.o)
 .text.clock_update
                0x0000b5e0       0x16 contiki-srf06-cc26xx.a(clock.o)
                0x0000b5e0                clock_update
 .text.rtimer_arch_init
                0x0000b5f6        0x2 contiki-srf06-cc26xx.a(rtimer-arch.o)
                0x0000b5f6                rtimer_arch_init
 .text.rtimer_arch_schedule
                0x0000b5f8        0x8 contiki-srf06-cc26xx.a(rtimer-arch.o)
                0x0000b5f8                rtimer_arch_schedule
 .text.rtimer_arch_now
                0x0000b600        0x4 contiki-srf06-cc26xx.a(rtimer-arch.o)
                0x0000b600                rtimer_arch_now
 .text.putchar  0x0000b604        0xe contiki-srf06-cc26xx.a(putchar.o)
                0x0000b604                putchar
 .text.puts     0x0000b612       0x2c contiki-srf06-cc26xx.a(putchar.o)
                0x0000b612                puts
 .text.dbg_send_bytes
                0x0000b63e       0x28 contiki-srf06-cc26xx.a(putchar.o)
                0x0000b63e                dbg_send_bytes
 .text.slip_arch_writeb
                0x0000b666        0x4 contiki-srf06-cc26xx.a(slip-arch.o)
                0x0000b666                slip_arch_writeb
 .text.oscillators_select_lf_rcosc
                0x0000b66a       0x3a contiki-srf06-cc26xx.a(oscillators.o)
                0x0000b66a                oscillators_select_lf_rcosc
 .text.oscillators_request_hf_xosc
                0x0000b6a4       0x2e contiki-srf06-cc26xx.a(oscillators.o)
                0x0000b6a4                oscillators_request_hf_xosc
 .text.IntMasterEnable
                0x0000b6d2        0xe contiki-srf06-cc26xx.a(rf-core.o)
 .text.rf_core_init_radio_op
                0x0000b6e0       0x1e contiki-srf06-cc26xx.a(rf-core.o)
                0x0000b6e0                rf_core_init_radio_op
 .text.random_rand
                0x0000b6fe        0xa contiki-srf06-cc26xx.a(random.o)
                0x0000b6fe                random_rand
 .text.random_init
                0x0000b708        0x4 contiki-srf06-cc26xx.a(random.o)
                0x0000b708                random_init
 .text.write_str
                0x0000b70c       0x10 contiki-srf06-cc26xx.a(dbg-printf.o)
 .text.buffer_str
                0x0000b71c       0x28 contiki-srf06-cc26xx.a(dbg-snprintf.o)
 .text.snprintf
                0x0000b744       0x1a contiki-srf06-cc26xx.a(dbg-snprintf.o)
                0x0000b744                snprintf
 .text.autostart_start
                0x0000b75e       0x14 contiki-srf06-cc26xx.a(autostart.o)
                0x0000b75e                autostart_start
 .text.energest_init
                0x0000b772        0x2 contiki-srf06-cc26xx.a(energest.o)
                0x0000b772                energest_init
 .text.etimer_set
                0x0000b774       0x12 contiki-srf06-cc26xx.a(etimer.o)
                0x0000b774                etimer_set
 .text.etimer_reset
                0x0000b786       0x12 contiki-srf06-cc26xx.a(etimer.o)
                0x0000b786                etimer_reset
 .text.etimer_restart
                0x0000b798       0x12 contiki-srf06-cc26xx.a(etimer.o)
                0x0000b798                etimer_restart
 .text.etimer_expired
                0x0000b7aa        0xa contiki-srf06-cc26xx.a(etimer.o)
                0x0000b7aa                etimer_expired
 .text.etimer_expiration_time
                0x0000b7b4        0x6 contiki-srf06-cc26xx.a(etimer.o)
                0x0000b7b4                etimer_expiration_time
 .text.call_process
                0x0000b7ba        0xc contiki-srf06-cc26xx.a(process.o)
 .text.rtimer_init
                0x0000b7c6        0x4 contiki-srf06-cc26xx.a(rtimer.o)
                0x0000b7c6                rtimer_init
 .text.timer_set
                0x0000b7ca        0xe contiki-srf06-cc26xx.a(timer.o)
                0x0000b7ca                timer_set
 .text.timer_reset
                0x0000b7d8        0xa contiki-srf06-cc26xx.a(timer.o)
                0x0000b7d8                timer_reset
 .text.timer_restart
                0x0000b7e2        0xc contiki-srf06-cc26xx.a(timer.o)
                0x0000b7e2                timer_restart
 .text.timer_expired
                0x0000b7ee       0x1c contiki-srf06-cc26xx.a(timer.o)
                0x0000b7ee                timer_expired
 .text.list_init
                0x0000b80a        0x6 contiki-srf06-cc26xx.a(list.o)
                0x0000b80a                list_init
 .text.list_head
                0x0000b810        0x4 contiki-srf06-cc26xx.a(list.o)
                0x0000b810                list_head
 .text.list_tail
                0x0000b814       0x10 contiki-srf06-cc26xx.a(list.o)
                0x0000b814                list_tail
 .text.list_remove
                0x0000b824       0x28 contiki-srf06-cc26xx.a(list.o)
                0x0000b824                list_remove
 .text.list_add
                0x0000b84c       0x1e contiki-srf06-cc26xx.a(list.o)
                0x0000b84c                list_add
 .text.list_push
                0x0000b86a       0x12 contiki-srf06-cc26xx.a(list.o)
                0x0000b86a                list_push
 .text.list_length
                0x0000b87c        0xe contiki-srf06-cc26xx.a(list.o)
                0x0000b87c                list_length
 .text.list_item_next
                0x0000b88a        0x6 contiki-srf06-cc26xx.a(list.o)
                0x0000b88a                list_item_next
 .text.memb_init
                0x0000b890       0x20 contiki-srf06-cc26xx.a(memb.o)
                0x0000b890                memb_init
 .text.memb_alloc
                0x0000b8b0       0x28 contiki-srf06-cc26xx.a(memb.o)
                0x0000b8b0                memb_alloc
 .text.memb_free
                0x0000b8d8       0x2c contiki-srf06-cc26xx.a(memb.o)
                0x0000b8d8                memb_free
 .text.memb_inmemb
                0x0000b904       0x1c contiki-srf06-cc26xx.a(memb.o)
                0x0000b904                memb_inmemb
 .text.memb_numfree
                0x0000b920       0x1c contiki-srf06-cc26xx.a(memb.o)
                0x0000b920                memb_numfree
 .text.ringbuf_init
                0x0000b93c        0xe contiki-srf06-cc26xx.a(ringbuf.o)
                0x0000b93c                ringbuf_init
 .text.ringbuf_get
                0x0000b94a       0x20 contiki-srf06-cc26xx.a(ringbuf.o)
                0x0000b94a                ringbuf_get
 .text.chksum   0x0000b96a       0x38 contiki-srf06-cc26xx.a(uip6.o)
 .text.uip_icmp6chksum
                0x0000b9a2        0x6 contiki-srf06-cc26xx.a(uip6.o)
                0x0000b9a2                uip_icmp6chksum
 .text.uip_tcpchksum
                0x0000b9a8        0x6 contiki-srf06-cc26xx.a(uip6.o)
                0x0000b9a8                uip_tcpchksum
 .text.uip_udpchksum
                0x0000b9ae        0x6 contiki-srf06-cc26xx.a(uip6.o)
                0x0000b9ae                uip_udpchksum
 .text.uip_htonl
                0x0000b9b4       0x14 contiki-srf06-cc26xx.a(uip6.o)
                0x0000b9b4                uip_htonl
 .text.uip_ds6_list_loop
                0x0000b9c8       0x48 contiki-srf06-cc26xx.a(uip-ds6.o)
                0x0000b9c8                uip_ds6_list_loop
 .text.uip_ds6_maddr_rm
                0x0000ba10        0x8 contiki-srf06-cc26xx.a(uip-ds6.o)
                0x0000ba10                uip_ds6_maddr_rm
 .text.uip_ds6_set_addr_iid
                0x0000ba18       0x12 contiki-srf06-cc26xx.a(uip-ds6.o)
                0x0000ba18                uip_ds6_set_addr_iid
 .text.get_match_length
                0x0000ba2a       0x3a contiki-srf06-cc26xx.a(uip-ds6.o)
                0x0000ba2a                get_match_length
 .text.uip_ds6_nbr_ipaddr_from_lladdr
                0x0000ba64        0x4 contiki-srf06-cc26xx.a(uip-ds6-nbr.o)
                0x0000ba64                uip_ds6_nbr_ipaddr_from_lladdr
 .text.uip_ds6_nbr_lladdr_from_ipaddr
                0x0000ba68       0x12 contiki-srf06-cc26xx.a(uip-ds6-nbr.o)
                0x0000ba68                uip_ds6_nbr_lladdr_from_ipaddr
 .text.uip_ds6_route_next
                0x0000ba7a        0x8 contiki-srf06-cc26xx.a(uip-ds6-route.o)
                0x0000ba7a                uip_ds6_route_next
 .text.rm_routelist_callback
                0x0000ba82        0x4 contiki-srf06-cc26xx.a(uip-ds6-route.o)
 .text.uip_nd6_init
                0x0000ba86        0x2 contiki-srf06-cc26xx.a(uip-nd6.o)
                0x0000ba86                uip_nd6_init
 .text.psock_datalen
                0x0000ba88        0xa contiki-srf06-cc26xx.a(psock.o)
                0x0000ba88                psock_datalen
 .text.psock_init
                0x0000ba92       0x16 contiki-srf06-cc26xx.a(psock.o)
                0x0000ba92                psock_init
 .text.rpl_remove_routes
                0x0000baa8       0x1e contiki-srf06-cc26xx.a(rpl.o)
                0x0000baa8                rpl_remove_routes
 .text.rpl_remove_routes_by_nexthop
                0x0000bac6       0x30 contiki-srf06-cc26xx.a(rpl.o)
                0x0000bac6                rpl_remove_routes_by_nexthop
 .text.rpl_add_route
                0x0000baf6       0x2e contiki-srf06-cc26xx.a(rpl.o)
                0x0000baf6                rpl_add_route
 .text.lollipop_greater_than
                0x0000bb24       0x34 contiki-srf06-cc26xx.a(rpl-dag.o)
 .text.check_prefix
                0x0000bb58       0x58 contiki-srf06-cc26xx.a(rpl-dag.o)
 .text.rpl_rank_via_parent
                0x0000bbb0       0x1a contiki-srf06-cc26xx.a(rpl-dag.o)
                0x0000bbb0                rpl_rank_via_parent
 .text.rpl_get_parent_ipaddr
                0x0000bbca        0xe contiki-srf06-cc26xx.a(rpl-dag.o)
                0x0000bbca                rpl_get_parent_ipaddr
 .text.rpl_get_parent_link_stats
                0x0000bbd8        0xe contiki-srf06-cc26xx.a(rpl-dag.o)
                0x0000bbd8                rpl_get_parent_link_stats
 .text.rpl_parent_is_fresh
                0x0000bbe6        0xe contiki-srf06-cc26xx.a(rpl-dag.o)
                0x0000bbe6                rpl_parent_is_fresh
 .text.rpl_parent_is_reachable
                0x0000bbf4       0x36 contiki-srf06-cc26xx.a(rpl-dag.o)
                0x0000bbf4                rpl_parent_is_reachable
 .text.rpl_set_prefix
                0x0000bc2a       0x6c contiki-srf06-cc26xx.a(rpl-dag.o)
                0x0000bc2a                rpl_set_prefix
 .text.rpl_set_default_route
                0x0000bc96       0x30 contiki-srf06-cc26xx.a(rpl-dag.o)
                0x0000bc96                rpl_set_default_route
 .text.rpl_find_parent
                0x0000bcc6       0x16 contiki-srf06-cc26xx.a(rpl-dag.o)
                0x0000bcc6                rpl_find_parent
 .text.rpl_find_parent_any_dag
                0x0000bcdc       0x1e contiki-srf06-cc26xx.a(rpl-dag.o)
                0x0000bcdc                rpl_find_parent_any_dag
 .text.rpl_select_parent
                0x0000bcfa       0x4a contiki-srf06-cc26xx.a(rpl-dag.o)
                0x0000bcfa                rpl_select_parent
 .text.rpl_select_dag
                0x0000bd44      0x15c contiki-srf06-cc26xx.a(rpl-dag.o)
                0x0000bd44                rpl_select_dag
 .text.rpl_nullify_parent
                0x0000bea0       0x54 contiki-srf06-cc26xx.a(rpl-dag.o)
                0x0000bea0                rpl_nullify_parent
 .text.nbr_callback
                0x0000bef4        0x4 contiki-srf06-cc26xx.a(rpl-dag.o)
 .text.rpl_free_dag
                0x0000bef8       0x3a contiki-srf06-cc26xx.a(rpl-dag.o)
                0x0000bef8                rpl_free_dag
 .text.rpl_move_parent
                0x0000bf32       0x54 contiki-srf06-cc26xx.a(rpl-dag.o)
                0x0000bf32                rpl_move_parent
 .text.rpl_repair_root
                0x0000bf86       0x48 contiki-srf06-cc26xx.a(rpl-dag.o)
                0x0000bf86                rpl_repair_root
 .text.rpl_alloc_dag
                0x0000bfce       0x48 contiki-srf06-cc26xx.a(rpl-dag.o)
                0x0000bfce                rpl_alloc_dag
 .text.rpl_process_parent_event
                0x0000c016       0x96 contiki-srf06-cc26xx.a(rpl-dag.o)
                0x0000c016                rpl_process_parent_event
 .text.rpl_add_dag
                0x0000c0ac      0x112 contiki-srf06-cc26xx.a(rpl-dag.o)
                0x0000c0ac                rpl_add_dag
 .text.rpl_process_dio
                0x0000c1be      0x2e6 contiki-srf06-cc26xx.a(rpl-dag.o)
                0x0000c1be                rpl_process_dio
 .text.get32    0x0000c4a4       0x18 contiki-srf06-cc26xx.a(rpl-icmp6.o)
 .text.set32    0x0000c4bc       0x12 contiki-srf06-cc26xx.a(rpl-icmp6.o)
 .text.get16    0x0000c4ce        0xc contiki-srf06-cc26xx.a(rpl-icmp6.o)
 .text.set16    0x0000c4da        0xa contiki-srf06-cc26xx.a(rpl-icmp6.o)
 .text.rpl_icmp6_update_nbr_table
                0x0000c4e4       0x2e contiki-srf06-cc26xx.a(rpl-icmp6.o)
                0x0000c4e4                rpl_icmp6_update_nbr_table
 .text.reset    0x0000c512        0x2 contiki-srf06-cc26xx.a(rpl-mrhof.o)
 .text.update_metric_container
                0x0000c514        0x6 contiki-srf06-cc26xx.a(rpl-mrhof.o)
 .text.parent_link_metric
                0x0000c51a       0x12 contiki-srf06-cc26xx.a(rpl-mrhof.o)
 .text.parent_has_usable_link
                0x0000c52c       0x12 contiki-srf06-cc26xx.a(rpl-mrhof.o)
 .text.best_dag
                0x0000c53e       0x2c contiki-srf06-cc26xx.a(rpl-mrhof.o)
 .text.parent_path_cost
                0x0000c56a       0x34 contiki-srf06-cc26xx.a(rpl-mrhof.o)
 .text.parent_is_acceptable
                0x0000c59e       0x26 contiki-srf06-cc26xx.a(rpl-mrhof.o)
 .text.rank_via_parent
                0x0000c5c4       0x34 contiki-srf06-cc26xx.a(rpl-mrhof.o)
 .text.best_parent
                0x0000c5f8       0x68 contiki-srf06-cc26xx.a(rpl-mrhof.o)
 .text.handle_unicast_dio_timer
                0x0000c660       0x1c contiki-srf06-cc26xx.a(rpl-timers.o)
 .text.rpl_reset_dio_timer
                0x0000c67c       0x1c contiki-srf06-cc26xx.a(rpl-timers.o)
                0x0000c67c                rpl_reset_dio_timer
 .text.rpl_schedule_dao
                0x0000c698        0x8 contiki-srf06-cc26xx.a(rpl-timers.o)
                0x0000c698                rpl_schedule_dao
 .text.get_probing_delay
                0x0000c6a0       0x3a contiki-srf06-cc26xx.a(rpl-timers.o)
                0x0000c6a0                get_probing_delay
 .text.handle_probing_timer
                0x0000c6da       0x32 contiki-srf06-cc26xx.a(rpl-timers.o)
 .text.NOROM_ThisCodeIsBuiltForCC13xxHwRev20AndLater_HaltIfViolated
                0x0000c70c       0x16 contiki-srf06-cc26xx.a(chipinfo.o)
                0x0000c70c                NOROM_ThisCodeIsBuiltForCC13xxHwRev20AndLater_HaltIfViolated
 .text.NOROM_CPUcpsid
                0x0000c722        0x8 contiki-srf06-cc26xx.a(cpu.o)
                0x0000c722                NOROM_CPUcpsid
 .text.NOROM_CPUcpsie
                0x0000c72a        0x8 contiki-srf06-cc26xx.a(cpu.o)
                0x0000c72a                NOROM_CPUcpsie
 .text.linkaddr_copy
                0x0000c732        0xa contiki-srf06-cc26xx.a(linkaddr.o)
                0x0000c732                linkaddr_copy
 .text.linkaddr_cmp
                0x0000c73c       0x10 contiki-srf06-cc26xx.a(linkaddr.o)
                0x0000c73c                linkaddr_cmp
 .text.link_stats_is_fresh
                0x0000c74c       0x24 contiki-srf06-cc26xx.a(link-stats.o)
                0x0000c74c                link_stats_is_fresh
 .text.item_from_key
                0x0000c770       0x22 contiki-srf06-cc26xx.a(nbr-table.o)
 .text.nbr_set_bit
                0x0000c792       0x38 contiki-srf06-cc26xx.a(nbr-table.o)
 .text.nbr_table_next
                0x0000c7ca       0x3e contiki-srf06-cc26xx.a(nbr-table.o)
                0x0000c7ca                nbr_table_next
 .text.nbr_table_get_from_lladdr
                0x0000c808       0x32 contiki-srf06-cc26xx.a(nbr-table.o)
                0x0000c808                nbr_table_get_from_lladdr
 .text.nbr_table_get_lladdr
                0x0000c83a       0x20 contiki-srf06-cc26xx.a(nbr-table.o)
                0x0000c83a                nbr_table_get_lladdr
 .text.queuebuf_update_attr_from_packetbuf
                0x0000c85a        0xc contiki-srf06-cc26xx.a(queuebuf.o)
                0x0000c85a                queuebuf_update_attr_from_packetbuf
 .text.queuebuf_update_from_packetbuf
                0x0000c866       0x1c contiki-srf06-cc26xx.a(queuebuf.o)
                0x0000c866                queuebuf_update_from_packetbuf
 .text.queuebuf_attr
                0x0000c882        0xc contiki-srf06-cc26xx.a(queuebuf.o)
                0x0000c882                queuebuf_attr
 .text.packet_sent
                0x0000c88e       0xca contiki-srf06-cc26xx.a(csma.o)
 .text.parse    0x0000c958       0x94 contiki-srf06-cc26xx.a(framer-802154.o)
 .text.create   0x0000c9ec        0x6 contiki-srf06-cc26xx.a(framer-802154.o)
 .text.hdr_length
                0x0000c9f2        0x6 contiki-srf06-cc26xx.a(framer-802154.o)
 .text.mac_call_sent_callback
                0x0000c9f8       0x16 contiki-srf06-cc26xx.a(mac.o)
                0x0000c9f8                mac_call_sent_callback
 .text.duty_cycle
                0x0000ca0e        0x4 contiki-srf06-cc26xx.a(contikimac.o)
 .text.qsend_packet
                0x0000ca12       0x22 contiki-srf06-cc26xx.a(contikimac.o)
 .text.init     0x0000ca34        0x2 contiki-srf06-cc26xx.a(nullsec.o)
 .text.stimer_set
                0x0000ca36        0xe contiki-srf06-cc26xx.a(stimer.o)
                0x0000ca36                stimer_set
 .text.NOROM_DDI32RegWrite
                0x0000ca44        0x8 contiki-srf06-cc26xx.a(ddi.o)
                0x0000ca44                NOROM_DDI32RegWrite
 .text.frame802154_has_panid
                0x0000ca4c       0xb0 contiki-srf06-cc26xx.a(frame802154.o)
                0x0000ca4c                frame802154_has_panid
 .text.field_len
                0x0000cafc       0x84 contiki-srf06-cc26xx.a(frame802154.o)
 .text.frame802154_is_broadcast_addr
                0x0000cb80       0x1e contiki-srf06-cc26xx.a(frame802154.o)
                0x0000cb80                frame802154_is_broadcast_addr
 .text.frame802154_hdrlen
                0x0000cb9e       0x32 contiki-srf06-cc26xx.a(frame802154.o)
                0x0000cb9e                frame802154_hdrlen
 .text.frame802154_create
                0x0000cbd0       0xe6 contiki-srf06-cc26xx.a(frame802154.o)
                0x0000cbd0                frame802154_create
 *(SORT(.rodata*))
 *fill*         0x0000ccb6        0x2 00000000
 .rodata.autostart_processes
                0x0000ccb8        0xc border-router.co
                0x0000ccb8                autostart_processes
 .rodata.rpl_interface
                0x0000ccc4        0x8 obj_srf06-cc26xx/slip-bridge.o
                0x0000ccc4                rpl_interface
 .rodata        0x0000cccc       0x40 contiki-srf06-cc26xx.a(board.o)
 .rodata.button_left_sensor
                0x0000cd0c       0x10 contiki-srf06-cc26xx.a(button-sensor.o)
                0x0000cd0c                button_left_sensor
 .rodata.button_right_sensor
                0x0000cd1c       0x10 contiki-srf06-cc26xx.a(button-sensor.o)
                0x0000cd1c                button_right_sensor
 .rodata.output_power
                0x0000cd2c       0x80 contiki-srf06-cc26xx.a(prop-mode.o)
 .rodata.mode_prop
                0x0000cdac        0x8 contiki-srf06-cc26xx.a(prop-mode.o)
 .rodata.prop_mode_driver
                0x0000cdb4       0x38 contiki-srf06-cc26xx.a(prop-mode.o)
                0x0000cdb4                prop_mode_driver
 .rodata.patchImageGenfsk
                0x0000cdec      0x28c contiki-srf06-cc26xx.a(prop-mode.o)
 .rodata.sicslowpan_driver
                0x0000d078        0xc contiki-srf06-cc26xx.a(sicslowpan.o)
                0x0000d078                sicslowpan_driver
 .rodata.csma_driver
                0x0000d084       0x1c contiki-srf06-cc26xx.a(csma.o)
                0x0000d084                csma_driver
 .rodata.framer_802154
                0x0000d0a0        0xc contiki-srf06-cc26xx.a(framer-802154.o)
                0x0000d0a0                framer_802154
 .rodata.contikimac_driver
                0x0000d0ac       0x20 contiki-srf06-cc26xx.a(contikimac.o)
                0x0000d0ac                contikimac_driver
 .rodata.nullsec_driver
                0x0000d0cc       0x10 contiki-srf06-cc26xx.a(nullsec.o)
                0x0000d0cc                nullsec_driver
 .rodata.str1.1
                0x0000d0dc       0xbd border-router.co
                                 0xc1 (size before relaxing)
 .rodata.str1.1
                0x0000d199       0xa1 obj_srf06-cc26xx/slip-bridge.o
 .rodata.http_index_html
                0x0000d23a        0xc obj_srf06-cc26xx/httpd-simple.o
                0x0000d23a                http_index_html
 .rodata.http_header_404
                0x0000d246       0x5d obj_srf06-cc26xx/httpd-simple.o
                0x0000d246                http_header_404
 .rodata.http_header_200
                0x0000d2a3       0x56 obj_srf06-cc26xx/httpd-simple.o
                0x0000d2a3                http_header_200
 .rodata.http_content_type_html
                0x0000d2f9       0x1c obj_srf06-cc26xx/httpd-simple.o
                0x0000d2f9                http_content_type_html
 .rodata.str1.1
                0x0000d315       0x68 obj_srf06-cc26xx/httpd-simple.o
 .rodata.http_get
                0x0000d37d        0x5 obj_srf06-cc26xx/httpd-simple.o
                0x0000d37d                http_get
 .rodata.str1.1
                0x0000d382       0xe2 contiki-srf06-cc26xx.a(contiki-main.o)
 .rodata.str1.1
                0x0000d464        0x8 contiki-srf06-cc26xx.a(sensors.o)
 .rodata.str1.1
                0x0000d46c        0x7 contiki-srf06-cc26xx.a(button-sensor.o)
 .rodata        0x0000d473        0x4 contiki-srf06-cc26xx.a(ext-flash.o)
 .rodata.str1.1
                0x0000d477       0x21 contiki-srf06-cc26xx.a(slip.o)
 .rodata.str1.1
                0x0000d498       0x44 contiki-srf06-cc26xx.a(rf-core.o)
 .rodata.str1.1
                0x0000d4dc       0x1b contiki-srf06-cc26xx.a(soc-trng.o)
 .rodata.str1.1
                0x0000d4f7       0x24 contiki-srf06-cc26xx.a(strformat.o)
                                 0x37 (size before relaxing)
 .rodata.buffer.4019
                0x0000d51b       0x10 contiki-srf06-cc26xx.a(strformat.o)
 .rodata.buffer.4028
                0x0000d52b       0x10 contiki-srf06-cc26xx.a(strformat.o)
 .rodata.str1.1
                0x0000d53b        0xf contiki-srf06-cc26xx.a(ctimer.o)
 .rodata.str1.1
                0x0000d54a        0xc contiki-srf06-cc26xx.a(etimer.o)
 .rodata.str1.1
                0x0000d556        0xe contiki-srf06-cc26xx.a(serial-line.o)
 .rodata        0x0000d564        0x2 contiki-srf06-cc26xx.a(sicslowpan.o)
 .rodata.ttl_values
                0x0000d566        0x4 contiki-srf06-cc26xx.a(sicslowpan.o)
 .rodata.unc_llconf
                0x0000d56a        0x4 contiki-srf06-cc26xx.a(sicslowpan.o)
                0x0000d56a                unc_llconf
 .rodata.llprefix
                0x0000d56e        0x2 contiki-srf06-cc26xx.a(sicslowpan.o)
                0x0000d56e                llprefix
 .rodata.unc_mxconf
                0x0000d570        0x4 contiki-srf06-cc26xx.a(sicslowpan.o)
                0x0000d570                unc_mxconf
 .rodata.str1.1
                0x0000d574        0xb contiki-srf06-cc26xx.a(sicslowpan.o)
 .rodata.unc_ctxconf
                0x0000d57f        0x4 contiki-srf06-cc26xx.a(sicslowpan.o)
                0x0000d57f                unc_ctxconf
 .rodata.str1.1
                0x0000d583        0xd contiki-srf06-cc26xx.a(tcpip.o)
 .rodata.str1.1
                0x0000d590       0x22 contiki-srf06-cc26xx.a(uip-debug.o)
                                 0x28 (size before relaxing)
 .rodata.linkaddr_null
                0x0000d5b2        0x8 contiki-srf06-cc26xx.a(linkaddr.o)
                0x0000d5b2                linkaddr_null
 .rodata.str1.1
                0x0000d5ba        0x5 contiki-srf06-cc26xx.a(csma.o)
 .rodata.str1.1
                0x0000d5bf        0xb contiki-srf06-cc26xx.a(contikimac.o)
 .rodata.str1.1
                0x0000d5ca        0x8 contiki-srf06-cc26xx.a(nullsec.o)
                0x0000d5d2                _etext = .

.glue_7         0x0000d5d4        0x0
 .glue_7        0x00000000        0x0 linker stubs

.glue_7t        0x0000d5d4        0x0
 .glue_7t       0x00000000        0x0 linker stubs

.vfp11_veneer   0x0000d5d4        0x0
 .vfp11_veneer  0x00000000        0x0 linker stubs

.v4_bx          0x0000d5d4        0x0
 .v4_bx         0x00000000        0x0 linker stubs

.iplt           0x0000d5d4        0x0
 .iplt          0x00000000        0x0 obj_srf06-cc26xx/startup_gcc.o

.data           0x20000000      0x321 load address 0x0000d5d2
                0x20000000                _data = .
 *(SORT(vtable))
 *(SORT(.data*))
 .data.border_router_process
                0x20000000       0x10 border-router.co
                0x20000000                border_router_process
 .data.webserver_nogui_process
                0x20000010       0x10 border-router.co
                0x20000010                webserver_nogui_process
 .data.conns    0x20000020        0xc obj_srf06-cc26xx/httpd-simple.o
 .data.sensors_process
                0x2000002c       0x10 contiki-srf06-cc26xx.a(sensors.o)
                0x2000002c                sensors_process
 .data.launchpad_module
                0x2000003c       0x14 contiki-srf06-cc26xx.a(board.o)
 .data.sensors  0x20000050        0xc contiki-srf06-cc26xx.a(launchpad-senso)
                0x20000050                sensors
 .data.prop_lpm_module
                0x2000005c       0x14 contiki-srf06-cc26xx.a(prop-mode.o)
 .data.tx_power_current
                0x20000070        0x4 contiki-srf06-cc26xx.a(prop-mode.o)
                0x20000070                tx_power_current
 .data.slip_process
                0x20000074       0x10 contiki-srf06-cc26xx.a(slip.o)
                0x20000074                slip_process
 .data.uart_module
                0x20000084       0x14 contiki-srf06-cc26xx.a(cc26xx-uart.o)
 .data.rf_core_process
                0x20000098       0x10 contiki-srf06-cc26xx.a(rf-core.o)
                0x20000098                rf_core_process
 .data.rng_module
                0x200000a8       0x14 contiki-srf06-cc26xx.a(soc-trng.o)
 .data.soc_trng_process
                0x200000bc       0x10 contiki-srf06-cc26xx.a(soc-trng.o)
                0x200000bc                soc_trng_process
 .data.ctxt     0x200000cc        0x8 contiki-srf06-cc26xx.a(dbg-printf.o)
 .data.ctimer_process
                0x200000d4       0x10 contiki-srf06-cc26xx.a(ctimer.o)
                0x200000d4                ctimer_process
 .data.etimer_process
                0x200000e4       0x10 contiki-srf06-cc26xx.a(etimer.o)
                0x200000e4                etimer_process
 .data.serial_line_process
                0x200000f4       0x10 contiki-srf06-cc26xx.a(serial-line.o)
                0x200000f4                serial_line_process
 .data.ds6_neighbors
                0x20000104        0x4 contiki-srf06-cc26xx.a(uip-ds6-nbr.o)
                0x20000104                ds6_neighbors
 .data.ds6_neighbors_struct
                0x20000108       0x10 contiki-srf06-cc26xx.a(uip-ds6-nbr.o)
 .data.defaultroutermemb
                0x20000118        0xc contiki-srf06-cc26xx.a(uip-ds6-route.o)
 .data.nbr_routes_struct
                0x20000124       0x10 contiki-srf06-cc26xx.a(uip-ds6-route.o)
 .data.nbr_routes
                0x20000134        0x4 contiki-srf06-cc26xx.a(uip-ds6-route.o)
                0x20000134                nbr_routes
 .data.routememb
                0x20000138        0xc contiki-srf06-cc26xx.a(uip-ds6-route.o)
 .data.neighborroutememb
                0x20000144        0xc contiki-srf06-cc26xx.a(uip-ds6-route.o)
 .data.echo_request_handler
                0x20000150        0xc contiki-srf06-cc26xx.a(uip-icmp6.o)
 .data.echo_reply_handler
                0x2000015c        0xc contiki-srf06-cc26xx.a(uip-icmp6.o)
 .data.tcpip_process
                0x20000168       0x10 contiki-srf06-cc26xx.a(tcpip.o)
                0x20000168                tcpip_process
 .data.rpl_parents
                0x20000178        0x4 contiki-srf06-cc26xx.a(rpl-dag.o)
                0x20000178                rpl_parents
 .data.rpl_parents_struct
                0x2000017c       0x10 contiki-srf06-cc26xx.a(rpl-dag.o)
 .data.dao_ack_handler
                0x2000018c        0xc contiki-srf06-cc26xx.a(rpl-icmp6.o)
 .data.dis_handler
                0x20000198        0xc contiki-srf06-cc26xx.a(rpl-icmp6.o)
 .data.dao_handler
                0x200001a4        0xc contiki-srf06-cc26xx.a(rpl-icmp6.o)
 .data.dio_handler
                0x200001b0        0xc contiki-srf06-cc26xx.a(rpl-icmp6.o)
 .data.rpl_mrhof
                0x200001bc       0x24 contiki-srf06-cc26xx.a(rpl-mrhof.o)
                0x200001bc                rpl_mrhof
 .data.link_stats_struct
                0x200001e0       0x10 contiki-srf06-cc26xx.a(link-stats.o)
 .data.neighbor_addr_mem
                0x200001f0        0xc contiki-srf06-cc26xx.a(nbr-table.o)
 .data.bufmem   0x200001fc        0xc contiki-srf06-cc26xx.a(queuebuf.o)
 .data.buframmem
                0x20000208        0xc contiki-srf06-cc26xx.a(queuebuf.o)
 .data.metadata_memb
                0x20000214        0xc contiki-srf06-cc26xx.a(csma.o)
 .data.neighbor_memb
                0x20000220        0xc contiki-srf06-cc26xx.a(csma.o)
 .data.packet_memb
                0x2000022c        0xc contiki-srf06-cc26xx.a(csma.o)
 .data.smartrf_settings_cmd_prop_rx_adv
                0x20000238       0x30 contiki-srf06-cc26xx.a(smartrf-setting)
                0x20000238                smartrf_settings_cmd_prop_rx_adv
 .data.smartrf_settings_cmd_fs
                0x20000268       0x18 contiki-srf06-cc26xx.a(smartrf-setting)
                0x20000268                smartrf_settings_cmd_fs
 .data.smartrf_settings_cmd_prop_radio_div_setup
                0x20000280       0x28 contiki-srf06-cc26xx.a(smartrf-setting)
                0x20000280                smartrf_settings_cmd_prop_radio_div_setup
 .data.smartrf_settings_cmd_prop_tx_adv
                0x200002a8       0x20 contiki-srf06-cc26xx.a(smartrf-setting)
                0x200002a8                smartrf_settings_cmd_prop_tx_adv
 .data.overrides
                0x200002c8       0x54 contiki-srf06-cc26xx.a(smartrf-setting)
                0x200002c8                overrides
 .data.mac_pan_id
                0x2000031c        0x2 contiki-srf06-cc26xx.a(frame802154.o)
 .data.rssi_threshold
                0x2000031e        0x1 contiki-srf06-cc26xx.a(prop-mode.o)
 .data.rng_ready_event
                0x2000031f        0x1 contiki-srf06-cc26xx.a(soc-trng.o)
 .data.dao_sequence
                0x20000320        0x1 contiki-srf06-cc26xx.a(rpl-icmp6.o)
                0x20000321                _edata = .

.igot.plt       0x20000324        0x0 load address 0x0000d8f3
 .igot.plt      0x00000000        0x0 obj_srf06-cc26xx/startup_gcc.o

.ARM.exidx      0x0000d8f4        0x8
 *(SORT(.ARM.exidx*))
 .ARM.exidx     0x0000d8f4        0x8 /usr/bin/../lib/gcc/arm-none-eabi/4.9.3/armv7-m/libgcc.a(_divdi3.o)
 .ARM.exidx     0x0000d8fc        0x0 /usr/bin/../lib/gcc/arm-none-eabi/4.9.3/armv7-m/libgcc.a(_udivdi3.o)
                                  0x8 (size before relaxing)

.bss            0x20000328     0x266e
                0x20000328                _bss = .
 *(SORT(.bss*))
 .bss.count     0x20000328        0x8 contiki-srf06-cc26xx.a(clock.o)
 .bss.rands_cache
                0x20000330       0x20 contiki-srf06-cc26xx.a(soc-trng.o)
 .bss.et.8333   0x20000350       0x10 border-router.co
 .bss.blen      0x20000360        0x4 border-router.co
 .bss.r.8293    0x20000364        0x4 border-router.co
 .bss.nbr.8294  0x20000368        0x4 border-router.co
 .bss.conns_memb_mem