Archive member included because of file (symbol)

contiki-srf06-cc26xx.a(contiki-main.o)
                              obj_srf06-cc26xx/startup_gcc.o (main)
contiki-srf06-cc26xx.a(sensors.o)
                              contiki-srf06-cc26xx.a(contiki-main.o) (sensors_process)
contiki-srf06-cc26xx.a(leds.o)
                              contiki-srf06-cc26xx.a(contiki-main.o) (leds_init)
contiki-srf06-cc26xx.a(board.o)
                              contiki-srf06-cc26xx.a(contiki-main.o) (board_init)
contiki-srf06-cc26xx.a(launchpad-senso)
                              contiki-srf06-cc26xx.a(sensors.o) (sensors_flags)
contiki-srf06-cc26xx.a(leds-arch.o)
                              contiki-srf06-cc26xx.a(leds.o) (leds_arch_init)
contiki-srf06-cc26xx.a(button-sensor.o)
                              contiki-srf06-cc26xx.a(launchpad-senso) (button_right_sensor)
contiki-srf06-cc26xx.a(ext-flash.o)
                              contiki-srf06-cc26xx.a(board.o) (ext_flash_init)
contiki-srf06-cc26xx.a(board-spi.o)
                              contiki-srf06-cc26xx.a(ext-flash.o) (board_spi_write)
contiki-srf06-cc26xx.a(prop-mode.o)
                              contiki-srf06-cc26xx.a(contiki-main.o) (prop_mode_driver)
contiki-srf06-cc26xx.a(clock.o)
                              contiki-srf06-cc26xx.a(contiki-main.o) (clock_init)
contiki-srf06-cc26xx.a(rtimer-arch.o)
                              contiki-srf06-cc26xx.a(prop-mode.o) (rtimer_arch_now)
contiki-srf06-cc26xx.a(soc-rtc.o)
                              contiki-srf06-cc26xx.a(contiki-main.o) (soc_rtc_init)
contiki-srf06-cc26xx.a(contiki-watchdo)
                              contiki-srf06-cc26xx.a(contiki-main.o) (watchdog_init)
contiki-srf06-cc26xx.a(putchar.o)
                              udp-client.co (putchar)
contiki-srf06-cc26xx.a(ieee-addr.o)
                              contiki-srf06-cc26xx.a(contiki-main.o) (ieee_addr_cpy_to)
contiki-srf06-cc26xx.a(cc26xx-uart.o)
                              contiki-srf06-cc26xx.a(contiki-main.o) (cc26xx_uart_init)
contiki-srf06-cc26xx.a(lpm.o)
                              contiki-srf06-cc26xx.a(button-sensor.o) (lpm_shutdown)
contiki-srf06-cc26xx.a(gpio-interrupt.)
                              contiki-srf06-cc26xx.a(button-sensor.o) (gpio_interrupt_register_handler)
contiki-srf06-cc26xx.a(oscillators.o)
                              contiki-srf06-cc26xx.a(contiki-main.o) (oscillators_select_lf_xosc)
contiki-srf06-cc26xx.a(rf-core.o)
                              contiki-srf06-cc26xx.a(prop-mode.o) (rf_core_is_accessible)
contiki-srf06-cc26xx.a(rf-ble.o)
                              contiki-srf06-cc26xx.a(prop-mode.o) (rf_ble_is_active)
contiki-srf06-cc26xx.a(random.o)
                              udp-client.co (random_rand)
contiki-srf06-cc26xx.a(soc-trng.o)
                              contiki-srf06-cc26xx.a(random.o) (soc_trng_rand_synchronous)
contiki-srf06-cc26xx.a(dbg-printf.o)
                              udp-client.co (printf)
contiki-srf06-cc26xx.a(dbg-sprintf.o)
                              udp-client.co (sprintf)
contiki-srf06-cc26xx.a(strformat.o)
                              contiki-srf06-cc26xx.a(dbg-printf.o) (format_str_v)
contiki-srf06-cc26xx.a(autostart.o)
                              contiki-srf06-cc26xx.a(contiki-main.o) (autostart_start)
contiki-srf06-cc26xx.a(ctimer.o)
                              contiki-srf06-cc26xx.a(contiki-main.o) (ctimer_init)
contiki-srf06-cc26xx.a(energest.o)
                              contiki-srf06-cc26xx.a(contiki-main.o) (energest_init)
contiki-srf06-cc26xx.a(etimer.o)
                              contiki-srf06-cc26xx.a(clock.o) (etimer_request_poll)
contiki-srf06-cc26xx.a(process.o)
                              contiki-srf06-cc26xx.a(sensors.o) (process_alloc_event)
contiki-srf06-cc26xx.a(rtimer.o)
                              contiki-srf06-cc26xx.a(contiki-main.o) (rtimer_init)
contiki-srf06-cc26xx.a(stimer.o)
                              udp-client.co (stimer_remaining)
contiki-srf06-cc26xx.a(timer.o)
                              contiki-srf06-cc26xx.a(button-sensor.o) (timer_set)
contiki-srf06-cc26xx.a(serial-line.o)
                              udp-client.co (serial_line_event_message)
contiki-srf06-cc26xx.a(list.o)
                              contiki-srf06-cc26xx.a(lpm.o) (list_init)
contiki-srf06-cc26xx.a(ringbuf.o)
                              contiki-srf06-cc26xx.a(serial-line.o) (ringbuf_init)
contiki-srf06-cc26xx.a(sicslowpan.o)
                              contiki-srf06-cc26xx.a(contiki-main.o) (sicslowpan_driver)
contiki-srf06-cc26xx.a(uip6.o)
                              contiki-srf06-cc26xx.a(sicslowpan.o) (uip_aligned_buf)
contiki-srf06-cc26xx.a(uip-ds6.o)
                              contiki-srf06-cc26xx.a(uip6.o) (uip_ds6_is_addr_onlink)
contiki-srf06-cc26xx.a(uip-ds6-nbr.o)
                              contiki-srf06-cc26xx.a(uip-ds6.o) (uip_ds6_neighbors_init)
contiki-srf06-cc26xx.a(uip-ds6-route.o)
[...]
Memory Configuration

Name             Origin             Length             Attributes
FLASH            0x00000000         0x0001ffa8         xr
FLASH_CCFG       0x0001ffa8         0x00000058         xr
SRAM             0x20000000         0x00005000         xrw
GPRAM            0x11000000         0x00002000         xrw
*default*        0x00000000         0xffffffff

Linker script and memory map

LOAD obj_srf06-cc26xx/fault-handlers.o
LOAD obj_srf06-cc26xx/ccfg.o
LOAD obj_srf06-cc26xx/startup_gcc.o
LOAD udp-client.co
LOAD contiki-srf06-cc26xx.a
LOAD /usr/bin/../lib/gcc/arm-none-eabi/4.9.3/../../../../arm-none-eabi/lib/armv7-m/libm.a
START GROUP
LOAD /usr/bin/../lib/gcc/arm-none-eabi/4.9.3/armv7-m/libgcc.a
LOAD /usr/bin/../lib/gcc/arm-none-eabi/4.9.3/../../../../arm-none-eabi/lib/armv7-m/libc.a
END GROUP
                0x20005000                _estack = (ORIGIN (SRAM) + 0x5000)
                0x00000000                _Min_Heap_Size = 0x0
                0x00000100                _Min_Stack_Size = 0x100

.text           0x00000000     0xd8d4
                0x00000000                _text = .
 *(SORT(.vectors))
 .vectors       0x00000000       0xc8 obj_srf06-cc26xx/startup_gcc.o
                0x00000000                g_pfnVectors
 *(SORT(.text*))
 .text.FaultISR
                0x000000c8       0x18 obj_srf06-cc26xx/fault-handlers.o
                0x000000c8                FaultISR
 .text.NmiSRHandler
                0x000000e0        0x4 obj_srf06-cc26xx/startup_gcc.o
                0x000000e0                NmiSR
 .text.IntDefaultHandler
                0x000000e4        0x4 obj_srf06-cc26xx/startup_gcc.o
                0x000000e4                SSI0IntHandler
                0x000000e4                SWEvent0IntHandler
                0x000000e4                uDMAIntHandler
                0x000000e4                WatchdogIntHandler
                0x000000e4                RFCHardwareIntHandler
                0x000000e4                Timer1BIntHandler
                0x000000e4                I2SIntHandler
                0x000000e4                Timer2BIntHandler
                0x000000e4                Timer2AIntHandler
                0x000000e4                Timer1AIntHandler
                0x000000e4                AONIntHandler
                0x000000e4                AUXSWEvent0IntHandler
                0x000000e4                AUXADCIntHandler
                0x000000e4                PendSVIntHandler
                0x000000e4                AUXSWEvent1IntHandler
                0x000000e4                SVCallIntHandler
                0x000000e4                MPUFaultIntHandler
                0x000000e4                SysTickIntHandler
                0x000000e4                BusFaultIntHandler
                0x000000e4                AONProgIntHandler
                0x000000e4                AUXCompAIntHandler
                0x000000e4                SSI1IntHandler
                0x000000e4                FlashIntHandler
                0x000000e4                uDMAErrIntHandler
                0x000000e4                UsageFaultIntHandler
                0x000000e4                RFCCmdAckIntHandler
                0x000000e4                CryptoIntHandler
                0x000000e4                Timer0AIntHandler
                0x000000e4                I2CIntHandler
                0x000000e4                DebugMonIntHandler
                0x000000e4                Timer0BIntHandler
                0x000000e4                AUXCombEventIntHandler
                0x000000e4                Timer3AIntHandler
                0x000000e4                DynProgIntHandler
                0x000000e4                Timer3BIntHandler
 .text.ResetISR
                0x000000e8       0x5c obj_srf06-cc26xx/startup_gcc.o
                0x000000e8                ResetISR
 .text.send_packet
                0x00000144       0x54 udp-client.co
 .text.process_thread_udp_client_process
                0x00000198      0x298 udp-client.co
 .text.fade     0x00000430       0x64 contiki-srf06-cc26xx.a(contiki-main.o)
 .text.startup.main
                0x00000494      0x24c contiki-srf06-cc26xx.a(contiki-main.o)
                0x00000494                main
 .text.process_thread_sensors_process
                0x000006e0       0xf8 contiki-srf06-cc26xx.a(sensors.o)
 .text.sensors_changed
                0x000007d8       0x50 contiki-srf06-cc26xx.a(sensors.o)
                0x000007d8                sensors_changed
 .text.leds_init
                0x00000828       0x14 contiki-srf06-cc26xx.a(leds.o)
                0x00000828                leds_init
 .text.leds_on  0x0000083c       0x14 contiki-srf06-cc26xx.a(leds.o)
                0x0000083c                leds_on
 .text.leds_off
                0x00000850       0x14 contiki-srf06-cc26xx.a(leds.o)
                0x00000850                leds_off
 .text.wakeup_handler
                0x00000864       0x20 contiki-srf06-cc26xx.a(board.o)
 .text.board_init
                0x00000884       0x98 contiki-srf06-cc26xx.a(board.o)
                0x00000884                board_init
 .text.leds_arch_init
                0x0000091c       0x34 contiki-srf06-cc26xx.a(leds-arch.o)
                0x0000091c                leds_arch_init
 .text.leds_arch_set
                0x00000950       0x2c contiki-srf06-cc26xx.a(leds-arch.o)
                0x00000950                leds_arch_set
 .text.status.part.0
                0x0000097c       0x14 contiki-srf06-cc26xx.a(button-sensor.o)
 .text.value_left
                0x00000990       0x24 contiki-srf06-cc26xx.a(button-sensor.o)
 .text.value_right
                0x000009b4       0x18 contiki-srf06-cc26xx.a(button-sensor.o)
 .text.status_left
                0x000009cc       0x10 contiki-srf06-cc26xx.a(button-sensor.o)
 .text.status_right
                0x000009dc       0x10 contiki-srf06-cc26xx.a(button-sensor.o)
 .text.config_buttons
                0x000009ec       0x84 contiki-srf06-cc26xx.a(button-sensor.o)
 .text.config_left
                0x00000a70        0xc contiki-srf06-cc26xx.a(button-sensor.o)
 .text.config_right
                0x00000a7c        0xc contiki-srf06-cc26xx.a(button-sensor.o)
 .text.button_press_handler
                0x00000a88       0x64 contiki-srf06-cc26xx.a(button-sensor.o)
 .text.verify_part
                0x00000aec       0x7c contiki-srf06-cc26xx.a(ext-flash.o)
 .text.wait_ready
                0x00000b68       0x64 contiki-srf06-cc26xx.a(ext-flash.o)
 .text.power_down
                0x00000bcc       0x50 contiki-srf06-cc26xx.a(ext-flash.o)
 .text.ext_flash_open
                0x00000c1c       0x60 contiki-srf06-cc26xx.a(ext-flash.o)
                0x00000c1c                ext_flash_open
 .text.ext_flash_init
                0x00000c7c       0x14 contiki-srf06-cc26xx.a(ext-flash.o)
                0x00000c7c                ext_flash_init
 .text.accessible
                0x00000c90       0x24 contiki-srf06-cc26xx.a(board-spi.o)
 .text.board_spi_write
                0x00000cb4       0x3c contiki-srf06-cc26xx.a(board-spi.o)
                0x00000cb4                board_spi_write
 .text.board_spi_read
                0x00000cf0       0x48 contiki-srf06-cc26xx.a(board-spi.o)
                0x00000cf0                board_spi_read
 .text.board_spi_flush
                0x00000d38       0x24 contiki-srf06-cc26xx.a(board-spi.o)
                0x00000d38                board_spi_flush
 .text.board_spi_open
                0x00000d5c       0xc0 contiki-srf06-cc26xx.a(board-spi.o)
                0x00000d5c                board_spi_open
 .text.board_spi_close
                0x00000e1c       0x70 contiki-srf06-cc26xx.a(board-spi.o)
                0x00000e1c                board_spi_close
 .text.get_object
                0x00000e8c        0x4 contiki-srf06-cc26xx.a(prop-mode.o)
 .text.set_object
                0x00000e90        0x4 contiki-srf06-cc26xx.a(prop-mode.o)
 .text.request  0x00000e94       0x20 contiki-srf06-cc26xx.a(prop-mode.o)
 .text.soft_off_prop
                0x00000eb4       0x3c contiki-srf06-cc26xx.a(prop-mode.o)
 .text.rx_on_prop
                0x00000ef0       0x70 contiki-srf06-cc26xx.a(prop-mode.o)
 .text.prepare  0x00000f60       0x1c contiki-srf06-cc26xx.a(prop-mode.o)
 .text.pending_packet
                0x00000f7c       0x34 contiki-srf06-cc26xx.a(prop-mode.o)
 .text.read_frame
                0x00000fb0       0x50 contiki-srf06-cc26xx.a(prop-mode.o)
 .text.rx_off_prop
                0x00001000       0x50 contiki-srf06-cc26xx.a(prop-mode.o)
 .text.prop_div_radio_setup
                0x00001050       0x44 contiki-srf06-cc26xx.a(prop-mode.o)
 .text.prop_fs  0x00001094       0x34 contiki-srf06-cc26xx.a(prop-mode.o)
 .text.soft_on_prop
                0x000010c8       0x20 contiki-srf06-cc26xx.a(prop-mode.o)
 .text.off      0x000010e8       0x34 contiki-srf06-cc26xx.a(prop-mode.o)
 .text.on       0x0000111c       0xf0 contiki-srf06-cc26xx.a(prop-mode.o)
 .text.set_value
                0x0000120c      0x158 contiki-srf06-cc26xx.a(prop-mode.o)
 .text.get_value
                0x00001364      0x13c contiki-srf06-cc26xx.a(prop-mode.o)
 .text.transmit
                0x000014a0       0xac contiki-srf06-cc26xx.a(prop-mode.o)
 .text.send     0x0000154c       0x24 contiki-srf06-cc26xx.a(prop-mode.o)
 .text.channel_clear
                0x00001570       0x74 contiki-srf06-cc26xx.a(prop-mode.o)
 .text.receiving_packet
                0x000015e4       0x28 contiki-srf06-cc26xx.a(prop-mode.o)
 .text.init     0x0000160c       0xd4 contiki-srf06-cc26xx.a(prop-mode.o)
 .text.power_domain_on
                0x000016e0       0x20 contiki-srf06-cc26xx.a(clock.o)
 .text.clock_init
                0x00001700       0x98 contiki-srf06-cc26xx.a(clock.o)
                0x00001700                clock_init
 .text.clock_time
                0x00001798       0x34 contiki-srf06-cc26xx.a(clock.o)
                0x00001798                clock_time
 .text.clock_update
                0x000017cc       0x3c contiki-srf06-cc26xx.a(clock.o)
                0x000017cc                clock_update
 .text.clock_seconds
                0x00001808       0x18 contiki-srf06-cc26xx.a(clock.o)
                0x00001808                clock_seconds
 .text.rtimer_arch_init
                0x00001820        0x4 contiki-srf06-cc26xx.a(rtimer-arch.o)
                0x00001820                rtimer_arch_init
 .text.rtimer_arch_schedule
                0x00001824        0x8 contiki-srf06-cc26xx.a(rtimer-arch.o)
                0x00001824                rtimer_arch_schedule
 .text.rtimer_arch_now
                0x0000182c        0x4 contiki-srf06-cc26xx.a(rtimer-arch.o)
                0x0000182c                rtimer_arch_now
 .text.soc_rtc_init
                0x00001830       0xa0 contiki-srf06-cc26xx.a(soc-rtc.o)
                0x00001830                soc_rtc_init
 .text.soc_rtc_schedule_one_shot
                0x000018d0       0x70 contiki-srf06-cc26xx.a(soc-rtc.o)
                0x000018d0                soc_rtc_schedule_one_shot
 .text.soc_rtc_last_isr_time
                0x00001940        0xc contiki-srf06-cc26xx.a(soc-rtc.o)
                0x00001940                soc_rtc_last_isr_time
 .text.AONRTCIntHandler
                0x0000194c       0x88 contiki-srf06-cc26xx.a(soc-rtc.o)
                0x0000194c                AONRTCIntHandler
 .text.lock_config
                0x000019d4       0x18 contiki-srf06-cc26xx.a(contiki-watchdo)
 .text.unlock_config
                0x000019ec       0x2c contiki-srf06-cc26xx.a(contiki-watchdo)
 .text.watchdog_init
                0x00001a18       0x1c contiki-srf06-cc26xx.a(contiki-watchdo)
                0x00001a18                watchdog_init
 .text.watchdog_start
                0x00001a34       0x30 contiki-srf06-cc26xx.a(contiki-watchdo)
                0x00001a34                watchdog_start
 .text.watchdog_periodic
                0x00001a64       0x1c contiki-srf06-cc26xx.a(contiki-watchdo)
                0x00001a64                watchdog_periodic
 .text.putchar  0x00001a80       0x10 contiki-srf06-cc26xx.a(putchar.o)
                0x00001a80                putchar
 .text.puts     0x00001a90       0x30 contiki-srf06-cc26xx.a(putchar.o)
                0x00001a90                puts
 .text.dbg_send_bytes
                0x00001ac0       0x40 contiki-srf06-cc26xx.a(putchar.o)
                0x00001ac0                dbg_send_bytes
 .text.ieee_addr_cpy_to
                0x00001b00       0x40 contiki-srf06-cc26xx.a(ieee-addr.o)
                0x00001b00                ieee_addr_cpy_to
 .text.power_and_clock
                0x00001b40       0x40 contiki-srf06-cc26xx.a(cc26xx-uart.o)
 .text.enable   0x00001b80       0xf0 contiki-srf06-cc26xx.a(cc26xx-uart.o)
 .text.accessible
                0x00001c70       0x24 contiki-srf06-cc26xx.a(cc26xx-uart.o)
 .text.lpm_drop_handler
                0x00001c94       0xc8 contiki-srf06-cc26xx.a(cc26xx-uart.o)
 .text.cc26xx_uart_init
                0x00001d5c       0x28 contiki-srf06-cc26xx.a(cc26xx-uart.o)
                0x00001d5c                cc26xx_uart_init
 .text.cc26xx_uart_write_byte
                0x00001d84       0x28 contiki-srf06-cc26xx.a(cc26xx-uart.o)
                0x00001d84                cc26xx_uart_write_byte
 .text.cc26xx_uart_busy
                0x00001dac       0x18 contiki-srf06-cc26xx.a(cc26xx-uart.o)
                0x00001dac                cc26xx_uart_busy
 .text.UART0IntHandler
                0x00001dc4       0x54 contiki-srf06-cc26xx.a(cc26xx-uart.o)
                0x00001dc4                UART0IntHandler
 .text.lpm_shutdown
                0x00001e18      0x19c contiki-srf06-cc26xx.a(lpm.o)
                0x00001e18                lpm_shutdown
 .text.lpm_sleep
                0x00001fb4       0x14 contiki-srf06-cc26xx.a(lpm.o)
                0x00001fb4                lpm_sleep
 .text.lpm_drop
                0x00001fc8      0x25c contiki-srf06-cc26xx.a(lpm.o)
                0x00001fc8                lpm_drop
 .text.lpm_register_module
                0x00002224        0xc contiki-srf06-cc26xx.a(lpm.o)
                0x00002224                lpm_register_module
 .text.lpm_unregister_module
                0x00002230        0xc contiki-srf06-cc26xx.a(lpm.o)
                0x00002230                lpm_unregister_module
 .text.lpm_init
                0x0000223c       0x20 contiki-srf06-cc26xx.a(lpm.o)
                0x0000223c                lpm_init
 .text.lpm_pin_set_default_state
                0x0000225c       0x2c contiki-srf06-cc26xx.a(lpm.o)
                0x0000225c                lpm_pin_set_default_state
 .text.gpio_interrupt_register_handler
                0x00002288       0x2c contiki-srf06-cc26xx.a(gpio-interrupt.)
                0x00002288                gpio_interrupt_register_handler
 .text.gpio_interrupt_init
                0x000022b4       0x24 contiki-srf06-cc26xx.a(gpio-interrupt.)
                0x000022b4                gpio_interrupt_init
 .text.GPIOIntHandler
                0x000022d8       0x30 contiki-srf06-cc26xx.a(gpio-interrupt.)
                0x000022d8                GPIOIntHandler
 .text.oscillators_select_lf_xosc
                0x00002308       0x58 contiki-srf06-cc26xx.a(oscillators.o)
                0x00002308                oscillators_select_lf_xosc
 .text.oscillators_select_lf_rcosc
                0x00002360       0x3c contiki-srf06-cc26xx.a(oscillators.o)
                0x00002360                oscillators_select_lf_rcosc
 .text.oscillators_request_hf_xosc
                0x0000239c       0x30 contiki-srf06-cc26xx.a(oscillators.o)
                0x0000239c                oscillators_request_hf_xosc
 .text.oscillators_switch_to_hf_xosc
                0x000023cc       0x34 contiki-srf06-cc26xx.a(oscillators.o)
                0x000023cc                oscillators_switch_to_hf_xosc
 .text.oscillators_switch_to_hf_rc
                0x00002400       0x38 contiki-srf06-cc26xx.a(oscillators.o)
                0x00002400                oscillators_switch_to_hf_rc
 .text.process_thread_rf_core_process
                0x00002438       0x58 contiki-srf06-cc26xx.a(rf-core.o)
 .text.rf_core_is_accessible
                0x00002490       0x10 contiki-srf06-cc26xx.a(rf-core.o)
                0x00002490                rf_core_is_accessible
 .text.rf_core_send_cmd
                0x000024a0       0xa4 contiki-srf06-cc26xx.a(rf-core.o)
                0x000024a0                rf_core_send_cmd
 .text.rf_core_wait_cmd_done
                0x00002544       0x30 contiki-srf06-cc26xx.a(rf-core.o)
                0x00002544                rf_core_wait_cmd_done
 .text.rf_core_power_up
                0x00002574       0xb4 contiki-srf06-cc26xx.a(rf-core.o)
                0x00002574                rf_core_power_up
 .text.rf_core_start_rat
                0x00002628       0x68 contiki-srf06-cc26xx.a(rf-core.o)
                0x00002628                rf_core_start_rat
 .text.rf_core_stop_rat
                0x00002690       0x7c contiki-srf06-cc26xx.a(rf-core.o)
                0x00002690                rf_core_stop_rat
 .text.rf_core_power_down
                0x0000270c       0xec contiki-srf06-cc26xx.a(rf-core.o)
                0x0000270c                rf_core_power_down
 .text.rf_core_set_modesel
                0x000027f8       0x44 contiki-srf06-cc26xx.a(rf-core.o)
                0x000027f8                rf_core_set_modesel
 .text.rf_core_setup_interrupts
                0x0000283c       0x74 contiki-srf06-cc26xx.a(rf-core.o)
                0x0000283c                rf_core_setup_interrupts
 .text.rf_core_cmd_done_en
                0x000028b0       0x28 contiki-srf06-cc26xx.a(rf-core.o)
                0x000028b0                rf_core_cmd_done_en
 .text.rf_core_cmd_done_dis
                0x000028d8       0x18 contiki-srf06-cc26xx.a(rf-core.o)
                0x000028d8                rf_core_cmd_done_dis
 .text.rf_core_get_last_radio_op
                0x000028f0        0xc contiki-srf06-cc26xx.a(rf-core.o)
                0x000028f0                rf_core_get_last_radio_op
 .text.rf_core_primary_mode_register
                0x000028fc        0xc contiki-srf06-cc26xx.a(rf-core.o)
                0x000028fc                rf_core_primary_mode_register
 .text.RFCCPE1IntHandler
                0x00002908       0x28 contiki-srf06-cc26xx.a(rf-core.o)
                0x00002908                RFCCPE1IntHandler
 .text.RFCCPE0IntHandler
                0x00002930       0x5c contiki-srf06-cc26xx.a(rf-core.o)
                0x00002930                RFCCPE0IntHandler
 .text.rf_ble_is_active
                0x0000298c        0xc contiki-srf06-cc26xx.a(rf-ble.o)
                0x0000298c                rf_ble_is_active
 .text.random_rand
                0x00002998        0xc contiki-srf06-cc26xx.a(random.o)
                0x00002998                random_rand
 .text.random_init
                0x000029a4        0x4 contiki-srf06-cc26xx.a(random.o)
                0x000029a4                random_init
 .text.power_up
                0x000029a8       0x40 contiki-srf06-cc26xx.a(soc-trng.o)
 .text.request  0x000029e8       0x14 contiki-srf06-cc26xx.a(soc-trng.o)
 .text.process_thread_soc_trng_process
                0x000029fc       0x94 contiki-srf06-cc26xx.a(soc-trng.o)
 .text.accessible
                0x00002a90       0x24 contiki-srf06-cc26xx.a(soc-trng.o)
 .text.soc_trng_rand_synchronous
                0x00002ab4       0xc4 contiki-srf06-cc26xx.a(soc-trng.o)
                0x00002ab4                soc_trng_rand_synchronous
 .text.TRNGIntHandler
                0x00002b78       0x50 contiki-srf06-cc26xx.a(soc-trng.o)
                0x00002b78                TRNGIntHandler
 .text.soc_trng_init
                0x00002bc8       0x28 contiki-srf06-cc26xx.a(soc-trng.o)
                0x00002bc8                soc_trng_init
 .text.write_str
                0x00002bf0       0x14 contiki-srf06-cc26xx.a(dbg-printf.o)
 .text.printf   0x00002c04       0x24 contiki-srf06-cc26xx.a(dbg-printf.o)
                0x00002c04                printf
 .text.buffer_str
                0x00002c28       0x18 contiki-srf06-cc26xx.a(dbg-sprintf.o)
 .text.sprintf  0x00002c40       0x34 contiki-srf06-cc26xx.a(dbg-sprintf.o)
                0x00002c40                sprintf
 .text.fill_space
                0x00002c74       0x3c contiki-srf06-cc26xx.a(strformat.o)
 .text.format_str_v
                0x00002cb0      0x95c contiki-srf06-cc26xx.a(strformat.o)
                0x00002cb0                format_str_v
 .text.autostart_start
                0x0000360c       0x18 contiki-srf06-cc26xx.a(autostart.o)
                0x0000360c                autostart_start
 .text.process_thread_ctimer_process
                0x00003624       0x94 contiki-srf06-cc26xx.a(ctimer.o)
 .text.ctimer_init
                0x000036b8       0x28 contiki-srf06-cc26xx.a(ctimer.o)
                0x000036b8                ctimer_init
 .text.ctimer_set_with_process
                0x000036e0       0x4c contiki-srf06-cc26xx.a(ctimer.o)
                0x000036e0                ctimer_set_with_process
 .text.ctimer_set
                0x0000372c       0x18 contiki-srf06-cc26xx.a(ctimer.o)
                0x0000372c                ctimer_set
 .text.ctimer_reset
                0x00003744       0x38 contiki-srf06-cc26xx.a(ctimer.o)
                0x00003744                ctimer_reset
 .text.ctimer_restart
                0x0000377c       0x38 contiki-srf06-cc26xx.a(ctimer.o)
                0x0000377c                ctimer_restart
 .text.ctimer_stop
                0x000037b4       0x34 contiki-srf06-cc26xx.a(ctimer.o)
                0x000037b4                ctimer_stop
 .text.energest_init
                0x000037e8        0x4 contiki-srf06-cc26xx.a(energest.o)
                0x000037e8                energest_init
 .text.update_time
                0x000037ec       0x44 contiki-srf06-cc26xx.a(etimer.o)
 .text.process_thread_etimer_process
                0x00003830       0xc8 contiki-srf06-cc26xx.a(etimer.o)
 .text.add_timer
                0x000038f8       0x54 contiki-srf06-cc26xx.a(etimer.o)
 .text.etimer_request_poll
                0x0000394c        0xc contiki-srf06-cc26xx.a(etimer.o)
                0x0000394c                etimer_request_poll
 .text.etimer_set
                0x00003958       0x14 contiki-srf06-cc26xx.a(etimer.o)
                0x00003958                etimer_set
 .text.etimer_reset
                0x0000396c       0x14 contiki-srf06-cc26xx.a(etimer.o)
                0x0000396c                etimer_reset
 .text.etimer_restart
                0x00003980       0x14 contiki-srf06-cc26xx.a(etimer.o)
                0x00003980                etimer_restart
 .text.etimer_expired
                0x00003994        0xc contiki-srf06-cc26xx.a(etimer.o)
                0x00003994                etimer_expired
 .text.etimer_expiration_time
                0x000039a0        0x8 contiki-srf06-cc26xx.a(etimer.o)
                0x000039a0                etimer_expiration_time
 .text.etimer_pending
                0x000039a8       0x10 contiki-srf06-cc26xx.a(etimer.o)
                0x000039a8                etimer_pending
 .text.etimer_next_expiration_time
                0x000039b8       0x14 contiki-srf06-cc26xx.a(etimer.o)
                0x000039b8                etimer_next_expiration_time
 .text.etimer_stop
                0x000039cc       0x4c contiki-srf06-cc26xx.a(etimer.o)
                0x000039cc                etimer_stop
 .text.exit_process
                0x00003a18       0xb0 contiki-srf06-cc26xx.a(process.o)
 .text.call_process.part.0
                0x00003ac8       0x38 contiki-srf06-cc26xx.a(process.o)
 .text.do_poll  0x00003b00       0x3c contiki-srf06-cc26xx.a(process.o)
 .text.process_alloc_event
                0x00003b3c       0x10 contiki-srf06-cc26xx.a(process.o)
                0x00003b3c                process_alloc_event
 .text.process_init
                0x00003b4c       0x34 contiki-srf06-cc26xx.a(process.o)
                0x00003b4c                process_init
 .text.process_run
                0x00003b80       0xac contiki-srf06-cc26xx.a(process.o)
                0x00003b80                process_run
 .text.process_nevents
                0x00003c2c       0x14 contiki-srf06-cc26xx.a(process.o)
                0x00003c2c                process_nevents
 .text.process_post
                0x00003c40       0x40 contiki-srf06-cc26xx.a(process.o)
                0x00003c40                process_post
 .text.process_post_synch
                0x00003c80       0x18 contiki-srf06-cc26xx.a(process.o)
                0x00003c80                process_post_synch
 .text.process_start
                0x00003c98       0x40 contiki-srf06-cc26xx.a(process.o)
                0x00003c98                process_start
 .text.process_poll
                0x00003cd8       0x18 contiki-srf06-cc26xx.a(process.o)
                0x00003cd8                process_poll
 .text.rtimer_init
                0x00003cf0        0x4 contiki-srf06-cc26xx.a(rtimer.o)
                0x00003cf0                rtimer_init
 .text.rtimer_run_next
                0x00003cf4       0x28 contiki-srf06-cc26xx.a(rtimer.o)
                0x00003cf4                rtimer_run_next
 .text.stimer_set
                0x00003d1c       0x10 contiki-srf06-cc26xx.a(stimer.o)
                0x00003d1c                stimer_set
 .text.stimer_expired
                0x00003d2c       0x20 contiki-srf06-cc26xx.a(stimer.o)
                0x00003d2c                stimer_expired
 .text.stimer_remaining
                0x00003d4c       0x10 contiki-srf06-cc26xx.a(stimer.o)
                0x00003d4c                stimer_remaining
 .text.timer_set
                0x00003d5c       0x10 contiki-srf06-cc26xx.a(timer.o)
                0x00003d5c                timer_set
 .text.timer_reset
                0x00003d6c        0xc contiki-srf06-cc26xx.a(timer.o)
                0x00003d6c                timer_reset
 .text.timer_restart
                0x00003d78        0xc contiki-srf06-cc26xx.a(timer.o)
                0x00003d78                timer_restart
 .text.timer_expired
                0x00003d84       0x1c contiki-srf06-cc26xx.a(timer.o)
                0x00003d84                timer_expired
 .text.process_thread_serial_line_process
                0x00003da0       0xac contiki-srf06-cc26xx.a(serial-line.o)
 .text.serial_line_init
                0x00003e4c       0x24 contiki-srf06-cc26xx.a(serial-line.o)
                0x00003e4c                serial_line_init
 .text.list_init
                0x00003e70        0x8 contiki-srf06-cc26xx.a(list.o)
                0x00003e70                list_init
 .text.list_head
                0x00003e78        0x4 contiki-srf06-cc26xx.a(list.o)
                0x00003e78                list_head
 .text.list_add
                0x00003e7c       0x48 contiki-srf06-cc26xx.a(list.o)
                0x00003e7c                list_add
 .text.list_push
                0x00003ec4       0x40 contiki-srf06-cc26xx.a(list.o)
                0x00003ec4                list_push
 .text.list_remove
                0x00003f04       0x2c contiki-srf06-cc26xx.a(list.o)
                0x00003f04                list_remove
 .text.list_length
                0x00003f30       0x14 contiki-srf06-cc26xx.a(list.o)
                0x00003f30                list_length
 .text.list_item_next
                0x00003f44        0x8 contiki-srf06-cc26xx.a(list.o)
                0x00003f44                list_item_next
 .text.ringbuf_init
                0x00003f4c       0x10 contiki-srf06-cc26xx.a(ringbuf.o)
                0x00003f4c                ringbuf_init
 .text.ringbuf_get
                0x00003f5c       0x28 contiki-srf06-cc26xx.a(ringbuf.o)
                0x00003f5c                ringbuf_get
 .text.sicslowpan_init
                0x00003f84       0x24 contiki-srf06-cc26xx.a(sicslowpan.o)
                0x00003f84                sicslowpan_init
 .text.compress_addr_64
                0x00003fa8       0x9c contiki-srf06-cc26xx.a(sicslowpan.o)
 .text.set_packet_attrs
                0x00004044       0x4c contiki-srf06-cc26xx.a(sicslowpan.o)
 .text.addr_context_lookup_by_prefix
                0x00004090       0x28 contiki-srf06-cc26xx.a(sicslowpan.o)
 .text.send_packet
                0x000040b8       0x24 contiki-srf06-cc26xx.a(sicslowpan.o)
 .text.packet_sent
                0x000040dc       0x28 contiki-srf06-cc26xx.a(sicslowpan.o)
 .text.store_fragment
                0x00004104       0x68 contiki-srf06-cc26xx.a(sicslowpan.o)
 .text.add_fragment
                0x0000416c      0x19c contiki-srf06-cc26xx.a(sicslowpan.o)
 .text.uncompress_addr
                0x00004308       0xb8 contiki-srf06-cc26xx.a(sicslowpan.o)
 .text.input    0x000043c0      0x660 contiki-srf06-cc26xx.a(sicslowpan.o)
 .text.output   0x00004a20      0x730 contiki-srf06-cc26xx.a(sicslowpan.o)
 .text.chksum   0x00005150       0x50 contiki-srf06-cc26xx.a(uip6.o)
 .text.upper_layer_chksum
                0x000051a0       0x58 contiki-srf06-cc26xx.a(uip6.o)
 .text.ext_hdr_options_process
                0x000051f8       0xc8 contiki-srf06-cc26xx.a(uip6.o)
 .text.uip_add32
                0x000052c0       0x58 contiki-srf06-cc26xx.a(uip6.o)
                0x000052c0                uip_add32
 .text.unlikely.uip_add_rcv_nxt
                0x00005318       0x2c contiki-srf06-cc26xx.a(uip6.o)
 .text.uip_icmp6chksum
                0x00005344        0x8 contiki-srf06-cc26xx.a(uip6.o)
                0x00005344                uip_icmp6chksum
 .text.uip_init
                0x0000534c       0x5c contiki-srf06-cc26xx.a(uip6.o)
                0x0000534c                uip_init
 .text.remove_ext_hdr
                0x000053a8       0x60 contiki-srf06-cc26xx.a(uip6.o)
                0x000053a8                remove_ext_hdr
 .text.uip_udp_new
                0x00005408       0x94 contiki-srf06-cc26xx.a(uip6.o)
                0x00005408                uip_udp_new
 .text.uip_unlisten
                0x0000549c       0x28 contiki-srf06-cc26xx.a(uip6.o)
                0x0000549c                uip_unlisten
 .text.uip_process
                0x000054c4     0x10fc contiki-srf06-cc26xx.a(uip6.o)
                0x000054c4                uip_process
 .text.uip_htonl
                0x000065c0       0x14 contiki-srf06-cc26xx.a(uip6.o)
                0x000065c0                uip_htonl
 .text.uip_ds6_list_loop
                0x000065d4       0x60 contiki-srf06-cc26xx.a(uip-ds6.o)
                0x000065d4                uip_ds6_list_loop
 .text.uip_ds6_prefix_add
                0x00006634       0x6c contiki-srf06-cc26xx.a(uip-ds6.o)
                0x00006634                uip_ds6_prefix_add
 .text.uip_ds6_is_addr_onlink
                0x000066a0       0x3c contiki-srf06-cc26xx.a(uip-ds6.o)
                0x000066a0                uip_ds6_is_addr_onlink
 .text.uip_ds6_addr_lookup
                0x000066dc       0x30 contiki-srf06-cc26xx.a(uip-ds6.o)
                0x000066dc                uip_ds6_addr_lookup
 .text.uip_ds6_get_link_local
                0x0000670c       0x44 contiki-srf06-cc26xx.a(uip-ds6.o)
                0x0000670c                uip_ds6_get_link_local
 .text.uip_ds6_maddr_add
                0x00006750       0x50 contiki-srf06-cc26xx.a(uip-ds6.o)
                0x00006750                uip_ds6_maddr_add
 .text.uip_ds6_addr_add
                0x000067a0       0xa8 contiki-srf06-cc26xx.a(uip-ds6.o)
                0x000067a0                uip_ds6_addr_add
 .text.uip_ds6_maddr_lookup
                0x00006848       0x30 contiki-srf06-cc26xx.a(uip-ds6.o)
                0x00006848                uip_ds6_maddr_lookup
 .text.uip_ds6_addr_rm
                0x00006878       0x48 contiki-srf06-cc26xx.a(uip-ds6.o)
                0x00006878                uip_ds6_addr_rm
 .text.uip_ds6_periodic
                0x000068c0       0x5c contiki-srf06-cc26xx.a(uip-ds6.o)
                0x000068c0                uip_ds6_periodic
 .text.uip_ds6_select_src
                0x0000691c       0xf4 contiki-srf06-cc26xx.a(uip-ds6.o)
                0x0000691c                uip_ds6_select_src
 .text.uip_ds6_set_addr_iid
                0x00006a10       0x14 contiki-srf06-cc26xx.a(uip-ds6.o)
                0x00006a10                uip_ds6_set_addr_iid
 .text.uip_ds6_compute_reachable_time
                0x00006a24       0x28 contiki-srf06-cc26xx.a(uip-ds6.o)
                0x00006a24                uip_ds6_compute_reachable_time
 .text.uip_ds6_init
                0x00006a4c       0xf8 contiki-srf06-cc26xx.a(uip-ds6.o)
                0x00006a4c                uip_ds6_init
 .text.uip_ds6_nbr_rm
                0x00006b44       0x20 contiki-srf06-cc26xx.a(uip-ds6-nbr.o)
                0x00006b44                uip_ds6_nbr_rm
 .text.uip_ds6_neighbors_init
                0x00006b64       0x1c contiki-srf06-cc26xx.a(uip-ds6-nbr.o)
                0x00006b64                uip_ds6_neighbors_init
 .text.uip_ds6_nbr_add
                0x00006b80       0x38 contiki-srf06-cc26xx.a(uip-ds6-nbr.o)
                0x00006b80                uip_ds6_nbr_add
 .text.uip_ds6_nbr_get_ll
                0x00006bb8       0x10 contiki-srf06-cc26xx.a(uip-ds6-nbr.o)
                0x00006bb8                uip_ds6_nbr_get_ll
 .text.uip_ds6_nbr_lookup
                0x00006bc8       0x3c contiki-srf06-cc26xx.a(uip-ds6-nbr.o)
                0x00006bc8                uip_ds6_nbr_lookup
 .text.uip_ds6_nbr_ipaddr_from_lladdr
                0x00006c04       0x10 contiki-srf06-cc26xx.a(uip-ds6-nbr.o)
                0x00006c04                uip_ds6_nbr_ipaddr_from_lladdr
 .text.uip_ds6_nbr_lladdr_from_ipaddr
                0x00006c14       0x1c contiki-srf06-cc26xx.a(uip-ds6-nbr.o)
                0x00006c14                uip_ds6_nbr_lladdr_from_ipaddr
 .text.uip_ds6_link_neighbor_callback
                0x00006c30       0x34 contiki-srf06-cc26xx.a(uip-ds6-nbr.o)
                0x00006c30                uip_ds6_link_neighbor_callback
 .text.call_route_callback
                0x00006c64       0x50 contiki-srf06-cc26xx.a(uip-ds6-route.o)
 .text.uip_ds6_route_init
                0x00006cb4       0x4c contiki-srf06-cc26xx.a(uip-ds6-route.o)
                0x00006cb4                uip_ds6_route_init
 .text.uip_ds6_route_nexthop
                0x00006d00       0x1c contiki-srf06-cc26xx.a(uip-ds6-route.o)
                0x00006d00                uip_ds6_route_nexthop
 .text.uip_ds6_route_head
                0x00006d1c        0xc contiki-srf06-cc26xx.a(uip-ds6-route.o)
                0x00006d1c                uip_ds6_route_head
 .text.uip_ds6_route_next
                0x00006d28        0x8 contiki-srf06-cc26xx.a(uip-ds6-route.o)
                0x00006d28                uip_ds6_route_next
 .text.uip_ds6_route_is_nexthop
                0x00006d30       0x20 contiki-srf06-cc26xx.a(uip-ds6-route.o)
                0x00006d30                uip_ds6_route_is_nexthop
 .text.uip_ds6_route_lookup
                0x00006d50       0x78 contiki-srf06-cc26xx.a(uip-ds6-route.o)
                0x00006d50                uip_ds6_route_lookup
 .text.uip_ds6_route_rm
                0x00006dc8       0xac contiki-srf06-cc26xx.a(uip-ds6-route.o)
                0x00006dc8                uip_ds6_route_rm
 .text.rm_routelist
                0x00006e74       0x38 contiki-srf06-cc26xx.a(uip-ds6-route.o)
 .text.rm_routelist_callback
                0x00006eac        0x4 contiki-srf06-cc26xx.a(uip-ds6-route.o)
 .text.uip_ds6_route_add
                0x00006eb0      0x12c contiki-srf06-cc26xx.a(uip-ds6-route.o)
                0x00006eb0                uip_ds6_route_add
 .text.uip_ds6_defrt_rm
                0x00006fdc       0x48 contiki-srf06-cc26xx.a(uip-ds6-route.o)
                0x00006fdc                uip_ds6_defrt_rm
 .text.uip_ds6_defrt_lookup
                0x00007024       0x34 contiki-srf06-cc26xx.a(uip-ds6-route.o)
                0x00007024                uip_ds6_defrt_lookup
 .text.uip_ds6_defrt_add
                0x00007058       0x5c contiki-srf06-cc26xx.a(uip-ds6-route.o)
                0x00007058                uip_ds6_defrt_add
 .text.uip_ds6_defrt_choose
                0x000070b4       0x34 contiki-srf06-cc26xx.a(uip-ds6-route.o)
                0x000070b4                uip_ds6_defrt_choose
 .text.uip_ds6_defrt_periodic
                0x000070e8       0x3c contiki-srf06-cc26xx.a(uip-ds6-route.o)
                0x000070e8                uip_ds6_defrt_periodic
 .text.echo_reply_input
                0x00007124       0xb0 contiki-srf06-cc26xx.a(uip-icmp6.o)
 .text.echo_request_input
                0x000071d4       0xb8 contiki-srf06-cc26xx.a(uip-icmp6.o)
 .text.uip_icmp6_input
                0x0000728c       0x3c contiki-srf06-cc26xx.a(uip-icmp6.o)
                0x0000728c                uip_icmp6_input
 .text.uip_icmp6_register_input_handler
                0x000072c8        0xc contiki-srf06-cc26xx.a(uip-icmp6.o)
                0x000072c8                uip_icmp6_register_input_handler
 .text.uip_icmp6_error_output
                0x000072d4      0x150 contiki-srf06-cc26xx.a(uip-icmp6.o)
                0x000072d4                uip_icmp6_error_output
 .text.uip_icmp6_send
                0x00007424       0x84 contiki-srf06-cc26xx.a(uip-icmp6.o)
                0x00007424                uip_icmp6_send
 .text.uip_icmp6_init
                0x000074a8       0x24 contiki-srf06-cc26xx.a(uip-icmp6.o)
                0x000074a8                uip_icmp6_init
 .text.uip_nd6_init
                0x000074cc        0x4 contiki-srf06-cc26xx.a(uip-nd6.o)
                0x000074cc                uip_nd6_init
 .text.start_periodic_tcp_timer
                0x000074d0       0x1c contiki-srf06-cc26xx.a(tcpip.o)
 .text.tcpip_set_outputfunc
                0x000074ec        0xc contiki-srf06-cc26xx.a(tcpip.o)
                0x000074ec                tcpip_set_outputfunc
 .text.udp_new  0x000074f8       0x18 contiki-srf06-cc26xx.a(tcpip.o)
                0x000074f8                udp_new
 .text.tcpip_icmp6_call
                0x00007510       0x28 contiki-srf06-cc26xx.a(tcpip.o)
                0x00007510                tcpip_icmp6_call
 .text.tcpip_input
                0x00007538       0x24 contiki-srf06-cc26xx.a(tcpip.o)
                0x00007538                tcpip_input
 .text.tcpip_ipv6_output
                0x0000755c       0xbc contiki-srf06-cc26xx.a(tcpip.o)
                0x0000755c                tcpip_ipv6_output
 .text.process_thread_tcpip_process
                0x00007618      0x1c8 contiki-srf06-cc26xx.a(tcpip.o)
 .text.tcpip_uipcall
                0x000077e0       0x70 contiki-srf06-cc26xx.a(tcpip.o)
                0x000077e0                tcpip_uipcall
 .text.uip_debug_ipaddr_print
                0x00007850       0xb0 contiki-srf06-cc26xx.a(uip-debug.o)
                0x00007850                uip_debug_ipaddr_print
 .text.uip_udp_packet_send
                0x00007900       0x40 contiki-srf06-cc26xx.a(uip-udp-packet.)
                0x00007900                uip_udp_packet_send
 .text.uip_udp_packet_sendto
                0x00007940       0x48 contiki-srf06-cc26xx.a(uip-udp-packet.)
                0x00007940                uip_udp_packet_sendto
 .text.rpl_get_mode
                0x00007988        0xc contiki-srf06-cc26xx.a(rpl.o)
                0x00007988                rpl_get_mode
 .text.rpl_purge_routes
                0x00007994       0x7c contiki-srf06-cc26xx.a(rpl.o)
                0x00007994                rpl_purge_routes
 .text.rpl_remove_routes
                0x00007a10       0x24 contiki-srf06-cc26xx.a(rpl.o)
                0x00007a10                rpl_remove_routes
 .text.rpl_remove_routes_by_nexthop
                0x00007a34       0x34 contiki-srf06-cc26xx.a(rpl.o)
                0x00007a34                rpl_remove_routes_by_nexthop
 .text.rpl_add_route
                0x00007a68       0x30 contiki-srf06-cc26xx.a(rpl.o)
                0x00007a68                rpl_add_route
 .text.rpl_link_neighbor_callback
                0x00007a98       0x60 contiki-srf06-cc26xx.a(rpl.o)
                0x00007a98                rpl_link_neighbor_callback
 .text.rpl_ipv6_neighbor_callback
                0x00007af8       0x30 contiki-srf06-cc26xx.a(rpl.o)
                0x00007af8                rpl_ipv6_neighbor_callback
 .text.rpl_purge_dags
                0x00007b28       0x40 contiki-srf06-cc26xx.a(rpl.o)
                0x00007b28                rpl_purge_dags
 .text.rpl_init
                0x00007b68       0x4c contiki-srf06-cc26xx.a(rpl.o)
                0x00007b68                rpl_init
 .text.lollipop_greater_than
                0x00007bb4       0x3c contiki-srf06-cc26xx.a(rpl-dag.o)
 .text.rpl_set_preferred_parent
                0x00007bf0       0x2c contiki-srf06-cc26xx.a(rpl-dag.o)
 .text.set_ip_from_prefix
                0x00007c1c       0x2c contiki-srf06-cc26xx.a(rpl-dag.o)
 .text.check_prefix
                0x00007c48       0x78 contiki-srf06-cc26xx.a(rpl-dag.o)
 .text.find_parent_any_dag_any_instance
                0x00007cc0       0x1c contiki-srf06-cc26xx.a(rpl-dag.o)
 .text.rpl_dag_init
                0x00007cdc       0x14 contiki-srf06-cc26xx.a(rpl-dag.o)
                0x00007cdc                rpl_dag_init
 .text.rpl_get_parent
                0x00007cf0       0x10 contiki-srf06-cc26xx.a(rpl-dag.o)
                0x00007cf0                rpl_get_parent
 .text.rpl_rank_via_parent
                0x00007d00       0x1c contiki-srf06-cc26xx.a(rpl-dag.o)
                0x00007d00                rpl_rank_via_parent
 .text.rpl_get_parent_ipaddr
                0x00007d1c       0x18 contiki-srf06-cc26xx.a(rpl-dag.o)
                0x00007d1c                rpl_get_parent_ipaddr
 .text.rpl_get_parent_link_stats
                0x00007d34       0x18 contiki-srf06-cc26xx.a(rpl-dag.o)
                0x00007d34                rpl_get_parent_link_stats
 .text.best_parent
                0x00007d4c       0x90 contiki-srf06-cc26xx.a(rpl-dag.o)
 .text.rpl_parent_is_fresh
                0x00007ddc       0x10 contiki-srf06-cc26xx.a(rpl-dag.o)
                0x00007ddc                rpl_parent_is_fresh
 .text.rpl_parent_is_reachable
                0x00007dec       0x40 contiki-srf06-cc26xx.a(rpl-dag.o)
                0x00007dec                rpl_parent_is_reachable
 .text.rpl_repair_root
                0x00007e2c       0x5c contiki-srf06-cc26xx.a(rpl-dag.o)
                0x00007e2c                rpl_repair_root
 .text.rpl_set_prefix
                0x00007e88       0x98 contiki-srf06-cc26xx.a(rpl-dag.o)
                0x00007e88                rpl_set_prefix
 .text.rpl_set_default_route
                0x00007f20       0x30 contiki-srf06-cc26xx.a(rpl-dag.o)
                0x00007f20                rpl_set_default_route
 .text.rpl_alloc_instance
                0x00007f50       0x34 contiki-srf06-cc26xx.a(rpl-dag.o)
                0x00007f50                rpl_alloc_instance
 .text.rpl_alloc_dag
                0x00007f84       0x5c contiki-srf06-cc26xx.a(rpl-dag.o)
                0x00007f84                rpl_alloc_dag
 .text.rpl_add_parent
                0x00007fe0       0x30 contiki-srf06-cc26xx.a(rpl-dag.o)
                0x00007fe0                rpl_add_parent
 .text.rpl_find_parent
                0x00008010       0x18 contiki-srf06-cc26xx.a(rpl-dag.o)
                0x00008010                rpl_find_parent
 .text.rpl_find_parent_any_dag
                0x00008028       0x20 contiki-srf06-cc26xx.a(rpl-dag.o)
                0x00008028                rpl_find_parent_any_dag
 .text.rpl_select_parent
                0x00008048       0x58 contiki-srf06-cc26xx.a(rpl-dag.o)
                0x00008048                rpl_select_parent
 .text.rpl_select_dag
                0x000080a0      0x184 contiki-srf06-cc26xx.a(rpl-dag.o)
                0x000080a0                rpl_select_dag
 .text.rpl_nullify_parent
                0x00008224       0x58 contiki-srf06-cc26xx.a(rpl-dag.o)
                0x00008224                rpl_nullify_parent
 .text.rpl_remove_parent
                0x0000827c       0x1c contiki-srf06-cc26xx.a(rpl-dag.o)
                0x0000827c                rpl_remove_parent
 .text.nbr_callback
                0x00008298        0x4 contiki-srf06-cc26xx.a(rpl-dag.o)
 .text.remove_parents.constprop.6
                0x0000829c       0x44 contiki-srf06-cc26xx.a(rpl-dag.o)
 .text.rpl_free_dag
                0x000082e0       0x3c contiki-srf06-cc26xx.a(rpl-dag.o)
                0x000082e0                rpl_free_dag
 .text.rpl_move_parent
                0x0000831c       0x58 contiki-srf06-cc26xx.a(rpl-dag.o)
                0x0000831c                rpl_move_parent
 .text.rpl_get_any_dag
                0x00008374       0x18 contiki-srf06-cc26xx.a(rpl-dag.o)
                0x00008374                rpl_get_any_dag
 .text.rpl_get_instance
                0x0000838c       0x20 contiki-srf06-cc26xx.a(rpl-dag.o)
                0x0000838c                rpl_get_instance
 .text.rpl_join_instance
                0x000083ac      0x168 contiki-srf06-cc26xx.a(rpl-dag.o)
                0x000083ac                rpl_join_instance
 .text.rpl_local_repair
                0x00008514       0x90 contiki-srf06-cc26xx.a(rpl-dag.o)
                0x00008514                rpl_local_repair
 .text.rpl_process_parent_event
                0x000085a4       0x9c contiki-srf06-cc26xx.a(rpl-dag.o)
                0x000085a4                rpl_process_parent_event
 .text.rpl_add_dag
                0x00008640      0x154 contiki-srf06-cc26xx.a(rpl-dag.o)
                0x00008640                rpl_add_dag
 .text.rpl_recalculate_ranks
                0x00008794       0x50 contiki-srf06-cc26xx.a(rpl-dag.o)
                0x00008794                rpl_recalculate_ranks
 .text.rpl_process_dio
                0x000087e4      0x334 contiki-srf06-cc26xx.a(rpl-dag.o)
                0x000087e4                rpl_process_dio
 .text.update_hbh_header
                0x00008b18       0xcc contiki-srf06-cc26xx.a(rpl-ext-header.)
 .text.insert_hbh_header.isra.0
                0x00008be4       0xac contiki-srf06-cc26xx.a(rpl-ext-header.)
 .text.rpl_verify_hbh_header
                0x00008c90       0xf0 contiki-srf06-cc26xx.a(rpl-ext-header.)
                0x00008c90                rpl_verify_hbh_header
 .text.rpl_remove_header
                0x00008d80       0x7c contiki-srf06-cc26xx.a(rpl-ext-header.)
                0x00008d80                rpl_remove_header
 .text.rpl_update_header
                0x00008dfc       0x68 contiki-srf06-cc26xx.a(rpl-ext-header.)
                0x00008dfc                rpl_update_header
 .text.get32    0x00008e64       0x20 contiki-srf06-cc26xx.a(rpl-icmp6.o)
 .text.dao_ack_input
                0x00008e84       0x14 contiki-srf06-cc26xx.a(rpl-icmp6.o)
 .text.dao_output_target_seq
                0x00008e98      0x12c contiki-srf06-cc26xx.a(rpl-icmp6.o)
 .text.dio_input
                0x00008fc4      0x270 contiki-srf06-cc26xx.a(rpl-icmp6.o)
 .text.rpl_icmp6_update_nbr_table
                0x00009234       0x38 contiki-srf06-cc26xx.a(rpl-icmp6.o)
                0x00009234                rpl_icmp6_update_nbr_table
 .text.dao_input
                0x0000926c      0x2d8 contiki-srf06-cc26xx.a(rpl-icmp6.o)
 .text.dis_output
                0x00009544       0x58 contiki-srf06-cc26xx.a(rpl-icmp6.o)
                0x00009544                dis_output
 .text.dio_output
                0x0000959c      0x2e8 contiki-srf06-cc26xx.a(rpl-icmp6.o)
                0x0000959c                dio_output
 .text.dis_input
                0x00009884       0x54 contiki-srf06-cc26xx.a(rpl-icmp6.o)
 .text.dao_output
                0x000098d8       0x90 contiki-srf06-cc26xx.a(rpl-icmp6.o)
                0x000098d8                dao_output
 .text.dao_output_target
                0x00009968        0xc contiki-srf06-cc26xx.a(rpl-icmp6.o)
                0x00009968                dao_output_target
 .text.rpl_icmp6_register_handlers
                0x00009974       0x30 contiki-srf06-cc26xx.a(rpl-icmp6.o)
                0x00009974                rpl_icmp6_register_handlers
 .text.reset    0x000099a4        0x4 contiki-srf06-cc26xx.a(rpl-mrhof.o)
 .text.update_metric_container
                0x000099a8        0x8 contiki-srf06-cc26xx.a(rpl-mrhof.o)
 .text.parent_link_metric
                0x000099b0       0x14 contiki-srf06-cc26xx.a(rpl-mrhof.o)
 .text.parent_has_usable_link
                0x000099c4       0x18 contiki-srf06-cc26xx.a(rpl-mrhof.o)
 .text.best_dag
                0x000099dc       0x2c contiki-srf06-cc26xx.a(rpl-mrhof.o)
 .text.parent_path_cost
                0x00009a08       0x4c contiki-srf06-cc26xx.a(rpl-mrhof.o)
 .text.parent_is_acceptable
                0x00009a54       0x34 contiki-srf06-cc26xx.a(rpl-mrhof.o)
 .text.rank_via_parent
                0x00009a88       0x3c contiki-srf06-cc26xx.a(rpl-mrhof.o)
 .text.best_parent
                0x00009ac4       0x70 contiki-srf06-cc26xx.a(rpl-mrhof.o)
 .text.new_dio_interval
                0x00009b34       0x60 contiki-srf06-cc26xx.a(rpl-timers.o)
 .text.handle_periodic_timer
                0x00009b94       0x58 contiki-srf06-cc26xx.a(rpl-timers.o)
 .text.set_dao_lifetime_timer
                0x00009bec       0x50 contiki-srf06-cc26xx.a(rpl-timers.o)
 .text.handle_unicast_dio_timer
                0x00009c3c       0x1c contiki-srf06-cc26xx.a(rpl-timers.o)
 .text.handle_dio_timer
                0x00009c58       0x8c contiki-srf06-cc26xx.a(rpl-timers.o)
 .text.schedule_dao
                0x00009ce4       0x54 contiki-srf06-cc26xx.a(rpl-timers.o)
 .text.handle_dao_timer
                0x00009d38       0x5c contiki-srf06-cc26xx.a(rpl-timers.o)
 .text.rpl_reset_periodic_timer
                0x00009d94       0x3c contiki-srf06-cc26xx.a(rpl-timers.o)
                0x00009d94                rpl_reset_periodic_timer
 .text.rpl_reset_dio_timer
                0x00009dd0       0x1c contiki-srf06-cc26xx.a(rpl-timers.o)
                0x00009dd0                rpl_reset_dio_timer
 .text.rpl_schedule_dao
                0x00009dec        0x8 contiki-srf06-cc26xx.a(rpl-timers.o)
                0x00009dec                rpl_schedule_dao
 .text.rpl_schedule_unicast_dio_immediately
                0x00009df4       0x14 contiki-srf06-cc26xx.a(rpl-timers.o)
                0x00009df4                rpl_schedule_unicast_dio_immediately
 .text.get_probing_delay
                0x00009e08       0x4c contiki-srf06-cc26xx.a(rpl-timers.o)
                0x00009e08                get_probing_delay
 .text.get_probing_target
                0x00009e54       0xdc contiki-srf06-cc26xx.a(rpl-timers.o)
                0x00009e54                get_probing_target
 .text.rpl_schedule_probing
                0x00009f30       0x20 contiki-srf06-cc26xx.a(rpl-timers.o)
                0x00009f30                rpl_schedule_probing
 .text.handle_probing_timer
                0x00009f50       0x34 contiki-srf06-cc26xx.a(rpl-timers.o)
 .text.SafeHapiVoid
                0x00009f84       0x2c contiki-srf06-cc26xx.a(adi.o)
                0x00009f84                SafeHapiVoid
 .text.NOROM_AONRTCCurrentCompareValueGet
                0x00009fb0       0x24 contiki-srf06-cc26xx.a(aon_rtc.o)
                0x00009fb0                NOROM_AONRTCCurrentCompareValueGet
 .text.NOROM_ChipInfo_GetSupportedProtocol_BV
                0x00009fd4       0x10 contiki-srf06-cc26xx.a(chipinfo.o)
                0x00009fd4                NOROM_ChipInfo_GetSupportedProtocol_BV
 .text.NOROM_ChipInfo_GetChipFamily
                0x00009fe4       0x50 contiki-srf06-cc26xx.a(chipinfo.o)
                0x00009fe4                NOROM_ChipInfo_GetChipFamily
 .text.NOROM_ChipInfo_GetChipType
                0x0000a034       0x30 contiki-srf06-cc26xx.a(chipinfo.o)
                0x0000a034                NOROM_ChipInfo_GetChipType
 .text.NOROM_ChipInfo_GetHwRevision
                0x0000a064       0x70 contiki-srf06-cc26xx.a(chipinfo.o)
                0x0000a064                NOROM_ChipInfo_GetHwRevision
 .text.NOROM_ThisCodeIsBuiltForCC13xxHwRev20AndLater_HaltIfViolated
                0x0000a0d4       0x18 contiki-srf06-cc26xx.a(chipinfo.o)
                0x0000a0d4                NOROM_ThisCodeIsBuiltForCC13xxHwRev20AndLater_HaltIfViolated
 .text.NOROM_CPUcpsid
                0x0000a0ec        0x8 contiki-srf06-cc26xx.a(cpu.o)
                0x0000a0ec                NOROM_CPUcpsid
 .text.NOROM_CPUcpsie
                0x0000a0f4        0x8 contiki-srf06-cc26xx.a(cpu.o)
                0x0000a0f4                NOROM_CPUcpsie
 .text.NOROM_OSCClockSourceSet
                0x0000a0fc       0x60 contiki-srf06-cc26xx.a(osc.o)
                0x0000a0fc                NOROM_OSCClockSourceSet
 .text.NOROM_OSCClockSourceGet
                0x0000a15c       0x2c contiki-srf06-cc26xx.a(osc.o)
                0x0000a15c                NOROM_OSCClockSourceGet
 .text.NOROM_PowerCtrlSourceSet
                0x0000a188       0x30 contiki-srf06-cc26xx.a(pwr_ctrl.o)
                0x0000a188                NOROM_PowerCtrlSourceSet
 .text.TrimAfterColdResetWakeupFromShutDown
                0x0000a1b8       0xd8 contiki-srf06-cc26xx.a(setup.o)
 .text.NOROM_SetupTrimDevice
                0x0000a290       0xa4 contiki-srf06-cc26xx.a(setup.o)
                0x0000a290                NOROM_SetupTrimDevice
 .text.NOROM_SetupGetTrimForXoscHfCtl.part.3
                0x0000a334       0x20 contiki-srf06-cc26xx.a(setup_rom.o)
 .text.NOROM_SetupGetTrimForRadcExtCfg.part.4
                0x0000a354       0x20 contiki-srf06-cc26xx.a(setup_rom.o)
 .text.NOROM_SetupSetVddrLevel
                0x0000a374       0xa4 contiki-srf06-cc26xx.a(setup_rom.o)
                0x0000a374                NOROM_SetupSetVddrLevel
 .text.NOROM_SetupAfterColdResetWakeupFromShutDownCfg1
                0x0000a418       0xc0 contiki-srf06-cc26xx.a(setup_rom.o)
                0x0000a418                NOROM_SetupAfterColdResetWakeupFromShutDownCfg1
 .text.NOROM_SetupAfterColdResetWakeupFromShutDownCfg3
                0x0000a4d8      0x194 contiki-srf06-cc26xx.a(setup_rom.o)
                0x0000a4d8                NOROM_SetupAfterColdResetWakeupFromShutDownCfg3
 .text.NOROM_SetupGetTrimForAnabypassValue1
                0x0000a66c       0x64 contiki-srf06-cc26xx.a(setup_rom.o)
                0x0000a66c                NOROM_SetupGetTrimForAnabypassValue1
 .text.NOROM_SetupGetTrimForAmpcompCtrl
                0x0000a6d0       0x74 contiki-srf06-cc26xx.a(setup_rom.o)
                0x0000a6d0                NOROM_SetupGetTrimForAmpcompCtrl
 .text.NOROM_SetupAfterColdResetWakeupFromShutDownCfg2
                0x0000a744      0x19c contiki-srf06-cc26xx.a(setup_rom.o)
                0x0000a744                NOROM_SetupAfterColdResetWakeupFromShutDownCfg2
 .text.NOROM_SetupSetCacheModeAccordingToCcfgSetting
                0x0000a8e0       0x6c contiki-srf06-cc26xx.a(setup_rom.o)
                0x0000a8e0                NOROM_SetupSetCacheModeAccordingToCcfgSetting
 .text.NOROM_SysCtrlSetRechargeBeforePowerDown
                0x0000a94c      0x2b0 contiki-srf06-cc26xx.a(sys_ctrl.o)
                0x0000a94c                NOROM_SysCtrlSetRechargeBeforePowerDown
 .text.NOROM_SysCtrlAdjustRechargeAfterPowerDown
                0x0000abfc       0x64 contiki-srf06-cc26xx.a(sys_ctrl.o)
                0x0000abfc                NOROM_SysCtrlAdjustRechargeAfterPowerDown
 .text.NOROM_SysCtrl_DCDC_VoltageConditionalControl
                0x0000ac60       0x7c contiki-srf06-cc26xx.a(sys_ctrl.o)
                0x0000ac60                NOROM_SysCtrl_DCDC_VoltageConditionalControl
 .text.NOROM_TRNGConfigure
                0x0000acdc       0x38 contiki-srf06-cc26xx.a(trng.o)
                0x0000acdc                NOROM_TRNGConfigure
 .text.linkaddr_copy
                0x0000ad14        0xc contiki-srf06-cc26xx.a(linkaddr.o)
                0x0000ad14                linkaddr_copy
 .text.linkaddr_cmp
                0x0000ad20       0x10 contiki-srf06-cc26xx.a(linkaddr.o)
                0x0000ad20                linkaddr_cmp
 .text.periodic
                0x0000ad30       0x2c contiki-srf06-cc26xx.a(link-stats.o)
 .text.link_stats_from_lladdr
                0x0000ad5c        0xc contiki-srf06-cc26xx.a(link-stats.o)
                0x0000ad5c                link_stats_from_lladdr
 .text.link_stats_is_fresh
                0x0000ad68       0x28 contiki-srf06-cc26xx.a(link-stats.o)
                0x0000ad68                link_stats_is_fresh
 .text.link_stats_packet_sent
                0x0000ad90       0xbc contiki-srf06-cc26xx.a(link-stats.o)
                0x0000ad90                link_stats_packet_sent
 .text.link_stats_input_callback
                0x0000ae4c       0x5c contiki-srf06-cc26xx.a(link-stats.o)
                0x0000ae4c                link_stats_input_callback
 .text.link_stats_init
                0x0000aea8       0x28 contiki-srf06-cc26xx.a(link-stats.o)
                0x0000aea8                link_stats_init
 .text.nbr_set_bit
                0x0000aed0       0x4c contiki-srf06-cc26xx.a(nbr-table.o)
 .text.index_from_lladdr
                0x0000af1c       0x50 contiki-srf06-cc26xx.a(nbr-table.o)
 .text.nbr_get_bit.constprop.0
                0x0000af6c       0x2c contiki-srf06-cc26xx.a(nbr-table.o)
 .text.remove_key
                0x0000af98       0xa0 contiki-srf06-cc26xx.a(nbr-table.o)
 .text.nbr_table_register
                0x0000b038       0x2c contiki-srf06-cc26xx.a(nbr-table.o)
                0x0000b038                nbr_table_register
 .text.nbr_table_next
                0x0000b064       0x70 contiki-srf06-cc26xx.a(nbr-table.o)
                0x0000b064                nbr_table_next
 .text.nbr_table_head
                0x0000b0d4       0x58 contiki-srf06-cc26xx.a(nbr-table.o)
                0x0000b0d4                nbr_table_head
 .text.nbr_table_add_lladdr
                0x0000b12c      0x13c contiki-srf06-cc26xx.a(nbr-table.o)
                0x0000b12c                nbr_table_add_lladdr
 .text.nbr_table_get_from_lladdr
                0x0000b268       0x34 contiki-srf06-cc26xx.a(nbr-table.o)
                0x0000b268                nbr_table_get_from_lladdr
 .text.nbr_table_remove
                0x0000b29c       0x2c contiki-srf06-cc26xx.a(nbr-table.o)
                0x0000b29c                nbr_table_remove
 .text.nbr_table_lock
                0x0000b2c8       0x14 contiki-srf06-cc26xx.a(nbr-table.o)
                0x0000b2c8                nbr_table_lock
 .text.nbr_table_unlock
                0x0000b2dc       0x14 contiki-srf06-cc26xx.a(nbr-table.o)
                0x0000b2dc                nbr_table_unlock
 .text.nbr_table_get_lladdr
                0x0000b2f0       0x30 contiki-srf06-cc26xx.a(nbr-table.o)
                0x0000b2f0                nbr_table_get_lladdr
 .text.netstack_init
                0x0000b320       0x38 contiki-srf06-cc26xx.a(netstack.o)
                0x0000b320                netstack_init
 .text.packetbuf_copyto
                0x0000b358       0x50 contiki-srf06-cc26xx.a(packetbuf.o)
                0x0000b358                packetbuf_copyto
 .text.packetbuf_hdralloc
                0x0000b3a8       0x58 contiki-srf06-cc26xx.a(packetbuf.o)
                0x0000b3a8                packetbuf_hdralloc
 .text.packetbuf_hdrreduce
                0x0000b400       0x2c contiki-srf06-cc26xx.a(packetbuf.o)
                0x0000b400                packetbuf_hdrreduce
 .text.packetbuf_set_datalen
                0x0000b42c        0xc contiki-srf06-cc26xx.a(packetbuf.o)
                0x0000b42c                packetbuf_set_datalen
 .text.packetbuf_dataptr
                0x0000b438       0x20 contiki-srf06-cc26xx.a(packetbuf.o)
                0x0000b438                packetbuf_dataptr
 .text.packetbuf_hdrptr
                0x0000b458        0x8 contiki-srf06-cc26xx.a(packetbuf.o)
                0x0000b458                packetbuf_hdrptr
 .text.packetbuf_datalen
                0x0000b460        0xc contiki-srf06-cc26xx.a(packetbuf.o)
                0x0000b460                packetbuf_datalen
 .text.packetbuf_totlen
                0x0000b46c       0x24 contiki-srf06-cc26xx.a(packetbuf.o)
                0x0000b46c                packetbuf_totlen
 .text.packetbuf_attr_clear
                0x0000b490       0x34 contiki-srf06-cc26xx.a(packetbuf.o)
                0x0000b490                packetbuf_attr_clear
 .text.packetbuf_clear
                0x0000b4c4       0x20 contiki-srf06-cc26xx.a(packetbuf.o)
                0x0000b4c4                packetbuf_clear
 .text.packetbuf_copyfrom
                0x0000b4e4       0x40 contiki-srf06-cc26xx.a(packetbuf.o)
                0x0000b4e4                packetbuf_copyfrom
 .text.packetbuf_attr_copyto
                0x0000b524       0x44 contiki-srf06-cc26xx.a(packetbuf.o)
                0x0000b524                packetbuf_attr_copyto
 .text.packetbuf_attr_copyfrom
                0x0000b568       0x44 contiki-srf06-cc26xx.a(packetbuf.o)
                0x0000b568                packetbuf_attr_copyfrom
 .text.packetbuf_set_attr
                0x0000b5ac       0x10 contiki-srf06-cc26xx.a(packetbuf.o)
                0x0000b5ac                packetbuf_set_attr
 .text.packetbuf_attr
                0x0000b5bc        0xc contiki-srf06-cc26xx.a(packetbuf.o)
                0x0000b5bc                packetbuf_attr
 .text.packetbuf_set_addr
                0x0000b5c8       0x18 contiki-srf06-cc26xx.a(packetbuf.o)
                0x0000b5c8                packetbuf_set_addr
 .text.packetbuf_addr
                0x0000b5e0       0x10 contiki-srf06-cc26xx.a(packetbuf.o)
                0x0000b5e0                packetbuf_addr
 .text.packetbuf_holds_broadcast
                0x0000b5f0       0x10 contiki-srf06-cc26xx.a(packetbuf.o)
                0x0000b5f0                packetbuf_holds_broadcast
 .text.queuebuf_init
                0x0000b600       0x1c contiki-srf06-cc26xx.a(queuebuf.o)
                0x0000b600                queuebuf_init
 .text.queuebuf_numfree
                0x0000b61c        0xc contiki-srf06-cc26xx.a(queuebuf.o)
                0x0000b61c                queuebuf_numfree
 .text.queuebuf_new_from_packetbuf
                0x0000b628       0x48 contiki-srf06-cc26xx.a(queuebuf.o)
                0x0000b628                queuebuf_new_from_packetbuf
 .text.queuebuf_update_attr_from_packetbuf
                0x0000b670        0xc contiki-srf06-cc26xx.a(queuebuf.o)
                0x0000b670                queuebuf_update_attr_from_packetbuf
 .text.queuebuf_free
                0x0000b67c       0x2c contiki-srf06-cc26xx.a(queuebuf.o)
                0x0000b67c                queuebuf_free
 .text.queuebuf_to_packetbuf
                0x0000b6a8       0x30 contiki-srf06-cc26xx.a(queuebuf.o)
                0x0000b6a8                queuebuf_to_packetbuf
 .text.queuebuf_attr
                0x0000b6d8        0xc contiki-srf06-cc26xx.a(queuebuf.o)
                0x0000b6d8                queuebuf_attr
 .text.input_packet
                0x0000b6e4        0xc contiki-srf06-cc26xx.a(csma.o)
 .text.on       0x0000b6f0        0xc contiki-srf06-cc26xx.a(csma.o)
 .text.off      0x0000b6fc        0xc contiki-srf06-cc26xx.a(csma.o)
 .text.channel_check_interval
                0x0000b708       0x10 contiki-srf06-cc26xx.a(csma.o)
 .text.transmit_packet_list
                0x0000b718       0x34 contiki-srf06-cc26xx.a(csma.o)
 .text.schedule_transmission
                0x0000b74c       0x58 contiki-srf06-cc26xx.a(csma.o)
 .text.send_packet
                0x0000b7a4      0x154 contiki-srf06-cc26xx.a(csma.o)
 .text.init     0x0000b8f8       0x24 contiki-srf06-cc26xx.a(csma.o)
 .text.tx_done  0x0000b91c       0x84 contiki-srf06-cc26xx.a(csma.o)
 .text.packet_sent
                0x0000b9a0       0xe8 contiki-srf06-cc26xx.a(csma.o)
 .text.parse    0x0000ba88       0xa0 contiki-srf06-cc26xx.a(framer-802154.o)
 .text.create_frame.isra.0
                0x0000bb28      0x140 contiki-srf06-cc26xx.a(framer-802154.o)
 .text.create   0x0000bc68        0x8 contiki-srf06-cc26xx.a(framer-802154.o)
 .text.hdr_length
                0x0000bc70        0x8 contiki-srf06-cc26xx.a(framer-802154.o)
 .text.mac_call_sent_callback
                0x0000bc78       0x10 contiki-srf06-cc26xx.a(mac.o)
                0x0000bc78                mac_call_sent_callback
 .text.on       0x0000bc88        0xc contiki-srf06-cc26xx.a(nullrdc.o)
 .text.channel_check_interval
                0x0000bc94        0x4 contiki-srf06-cc26xx.a(nullrdc.o)
 .text.init     0x0000bc98        0xc contiki-srf06-cc26xx.a(nullrdc.o)
 .text.packet_input
                0x0000bca4       0xc4 contiki-srf06-cc26xx.a(nullrdc.o)
 .text.send_one_packet
                0x0000bd68      0x114 contiki-srf06-cc26xx.a(nullrdc.o)
 .text.send_list
                0x0000be7c       0x24 contiki-srf06-cc26xx.a(nullrdc.o)
 .text.send_packet
                0x0000bea0        0x4 contiki-srf06-cc26xx.a(nullrdc.o)
 .text.off      0x0000bea4       0x1c contiki-srf06-cc26xx.a(nullrdc.o)
 .text.init     0x0000bec0        0x4 contiki-srf06-cc26xx.a(nullsec.o)
 .text.input    0x0000bec4        0xc contiki-srf06-cc26xx.a(nullsec.o)
 .text.send     0x0000bed0       0x20 contiki-srf06-cc26xx.a(nullsec.o)
 .text.aux_ctrl_power_up
                0x0000bef0       0x28 contiki-srf06-cc26xx.a(aux-ctrl.o)
                0x0000bef0                aux_ctrl_power_up
 .text.aux_ctrl_register_consumer
                0x0000bf18       0x40 contiki-srf06-cc26xx.a(aux-ctrl.o)
                0x0000bf18                aux_ctrl_register_consumer
 .text.aux_ctrl_power_down
                0x0000bf58       0x6c contiki-srf06-cc26xx.a(aux-ctrl.o)
                0x0000bf58                aux_ctrl_power_down
 .text.aux_ctrl_unregister_consumer
                0x0000bfc4       0x28 contiki-srf06-cc26xx.a(aux-ctrl.o)
                0x0000bfc4                aux_ctrl_unregister_consumer
 .text.memb_init
                0x0000bfec       0x24 contiki-srf06-cc26xx.a(memb.o)
                0x0000bfec                memb_init
 .text.memb_alloc
                0x0000c010       0x3c contiki-srf06-cc26xx.a(memb.o)
                0x0000c010                memb_alloc
 .text.memb_free
                0x0000c04c       0x44 contiki-srf06-cc26xx.a(memb.o)
                0x0000c04c                memb_free
 .text.memb_inmemb
                0x0000c090       0x1c contiki-srf06-cc26xx.a(memb.o)
                0x0000c090                memb_inmemb
 .text.memb_numfree
                0x0000c0ac       0x1c contiki-srf06-cc26xx.a(memb.o)
                0x0000c0ac                memb_numfree
 .text.update_nbr
                0x0000c0c8      0x11c contiki-srf06-cc26xx.a(rpl-nbr-policy.)
 .text.handle_periodic_timer
                0x0000c1e4       0x14 contiki-srf06-cc26xx.a(rpl-nbr-policy.)
 .text.find_removable_dio
                0x0000c1f8       0x40 contiki-srf06-cc26xx.a(rpl-nbr-policy.)
                0x0000c1f8                find_removable_dio
 .text.find_removable_dao
                0x0000c238       0x38 contiki-srf06-cc26xx.a(rpl-nbr-policy.)
                0x0000c238                find_removable_dao
 .text.rpl_nbr_policy_find_removable
                0x0000c270       0x40 contiki-srf06-cc26xx.a(rpl-nbr-policy.)
                0x0000c270                rpl_nbr_policy_find_removable
 .text.NOROM_AONBatMonTemperatureGetDegC
                0x0000c2b0       0x30 contiki-srf06-cc26xx.a(aon_batmon.o)
                0x0000c2b0                NOROM_AONBatMonTemperatureGetDegC
 .text.NOROM_DDI32RegWrite
                0x0000c2e0       0x34 contiki-srf06-cc26xx.a(ddi.o)
                0x0000c2e0                NOROM_DDI32RegWrite
 .text.frame802154_get_pan_id
                0x0000c314        0xc contiki-srf06-cc26xx.a(frame802154.o)
                0x0000c314                frame802154_get_pan_id
 .text.frame802154_has_panid
                0x0000c320       0xb8 contiki-srf06-cc26xx.a(frame802154.o)
                0x0000c320                frame802154_has_panid
 .text.field_len
                0x0000c3d8       0x9c contiki-srf06-cc26xx.a(frame802154.o)
 .text.frame802154_is_broadcast_addr
                0x0000c474       0x20 contiki-srf06-cc26xx.a(frame802154.o)
                0x0000c474                frame802154_is_broadcast_addr
 .text.frame802154_hdrlen
                0x0000c494       0x34 contiki-srf06-cc26xx.a(frame802154.o)
                0x0000c494                frame802154_hdrlen
 .text.frame802154_create
                0x0000c4c8      0x10c contiki-srf06-cc26xx.a(frame802154.o)
                0x0000c4c8                frame802154_create
 .text.frame802154_parse
                0x0000c5d4      0x17c contiki-srf06-cc26xx.a(frame802154.o)
                0x0000c5d4                frame802154_parse
 .text.mac_sequence_is_duplicate
                0x0000c750       0x4c contiki-srf06-cc26xx.a(mac-sequence.o)
                0x0000c750                mac_sequence_is_duplicate
 .text.mac_sequence_register_seqno
                0x0000c79c       0x64 contiki-srf06-cc26xx.a(mac-sequence.o)
                0x0000c79c                mac_sequence_register_seqno
 .text          0x0000c800       0x30 /usr/bin/../lib/gcc/arm-none-eabi/4.9.3/armv7-m/libgcc.a(_aeabi_uldivmod.o)
                0x0000c800                __aeabi_uldivmod
 .text          0x0000c830       0x60 /usr/bin/../lib/gcc/arm-none-eabi/4.9.3/armv7-m/libgcc.a(bpabi.o)
                0x0000c830                __gnu_ldivmod_helper
                0x0000c860                __gnu_uldivmod_helper
 .text          0x0000c890        0x4 /usr/bin/../lib/gcc/arm-none-eabi/4.9.3/armv7-m/libgcc.a(_dvmd_tls.o)
                0x0000c890                __aeabi_ldiv0
                0x0000c890                __aeabi_idiv0
 .text          0x0000c894      0x2ac /usr/bin/../lib/gcc/arm-none-eabi/4.9.3/armv7-m/libgcc.a(_divdi3.o)
                0x0000c894                __divdi3
 .text          0x0000cb40      0x270 /usr/bin/../lib/gcc/arm-none-eabi/4.9.3/armv7-m/libgcc.a(_udivdi3.o)
                0x0000cb40                __udivdi3
 .text.memcmp   0x0000cdb0       0x64 /usr/bin/../lib/gcc/arm-none-eabi/4.9.3/../../../../arm-none-eabi/lib/armv7-m/libc.a(lib_a-memcmp.o)
                0x0000cdb0                memcmp
 .text          0x0000ce14       0xec /usr/bin/../lib/gcc/arm-none-eabi/4.9.3/../../../../arm-none-eabi/lib/armv7-m/libc.a(lib_a-memcpy.o)
                0x0000ce14                memcpy
 .text.memmove  0x0000cf00       0xc8 /usr/bin/../lib/gcc/arm-none-eabi/4.9.3/../../../../arm-none-eabi/lib/armv7-m/libc.a(lib_a-memmove.o)
                0x0000cf00                memmove
 .text.memset   0x0000cfc8       0x9c /usr/bin/../lib/gcc/arm-none-eabi/4.9.3/../../../../arm-none-eabi/lib/armv7-m/libc.a(lib_a-memset.o)
                0x0000cfc8                memset
 .text.strlen   0x0000d064       0x5c /usr/bin/../lib/gcc/arm-none-eabi/4.9.3/../../../../arm-none-eabi/lib/armv7-m/libc.a(lib_a-strlen.o)
                0x0000d064                strlen
 *(SORT(.rodata*))
 .rodata.autostart_processes
                0x0000d0c0        0x8 udp-client.co
                0x0000d0c0                autostart_processes
 .rodata.str1.4
                0x0000d0c8      0x183 udp-client.co
 *fill*         0x0000d24b        0x1 00000000
 .rodata.str1.4
                0x0000d24c       0xee contiki-srf06-cc26xx.a(contiki-main.o)
 *fill*         0x0000d33a        0x2 00000000
 .rodata.str1.4
                0x0000d33c        0x8 contiki-srf06-cc26xx.a(sensors.o)
 .rodata        0x0000d344       0x40 contiki-srf06-cc26xx.a(board.o)
 .rodata.str1.4
                0x0000d384        0x7 contiki-srf06-cc26xx.a(button-sensor.o)
 *fill*         0x0000d38b        0x1 00000000
 .rodata.button_left_sensor
                0x0000d38c       0x10 contiki-srf06-cc26xx.a(button-sensor.o)
                0x0000d38c                button_left_sensor
 .rodata.button_right_sensor
                0x0000d39c       0x10 contiki-srf06-cc26xx.a(button-sensor.o)
                0x0000d39c                button_right_sensor
 .rodata        0x0000d3ac        0x4 contiki-srf06-cc26xx.a(ext-flash.o)
 .rodata.output_power
                0x0000d3b0       0x80 contiki-srf06-cc26xx.a(prop-mode.o)
 .rodata.mode_prop
                0x0000d430        0x8 contiki-srf06-cc26xx.a(prop-mode.o)
 .rodata.prop_mode_driver
                0x0000d438       0x38 contiki-srf06-cc26xx.a(prop-mode.o)
                0x0000d438                prop_mode_driver
 .rodata.patchImageGenfsk
                0x0000d470      0x28c contiki-srf06-cc26xx.a(prop-mode.o)
 .rodata.str1.4
                0x0000d6fc       0x46 contiki-srf06-cc26xx.a(rf-core.o)
 *fill*         0x0000d742        0x2 00000000
 .rodata.str1.4
                0x0000d744       0x1b contiki-srf06-cc26xx.a(soc-trng.o)
 *fill*         0x0000d75f        0x1 00000000
 .rodata.str1.4
                0x0000d760       0x42 contiki-srf06-cc26xx.a(strformat.o)
                                 0x46 (size before relaxing)
 *fill*         0x0000d7a2        0x2 00000000
 .rodata.buffer.4019
                0x0000d7a4       0x10 contiki-srf06-cc26xx.a(strformat.o)
 .rodata.buffer.4028
                0x0000d7b4       0x10 contiki-srf06-cc26xx.a(strformat.o)
 .rodata.str1.4
                0x0000d7c4        0xf contiki-srf06-cc26xx.a(ctimer.o)
 *fill*         0x0000d7d3        0x1 00000000
 .rodata.str1.4
                0x0000d7d4        0xc contiki-srf06-cc26xx.a(etimer.o)
 .rodata.str1.4
                0x0000d7e0        0xe contiki-srf06-cc26xx.a(serial-line.o)
 *fill*         0x0000d7ee        0x2 00000000
 .rodata        0x0000d7f0        0x2 contiki-srf06-cc26xx.a(sicslowpan.o)
 *fill*         0x0000d7f2        0x2 00000000
 .rodata.ttl_values
                0x0000d7f4        0x4 contiki-srf06-cc26xx.a(sicslowpan.o)
 .rodata.unc_llconf
                0x0000d7f8        0x4 contiki-srf06-cc26xx.a(sicslowpan.o)
                0x0000d7f8                unc_llconf
 .rodata.llprefix
                0x0000d7fc        0x2 contiki-srf06-cc26xx.a(sicslowpan.o)
                0x0000d7fc                llprefix
 *fill*         0x0000d7fe        0x2 00000000
 .rodata.sicslowpan_driver
                0x0000d800        0xc contiki-srf06-cc26xx.a(sicslowpan.o)
                0x0000d800                sicslowpan_driver
 .rodata.unc_mxconf
                0x0000d80c        0x4 contiki-srf06-cc26xx.a(sicslowpan.o)
                0x0000d80c                unc_mxconf
 .rodata.unc_ctxconf
                0x0000d810        0x4 contiki-srf06-cc26xx.a(sicslowpan.o)
                0x0000d810                unc_ctxconf
 .rodata.str1.4
                0x0000d814        0xb contiki-srf06-cc26xx.a(sicslowpan.o)
 *fill*         0x0000d81f        0x1 00000000
 .rodata.str1.4
                0x0000d820        0xd contiki-srf06-cc26xx.a(tcpip.o)
 *fill*         0x0000d82d        0x3 00000000
 .rodata.str1.4
                0x0000d830       0x2b contiki-srf06-cc26xx.a(uip-debug.o)
 *fill*         0x0000d85b        0x1 00000000
 .rodata.linkaddr_null
                0x0000d85c        0x8 contiki-srf06-cc26xx.a(linkaddr.o)
                0x0000d85c                linkaddr_null
 .rodata.csma_driver
                0x0000d864       0x1c contiki-srf06-cc26xx.a(csma.o)
                0x0000d864                csma_driver
 .rodata.str1.4
                0x0000d880        0x5 contiki-srf06-cc26xx.a(csma.o)
 *fill*         0x0000d885        0x3 00000000
 .rodata.framer_802154
                0x0000d888        0xc contiki-srf06-cc26xx.a(framer-802154.o)
                0x0000d888                framer_802154
 .rodata.str1.4
                0x0000d894        0x8 contiki-srf06-cc26xx.a(nullrdc.o)
 .rodata.nullrdc_driver
                0x0000d89c       0x20 contiki-srf06-cc26xx.a(nullrdc.o)
                0x0000d89c                nullrdc_driver
 .rodata.str1.4
                0x0000d8bc        0x8 contiki-srf06-cc26xx.a(nullsec.o)
 .rodata.nullsec_driver
                0x0000d8c4       0x10 contiki-srf06-cc26xx.a(nullsec.o)
                0x0000d8c4                nullsec_driver
                0x0000d8d4                _etext = .

.glue_7         0x0000d8d4        0x0
 .glue_7        0x00000000        0x0 linker stubs

.glue_7t        0x0000d8d4        0x0
 .glue_7t       0x00000000        0x0 linker stubs

.vfp11_veneer   0x0000d8d4        0x0
 .vfp11_veneer  0x00000000        0x0 linker stubs

.v4_bx          0x0000d8d4        0x0
 .v4_bx         0x00000000        0x0 linker stubs

.iplt           0x0000d8d4        0x0
 .iplt          0x00000000        0x0 obj_srf06-cc26xx/startup_gcc.o

.data           0x20000000      0x2f5 load address 0x0000d8d4
                0x20000000                _data = .
 *(SORT(vtable))
 *(SORT(.data*))
 .data.udp_client_process
                0x20000000       0x10 udp-client.co
                0x20000000                udp_client_process
 .data.sensors_process
                0x20000010       0x10 contiki-srf06-cc26xx.a(sensors.o)
                0x20000010                sensors_process
 .data.launchpad_module
                0x20000020       0x14 contiki-srf06-cc26xx.a(board.o)
 .data.sensors  0x20000034        0xc contiki-srf06-cc26xx.a(launchpad-senso)
                0x20000034                sensors
 .data.prop_lpm_module
                0x20000040       0x14 contiki-srf06-cc26xx.a(prop-mode.o)
 .data.tx_power_current
                0x20000054        0x4 contiki-srf06-cc26xx.a(prop-mode.o)
                0x20000054                tx_power_current
 .data.uart_module
                0x20000058       0x14 contiki-srf06-cc26xx.a(cc26xx-uart.o)
 .data.rf_core_process
                0x2000006c       0x10 contiki-srf06-cc26xx.a(rf-core.o)
                0x2000006c                rf_core_process
 .data.rng_module
                0x2000007c       0x14 contiki-srf06-cc26xx.a(soc-trng.o)
 .data.soc_trng_process
                0x20000090       0x10 contiki-srf06-cc26xx.a(soc-trng.o)
                0x20000090                soc_trng_process
 .data.ctxt     0x200000a0        0x8 contiki-srf06-cc26xx.a(dbg-printf.o)
 .data.ctimer_process
                0x200000a8       0x10 contiki-srf06-cc26xx.a(ctimer.o)
                0x200000a8                ctimer_process
 .data.etimer_process
                0x200000b8       0x10 contiki-srf06-cc26xx.a(etimer.o)
                0x200000b8                etimer_process
 .data.serial_line_process
                0x200000c8       0x10 contiki-srf06-cc26xx.a(serial-line.o)
                0x200000c8                serial_line_process
 .data.ds6_neighbors
                0x200000d8        0x4 contiki-srf06-cc26xx.a(uip-ds6-nbr.o)
                0x200000d8                ds6_neighbors
 .data.ds6_neighbors_struct
                0x200000dc       0x10 contiki-srf06-cc26xx.a(uip-ds6-nbr.o)
 .data.defaultroutermemb
                0x200000ec        0xc contiki-srf06-cc26xx.a(uip-ds6-route.o)
 .data.nbr_routes_struct
                0x200000f8       0x10 contiki-srf06-cc26xx.a(uip-ds6-route.o)
 .data.nbr_routes
                0x20000108        0x4 contiki-srf06-cc26xx.a(uip-ds6-route.o)
                0x20000108                nbr_routes
 .data.routememb
                0x2000010c        0xc contiki-srf06-cc26xx.a(uip-ds6-route.o)
 .data.neighborroutememb
                0x20000118        0xc contiki-srf06-cc26xx.a(uip-ds6-route.o)
 .data.echo_request_handler
                0x20000124        0xc contiki-srf06-cc26xx.a(uip-icmp6.o)
 .data.echo_reply_handler
                0x20000130        0xc contiki-srf06-cc26xx.a(uip-icmp6.o)
 .data.tcpip_process
                0x2000013c       0x10 contiki-srf06-cc26xx.a(tcpip.o)
                0x2000013c                tcpip_process
 .data.rpl_parents
                0x2000014c        0x4 contiki-srf06-cc26xx.a(rpl-dag.o)
                0x2000014c                rpl_parents
 .data.rpl_parents_struct
                0x20000150       0x10 contiki-srf06-cc26xx.a(rpl-dag.o)
 .data.dao_ack_handler
                0x20000160        0xc contiki-srf06-cc26xx.a(rpl-icmp6.o)
 .data.dis_handler
                0x2000016c        0xc contiki-srf06-cc26xx.a(rpl-icmp6.o)
 .data.dao_handler
                0x20000178        0xc contiki-srf06-cc26xx.a(rpl-icmp6.o)
 .data.dio_handler
                0x20000184        0xc contiki-srf06-cc26xx.a(rpl-icmp6.o)
 .data.rpl_mrhof
                0x20000190       0x24 contiki-srf06-cc26xx.a(rpl-mrhof.o)
                0x20000190                rpl_mrhof
 .data.link_stats_struct
                0x200001b4       0x10 contiki-srf06-cc26xx.a(link-stats.o)
 .data.neighbor_addr_mem
                0x200001c4        0xc contiki-srf06-cc26xx.a(nbr-table.o)
 .data.bufmem   0x200001d0        0xc contiki-srf06-cc26xx.a(queuebuf.o)
 .data.buframmem
                0x200001dc        0xc contiki-srf06-cc26xx.a(queuebuf.o)
 .data.metadata_memb
                0x200001e8        0xc contiki-srf06-cc26xx.a(csma.o)
 .data.neighbor_memb
                0x200001f4        0xc contiki-srf06-cc26xx.a(csma.o)
 .data.packet_memb
                0x20000200        0xc contiki-srf06-cc26xx.a(csma.o)
 .data.smartrf_settings_cmd_prop_rx_adv
                0x2000020c       0x30 contiki-srf06-cc26xx.a(smartrf-setting)
                0x2000020c                smartrf_settings_cmd_prop_rx_adv
 .data.smartrf_settings_cmd_fs
                0x2000023c       0x18 contiki-srf06-cc26xx.a(smartrf-setting)
                0x2000023c                smartrf_settings_cmd_fs
 .data.smartrf_settings_cmd_prop_radio_div_setup
                0x20000254       0x28 contiki-srf06-cc26xx.a(smartrf-setting)
                0x20000254                smartrf_settings_cmd_prop_radio_div_setup
 .data.smartrf_settings_cmd_prop_tx_adv
                0x2000027c       0x20 contiki-srf06-cc26xx.a(smartrf-setting)
                0x2000027c                smartrf_settings_cmd_prop_tx_adv
 .data.overrides
                0x2000029c       0x54 contiki-srf06-cc26xx.a(smartrf-setting)
                0x2000029c                overrides
 .data.mac_pan_id
                0x200002f0        0x2 contiki-srf06-cc26xx.a(frame802154.o)
 .data.rssi_threshold
                0x200002f2        0x1 contiki-srf06-cc26xx.a(prop-mode.o)
 .data.rng_ready_event
                0x200002f3        0x1 contiki-srf06-cc26xx.a(soc-trng.o)
 .data.dao_sequence
                0x200002f4        0x1 contiki-srf06-cc26xx.a(rpl-icmp6.o)
                0x200002f5                _edata = .

.igot.plt       0x200002f8        0x0 load address 0x0000dbc9
 .igot.plt      0x00000000        0x0 obj_srf06-cc26xx/startup_gcc.o

.ARM.exidx      0x0000dbcc        0x8
 *(SORT(.ARM.exidx*))
 .ARM.exidx     0x0000dbcc        0x8 /usr/bin/../lib/gcc/arm-none-eabi/4.9.3/armv7-m/libgcc.a(_divdi3.o)
 .ARM.exidx     0x0000dbd4        0x0 /usr/bin/../lib/gcc/arm-none-eabi/4.9.3/armv7-m/libgcc.a(_udivdi3.o)
                                  0x8 (size before relaxing)

.bss            0x200002f8     0x25fa
                0x200002f8                _bss = .
 *(SORT(.bss*))
 .bss.count     0x200002f8        0x8 contiki-srf06-cc26xx.a(clock.o)
 .bss.rands_cache
                0x20000300       0x20 contiki-srf06-cc26xx.a(soc-trng.o)
 .bss.server_ipaddr
                0x20000320       0x10 udp-client.co
 .bss.reply     0x20000330        0x4 udp-client.co
 .bss.client_conn
                0x20000334        0x4 udp-client.co
 .bss.periodic.6447
                0x20000338       0x10 udp-client.co
 .bss.seq_id    0x20000348        0x4 udp-client.co
 .bss.backoff_timer.6448
                0x2000034c       0x20 udp-client.co
 .bss.events.4848
                0x2000036c        0x4 contiki-srf06-cc26xx.a(sensors.o)
 .bss.i.4847    0x20000370        0x4 contiki-srf06-cc26xx.a(sensors.o)
 .bss.inited    0x20000374        0x4 contiki-srf06-cc26xx.a(leds-arch.o)
 .bss.left_timer
                0x20000378       0x10 contiki-srf06-cc26xx.a(button-sensor.o)
 .bss.rx_stats  0x20000388        0xc contiki-srf06-cc26xx.a(prop-mode.o)
 .bss.rx_data_queue
                0x20000394        0x8 contiki-srf06-cc26xx.a(prop-mode.o)
 .bss.rx_read_entry
                0x2000039c        0x4 contiki-srf06-cc26xx.a(prop-mode.o)
 .bss.tx_buf    0x200003a0       0xb6 contiki-srf06-cc26xx.a(prop-mode.o)
 *fill*         0x20000456        0x2 
 .bss.rx_buf_0  0x20000458       0x8c contiki-srf06-cc26xx.a(prop-mode.o)
 .bss.rx_buf_1  0x200004e4       0x8c contiki-srf06-cc26xx.a(prop-mode.o)
 .bss.last_isr_time
                0x20000570        0x4 contiki-srf06-cc26xx.a(soc-rtc.o)
 .bss.input_handler
                0x20000574        0x4 contiki-srf06-cc26xx.a(cc26xx-uart.o)
 .bss.modules_list_list
                0x20000578        0x4 contiki-srf06-cc26xx.a(lpm.o)
 .bss.handlers  0x2000057c       0x80 contiki-srf06-cc26xx.a(gpio-interrupt.)
 .bss.last_radio_op
                0x200005fc        0x4 contiki-srf06-cc26xx.a(rf-core.o)
 .bss.primary_mode
                0x20000600        0x4 contiki-srf06-cc26xx.a(rf-core.o)
 .bss.rat_offset
                0x20000604        0x4 contiki-srf06-cc26xx.a(rf-core.o)
                0x20000604                rat_offset
 .bss.notify_cb
                0x20000608        0x4 contiki-srf06-cc26xx.a(soc-trng.o)
 .bss.rands_mask
                0x2000060c        0x4 contiki-srf06-cc26xx.a(soc-trng.o)
 .bss.ctimer_list_list
                0x20000610        0x4 contiki-srf06-cc26xx.a(ctimer.o)
 .bss.timerlist
                0x20000614        0x4 contiki-srf06-cc26xx.a(etimer.o)
 .bss.next_expiration
                0x20000618        0x4 contiki-srf06-cc26xx.a(etimer.o)
 .bss.process_current
                0x2000061c        0x4 contiki-srf06-cc26xx.a(process.o)
                0x2000061c                process_current
 .bss.process_list
                0x20000620        0x4 contiki-srf06-cc26xx.a(process.o)
                0x20000620                process_list
 .bss.events    0x20000624      0x180 contiki-srf06-cc26xx.a(process.o)
 .bss.next_rtimer
                0x200007a4        0x4 contiki-srf06-cc26xx.a(rtimer.o)
 .bss.rxbuf_data
                0x200007a8       0x80 contiki-srf06-cc26xx.a(serial-line.o)
 .bss.rxbuf     0x20000828        0x8 contiki-srf06-cc26xx.a(serial-line.o)
 .bss.buf.4831  0x20000830       0x80 contiki-srf06-cc26xx.a(serial-line.o)
 .bss.ptr.4832  0x200008b0        0x4 contiki-srf06-cc26xx.a(serial-line.o)
 .bss.context   0x200008b4        0x4 contiki-srf06-cc26xx.a(sicslowpan.o)
 .bss.last_rssi
                0x200008b8        0x4 contiki-srf06-cc26xx.a(sicslowpan.o)
 .bss.hc06_ptr  0x200008bc        0x4 contiki-srf06-cc26xx.a(sicslowpan.o)
 .bss.frag_info
                0x200008c0      0x170 contiki-srf06-cc26xx.a(sicslowpan.o)
 .bss.addr_contexts
                0x20000a30        0xa contiki-srf06-cc26xx.a(sicslowpan.o)
 *fill*         0x20000a3a        0x2 
 .bss.packetbuf_ptr
                0x20000a3c        0x4 contiki-srf06-cc26xx.a(sicslowpan.o)
 .bss.last_tx_status
                0x20000a40        0x4 contiki-srf06-cc26xx.a(sicslowpan.o)
 .bss.frag_buf  0x20000a44      0x54c contiki-srf06-cc26xx.a(sicslowpan.o)
 .bss.packetbuf_payload_len
                0x20000f90        0x4 contiki-srf06-cc26xx.a(sicslowpan.o)
 .bss.callback  0x20000f94        0x4 contiki-srf06-cc26xx.a(sicslowpan.o)
 .bss.iss       0x20000f98        0x4 contiki-srf06-cc26xx.a(uip6.o)
 .bss.locmaddr  0x20000f9c        0x4 contiki-srf06-cc26xx.a(uip-ds6.o)
 .bss.locprefix
                0x20000fa0        0x4 contiki-srf06-cc26xx.a(uip-ds6.o)
 .bss.locaddr   0x20000fa4        0x4 contiki-srf06-cc26xx.a(uip-ds6.o)
 .bss.loc_fipaddr
                0x20000fa8       0x10 contiki-srf06-cc26xx.a(uip-ds6.o)
 .bss._ds6_neighbors_mem
                0x20000fb8       0xb4 contiki-srf06-cc26xx.a(uip-ds6-nbr.o)
 .bss.defaultroutermemb_memb_mem
                0x2000106c       0x40 contiki-srf06-cc26xx.a(uip-ds6-route.o)
 .bss.num_routes
                0x200010ac        0x4 contiki-srf06-cc26xx.a(uip-ds6-route.o)
 .bss.defaultroutermemb_memb_count
                0x200010b0        0x2 contiki-srf06-cc26xx.a(uip-ds6-route.o)
 *fill*         0x200010b2        0x2 
 .bss.defaultrouterlist_list
                0x200010b4        0x4 contiki-srf06-cc26xx.a(uip-ds6-route.o)
 .bss._nbr_routes_mem
                0x200010b8       0x50 contiki-srf06-cc26xx.a(uip-ds6-route.o)
 .bss.routelist_list
                0x20001108        0x4 contiki-srf06-cc26xx.a(uip-ds6-route.o)
 .bss.routememb_memb_mem
                0x2000110c      0x190 contiki-srf06-cc26xx.a(uip-ds6-route.o)
 .bss.neighborroutememb_memb_mem
                0x2000129c       0x50 contiki-srf06-cc26xx.a(uip-ds6-route.o)
 .bss.notificationlist_list
                0x200012ec        0x4 contiki-srf06-cc26xx.a(uip-ds6-route.o)
 .bss.neighborroutememb_memb_count
                0x200012f0        0xa contiki-srf06-cc26xx.a(uip-ds6-route.o)
 *fill*         0x200012fa        0x2 
 .bss.routememb_memb_count
                0x200012fc        0xa contiki-srf06-cc26xx.a(uip-ds6-route.o)
 *fill*         0x20001306        0x2 
 .bss.tmp_ipaddr
                0x20001308       0x10 contiki-srf06-cc26xx.a(uip-icmp6.o)
 .bss.echo_reply_callback_list_list
                0x20001318        0x4 contiki-srf06-cc26xx.a(uip-icmp6.o)
 .bss.input_handler_list_list
                0x2000131c        0x4 contiki-srf06-cc26xx.a(uip-icmp6.o)
 .bss.s         0x20001320       0xa4 contiki-srf06-cc26xx.a(tcpip.o)
 .bss.periodic  0x200013c4       0x10 contiki-srf06-cc26xx.a(tcpip.o)
 .bss.outputfunc
                0x200013d4        0x4 contiki-srf06-cc26xx.a(tcpip.o)
 .bss._rpl_parents_mem
                0x200013d8       0x50 contiki-srf06-cc26xx.a(rpl-dag.o)
 .bss.periodic_timer
                0x20001428       0x20 contiki-srf06-cc26xx.a(rpl-timers.o)
 .bss.powerQualGlobals
                0x20001448        0x8 contiki-srf06-cc26xx.a(sys_ctrl.o)
 .bss._link_stats_mem
                0x20001450       0x78 contiki-srf06-cc26xx.a(link-stats.o)
 .bss.neighbor_addr_mem_memb_count
                0x200014c8        0xa contiki-srf06-cc26xx.a(nbr-table.o)
 *fill*         0x200014d2        0x2 
 .bss.locked_map
                0x200014d4        0xa contiki-srf06-cc26xx.a(nbr-table.o)
 *fill*         0x200014de        0x2 
 .bss.nbr_table_keys_list
                0x200014e0        0x4 contiki-srf06-cc26xx.a(nbr-table.o)
 .bss.neighbor_addr_mem_memb_mem
                0x200014e4       0x78 contiki-srf06-cc26xx.a(nbr-table.o)
 .bss.used_map  0x2000155c        0xa contiki-srf06-cc26xx.a(nbr-table.o)
 *fill*         0x20001566        0x2 
 .bss.all_tables
                0x20001568       0x20 contiki-srf06-cc26xx.a(nbr-table.o)
 .bss.num_tables
                0x20001588        0x4 contiki-srf06-cc26xx.a(nbr-table.o)
 .bss.packetbuf_aligned
                0x2000158c       0x80 contiki-srf06-cc26xx.a(packetbuf.o)
 .bss.buframmem_memb_count
                0x2000160c        0x8 contiki-srf06-cc26xx.a(queuebuf.o)
 .bss.bufmem_memb_mem
                0x20001614       0x20 contiki-srf06-cc26xx.a(queuebuf.o)
 .bss.buframmem_memb_mem
                0x20001634      0x580 contiki-srf06-cc26xx.a(queuebuf.o)
 .bss.bufmem_memb_count
                0x20001bb4        0x8 contiki-srf06-cc26xx.a(queuebuf.o)
 .bss.metadata_memb_memb_count
                0x20001bbc        0x8 contiki-srf06-cc26xx.a(csma.o)
 .bss.packet_memb_memb_count
                0x20001bc4        0x8 contiki-srf06-cc26xx.a(csma.o)
 .bss.metadata_memb_memb_mem
                0x20001bcc       0x60 contiki-srf06-cc26xx.a(csma.o)
 .bss.neighbor_list_list
                0x20001c2c        0x4 contiki-srf06-cc26xx.a(csma.o)
 .bss.packet_memb_memb_mem
                0x20001c30       0x60 contiki-srf06-cc26xx.a(csma.o)
 .bss.neighbor_memb_memb_count
                0x20001c90        0x2 contiki-srf06-cc26xx.a(csma.o)
 *fill*         0x20001c92        0x2 
 .bss.neighbor_memb_memb_mem
                0x20001c94       0x70 contiki-srf06-cc26xx.a(csma.o)
 .bss.consumers_list_list
                0x20001d04        0x4 contiki-srf06-cc26xx.a(aux-ctrl.o)
 .bss.periodic_timer
                0x20001d08       0x20 contiki-srf06-cc26xx.a(rpl-nbr-policy.)
 .bss.timer_init
                0x20001d28        0x4 contiki-srf06-cc26xx.a(rpl-nbr-policy.)
 .bss.num_children
                0x20001d2c        0x4 contiki-srf06-cc26xx.a(rpl-nbr-policy.)
 .bss.worst_rank_nbr
                0x20001d30        0x4 contiki-srf06-cc26xx.a(rpl-nbr-policy.)
 .bss.num_free  0x20001d34        0x4 contiki-srf06-cc26xx.a(rpl-nbr-policy.)
 .bss.num_parents
                0x20001d38        0x4 contiki-srf06-cc26xx.a(rpl-nbr-policy.)
 .bss.received_seqnos
                0x20001d3c      0x100 contiki-srf06-cc26xx.a(mac-sequence.o)
 .bss.node_id   0x20001e3c        0x2 contiki-srf06-cc26xx.a(contiki-main.o)
                0x20001e3c                node_id
 .bss.my_tag    0x20001e3e        0x2 contiki-srf06-cc26xx.a(sicslowpan.o)
 .bss.lastport  0x20001e40        0x2 contiki-srf06-cc26xx.a(uip6.o)
 .bss.next_dis  0x20001e42        0x2 contiki-srf06-cc26xx.a(rpl-timers.o)
 .bss.buflen    0x20001e44        0x2 contiki-srf06-cc26xx.a(packetbuf.o)
 .bss.bufptr    0x20001e46        0x2 contiki-srf06-cc26xx.a(packetbuf.o)
 .bss.seqno.6273
                0x20001e48        0x2 contiki-srf06-cc26xx.a(csma.o)
 .bss.worst_rank
                0x20001e4a        0x2 contiki-srf06-cc26xx.a(rpl-nbr-policy.)
 .bss.num_sensors
                0x20001e4c        0x1 contiki-srf06-cc26xx.a(sensors.o)
 .bss.leds      0x20001e4d        0x1 contiki-srf06-cc26xx.a(leds.o)
 .bss.c         0x20001e4e        0x1 contiki-srf06-cc26xx.a(leds-arch.o)
 .bss.rat_offset_known
                0x20001e4f        0x1 contiki-srf06-cc26xx.a(rf-core.o)
 .bss.ble_mode_on
                0x20001e50        0x1 contiki-srf06-cc26xx.a(rf-ble.o)
 .bss.initialized
                0x20001e51        0x1 contiki-srf06-cc26xx.a(ctimer.o)
 .bss.fevent    0x20001e52        0x1 contiki-srf06-cc26xx.a(process.o)
 .bss.nevents   0x20001e53        0x1 contiki-srf06-cc26xx.a(process.o)
 .bss.poll_requested
                0x20001e54        0x1 contiki-srf06-cc26xx.a(process.o)
 .bss.lastevent
                0x20001e55        0x1 contiki-srf06-cc26xx.a(process.o)
 .bss.uncomp_hdr_len
                0x20001e56        0x1 contiki-srf06-cc26xx.a(sicslowpan.o)
 .bss.packetbuf_hdr_len
                0x20001e57        0x1 contiki-srf06-cc26xx.a(sicslowpan.o)
 .bss.uip_ext_len
                0x20001e58        0x1 contiki-srf06-cc26xx.a(uip6.o)
                0x20001e58                uip_ext_len
 .bss.uip_ext_bitmap
                0x20001e59        0x1 contiki-srf06-cc26xx.a(uip6.o)