Archive member included because of file (symbol)

contiki-srf06-cc26xx.a(contiki-main.o)
                              obj_srf06-cc26xx/startup_gcc.o (main)
contiki-srf06-cc26xx.a(sensors.o)
                              contiki-srf06-cc26xx.a(contiki-main.o) (sensors_process)
contiki-srf06-cc26xx.a(leds.o)
                              contiki-srf06-cc26xx.a(contiki-main.o) (leds_init)
contiki-srf06-cc26xx.a(board.o)
                              contiki-srf06-cc26xx.a(contiki-main.o) (board_init)
contiki-srf06-cc26xx.a(launchpad-senso)
                              contiki-srf06-cc26xx.a(sensors.o) (sensors_flags)
contiki-srf06-cc26xx.a(leds-arch.o)
                              contiki-srf06-cc26xx.a(leds.o) (leds_arch_init)
contiki-srf06-cc26xx.a(button-sensor.o)
                              contiki-srf06-cc26xx.a(launchpad-senso) (button_right_sensor)
contiki-srf06-cc26xx.a(ext-flash.o)
                              contiki-srf06-cc26xx.a(board.o) (ext_flash_init)
contiki-srf06-cc26xx.a(board-spi.o)
                              contiki-srf06-cc26xx.a(ext-flash.o) (board_spi_write)
contiki-srf06-cc26xx.a(prop-mode.o)
                              contiki-srf06-cc26xx.a(contiki-main.o) (prop_mode_driver)
contiki-srf06-cc26xx.a(clock.o)
                              contiki-srf06-cc26xx.a(contiki-main.o) (clock_init)
contiki-srf06-cc26xx.a(rtimer-arch.o)
                              contiki-srf06-cc26xx.a(prop-mode.o) (rtimer_arch_now)
contiki-srf06-cc26xx.a(soc-rtc.o)
                              contiki-srf06-cc26xx.a(contiki-main.o) (soc_rtc_init)
contiki-srf06-cc26xx.a(contiki-watchdo)
                              contiki-srf06-cc26xx.a(contiki-main.o) (watchdog_init)
contiki-srf06-cc26xx.a(putchar.o)
                              contiki-srf06-cc26xx.a(contiki-main.o) (putchar)
contiki-srf06-cc26xx.a(ieee-addr.o)
                              contiki-srf06-cc26xx.a(contiki-main.o) (ieee_addr_cpy_to)
contiki-srf06-cc26xx.a(cc26xx-uart.o)
                              contiki-srf06-cc26xx.a(contiki-main.o) (cc26xx_uart_init)
contiki-srf06-cc26xx.a(lpm.o)
                              contiki-srf06-cc26xx.a(button-sensor.o) (lpm_shutdown)
contiki-srf06-cc26xx.a(gpio-interrupt.)
                              contiki-srf06-cc26xx.a(button-sensor.o) (gpio_interrupt_register_handler)
contiki-srf06-cc26xx.a(oscillators.o)
                              contiki-srf06-cc26xx.a(contiki-main.o) (oscillators_select_lf_xosc)
contiki-srf06-cc26xx.a(rf-core.o)
                              contiki-srf06-cc26xx.a(prop-mode.o) (rf_core_is_accessible)
contiki-srf06-cc26xx.a(rf-ble.o)
                              contiki-srf06-cc26xx.a(prop-mode.o) (rf_ble_is_active)
contiki-srf06-cc26xx.a(random.o)
                              example-collect.co (random_rand)
contiki-srf06-cc26xx.a(soc-trng.o)
                              contiki-srf06-cc26xx.a(random.o) (soc_trng_rand_synchronous)
contiki-srf06-cc26xx.a(dbg-printf.o)
                              example-collect.co (printf)
contiki-srf06-cc26xx.a(strformat.o)
                              contiki-srf06-cc26xx.a(dbg-printf.o) (format_str_v)
contiki-srf06-cc26xx.a(autostart.o)
                              contiki-srf06-cc26xx.a(contiki-main.o) (autostart_start)
contiki-srf06-cc26xx.a(ctimer.o)
                              contiki-srf06-cc26xx.a(contiki-main.o) (ctimer_init)
contiki-srf06-cc26xx.a(energest.o)
                              contiki-srf06-cc26xx.a(contiki-main.o) (energest_init)
contiki-srf06-cc26xx.a(etimer.o)
                              contiki-srf06-cc26xx.a(clock.o) (etimer_request_poll)
contiki-srf06-cc26xx.a(process.o)
                              contiki-srf06-cc26xx.a(sensors.o) (process_alloc_event)
contiki-srf06-cc26xx.a(rtimer.o)
                              contiki-srf06-cc26xx.a(contiki-main.o) (rtimer_init)
contiki-srf06-cc26xx.a(timer.o)
                              contiki-srf06-cc26xx.a(button-sensor.o) (timer_set)
contiki-srf06-cc26xx.a(serial-line.o)
                              contiki-srf06-cc26xx.a(contiki-main.o) (serial_line_init)
contiki-srf06-cc26xx.a(list.o)
                              contiki-srf06-cc26xx.a(lpm.o) (list_init)
contiki-srf06-cc26xx.a(ringbuf.o)
                              contiki-srf06-cc26xx.a(serial-line.o) (ringbuf_init)
contiki-srf06-cc26xx.a(collect.o)
                              example-collect.co (collect_open)
contiki-srf06-cc26xx.a(collect-link-es)
                              contiki-srf06-cc26xx.a(collect.o) (collect_link_estimate_num_estimates)
contiki-srf06-cc26xx.a(collect-neighbo)
                              contiki-srf06-cc26xx.a(collect.o) (collect_neighbor_init)
contiki-srf06-cc26xx.a(packetqueue.o)
                              contiki-srf06-cc26xx.a(collect.o) (packetqueue_enqueue_packetbuf)
contiki-srf06-cc26xx.a(rime.o)
                              contiki-srf06-cc26xx.a(contiki-main.o) (rime_driver)
contiki-srf06-cc26xx.a(unicast.o)
[...]
Memory Configuration

Name             Origin             Length             Attributes
FLASH            0x00000000         0x0001ffa8         xr
FLASH_CCFG       0x0001ffa8         0x00000058         xr
SRAM             0x20000000         0x00005000         xrw
GPRAM            0x11000000         0x00002000         xrw
*default*        0x00000000         0xffffffff

Linker script and memory map

LOAD obj_srf06-cc26xx/fault-handlers.o
LOAD obj_srf06-cc26xx/ccfg.o
LOAD obj_srf06-cc26xx/startup_gcc.o
LOAD example-collect.co
LOAD contiki-srf06-cc26xx.a
LOAD /usr/bin/../lib/gcc/arm-none-eabi/4.9.3/../../../../arm-none-eabi/lib/armv7-m/libm.a
START GROUP
LOAD /usr/bin/../lib/gcc/arm-none-eabi/4.9.3/armv7-m/libgcc.a
LOAD /usr/bin/../lib/gcc/arm-none-eabi/4.9.3/../../../../arm-none-eabi/lib/armv7-m/libc.a
END GROUP
                0x20005000                _estack = (ORIGIN (SRAM) + 0x5000)
                0x00000000                _Min_Heap_Size = 0x0
                0x00000100                _Min_Stack_Size = 0x100

.text           0x00000000     0x892d
                0x00000000                _text = .
 *(SORT(.vectors))
 .vectors       0x00000000       0xc8 obj_srf06-cc26xx/startup_gcc.o
                0x00000000                g_pfnVectors
 *(SORT(.text*))
 .text.FaultISR
                0x000000c8       0x18 obj_srf06-cc26xx/fault-handlers.o
                0x000000c8                FaultISR
 .text.NmiSRHandler
                0x000000e0        0x4 obj_srf06-cc26xx/startup_gcc.o
                0x000000e0                NmiSR
 .text.IntDefaultHandler
                0x000000e4        0x4 obj_srf06-cc26xx/startup_gcc.o
                0x000000e4                SSI0IntHandler
                0x000000e4                SWEvent0IntHandler
                0x000000e4                uDMAIntHandler
                0x000000e4                WatchdogIntHandler
                0x000000e4                RFCHardwareIntHandler
                0x000000e4                Timer1BIntHandler
                0x000000e4                I2SIntHandler
                0x000000e4                Timer2BIntHandler
                0x000000e4                Timer2AIntHandler
                0x000000e4                Timer1AIntHandler
                0x000000e4                AONIntHandler
                0x000000e4                AUXSWEvent0IntHandler
                0x000000e4                AUXADCIntHandler
                0x000000e4                PendSVIntHandler
                0x000000e4                AUXSWEvent1IntHandler
                0x000000e4                SVCallIntHandler
                0x000000e4                MPUFaultIntHandler
                0x000000e4                SysTickIntHandler
                0x000000e4                BusFaultIntHandler
                0x000000e4                AONProgIntHandler
                0x000000e4                AUXCompAIntHandler
                0x000000e4                SSI1IntHandler
                0x000000e4                FlashIntHandler
                0x000000e4                uDMAErrIntHandler
                0x000000e4                UsageFaultIntHandler
                0x000000e4                RFCCmdAckIntHandler
                0x000000e4                CryptoIntHandler
                0x000000e4                Timer0AIntHandler
                0x000000e4                I2CIntHandler
                0x000000e4                DebugMonIntHandler
                0x000000e4                Timer0BIntHandler
                0x000000e4                AUXCombEventIntHandler
                0x000000e4                Timer3AIntHandler
                0x000000e4                DynProgIntHandler
                0x000000e4                Timer3BIntHandler
 .text.ResetISR
                0x000000e8       0x5c obj_srf06-cc26xx/startup_gcc.o
                0x000000e8                ResetISR
 .text.process_thread_example_collect_process
                0x00000144      0x144 example-collect.co
 .text.recv     0x00000288       0x38 example-collect.co
 .text.fade     0x000002c0       0x64 contiki-srf06-cc26xx.a(contiki-main.o)
 .text.startup.main
                0x00000324      0x22c contiki-srf06-cc26xx.a(contiki-main.o)
                0x00000324                main
 .text.process_thread_sensors_process
                0x00000550       0xf8 contiki-srf06-cc26xx.a(sensors.o)
 .text.sensors_changed
                0x00000648       0x50 contiki-srf06-cc26xx.a(sensors.o)
                0x00000648                sensors_changed
 .text.leds_init
                0x00000698       0x14 contiki-srf06-cc26xx.a(leds.o)
                0x00000698                leds_init
 .text.leds_on  0x000006ac       0x14 contiki-srf06-cc26xx.a(leds.o)
                0x000006ac                leds_on
 .text.leds_off
                0x000006c0       0x14 contiki-srf06-cc26xx.a(leds.o)
                0x000006c0                leds_off
 .text.wakeup_handler
                0x000006d4       0x20 contiki-srf06-cc26xx.a(board.o)
 .text.board_init
                0x000006f4       0x98 contiki-srf06-cc26xx.a(board.o)
                0x000006f4                board_init
 .text.leds_arch_init
                0x0000078c       0x34 contiki-srf06-cc26xx.a(leds-arch.o)
                0x0000078c                leds_arch_init
 .text.leds_arch_set
                0x000007c0       0x2c contiki-srf06-cc26xx.a(leds-arch.o)
                0x000007c0                leds_arch_set
 .text.status.part.0
                0x000007ec       0x14 contiki-srf06-cc26xx.a(button-sensor.o)
 .text.value_left
                0x00000800       0x24 contiki-srf06-cc26xx.a(button-sensor.o)
 .text.value_right
                0x00000824       0x18 contiki-srf06-cc26xx.a(button-sensor.o)
 .text.status_left
                0x0000083c       0x10 contiki-srf06-cc26xx.a(button-sensor.o)
 .text.status_right
                0x0000084c       0x10 contiki-srf06-cc26xx.a(button-sensor.o)
 .text.config_buttons
                0x0000085c       0x84 contiki-srf06-cc26xx.a(button-sensor.o)
 .text.config_left
                0x000008e0        0xc contiki-srf06-cc26xx.a(button-sensor.o)
 .text.config_right
                0x000008ec        0xc contiki-srf06-cc26xx.a(button-sensor.o)
 .text.button_press_handler
                0x000008f8       0x64 contiki-srf06-cc26xx.a(button-sensor.o)
 .text.verify_part
                0x0000095c       0x7c contiki-srf06-cc26xx.a(ext-flash.o)
 .text.wait_ready
                0x000009d8       0x64 contiki-srf06-cc26xx.a(ext-flash.o)
 .text.power_down
                0x00000a3c       0x50 contiki-srf06-cc26xx.a(ext-flash.o)
 .text.ext_flash_open
                0x00000a8c       0x60 contiki-srf06-cc26xx.a(ext-flash.o)
                0x00000a8c                ext_flash_open
 .text.ext_flash_init
                0x00000aec       0x14 contiki-srf06-cc26xx.a(ext-flash.o)
                0x00000aec                ext_flash_init
 .text.accessible
                0x00000b00       0x24 contiki-srf06-cc26xx.a(board-spi.o)
 .text.board_spi_write
                0x00000b24       0x3c contiki-srf06-cc26xx.a(board-spi.o)
                0x00000b24                board_spi_write
 .text.board_spi_read
                0x00000b60       0x48 contiki-srf06-cc26xx.a(board-spi.o)
                0x00000b60                board_spi_read
 .text.board_spi_flush
                0x00000ba8       0x24 contiki-srf06-cc26xx.a(board-spi.o)
                0x00000ba8                board_spi_flush
 .text.board_spi_open
                0x00000bcc       0xc0 contiki-srf06-cc26xx.a(board-spi.o)
                0x00000bcc                board_spi_open
 .text.board_spi_close
                0x00000c8c       0x70 contiki-srf06-cc26xx.a(board-spi.o)
                0x00000c8c                board_spi_close
 .text.get_object
                0x00000cfc        0x4 contiki-srf06-cc26xx.a(prop-mode.o)
 .text.set_object
                0x00000d00        0x4 contiki-srf06-cc26xx.a(prop-mode.o)
 .text.request  0x00000d04       0x20 contiki-srf06-cc26xx.a(prop-mode.o)
 .text.soft_off_prop
                0x00000d24       0x3c contiki-srf06-cc26xx.a(prop-mode.o)
 .text.rx_on_prop
                0x00000d60       0x70 contiki-srf06-cc26xx.a(prop-mode.o)
 .text.prepare  0x00000dd0       0x1c contiki-srf06-cc26xx.a(prop-mode.o)
 .text.pending_packet
                0x00000dec       0x34 contiki-srf06-cc26xx.a(prop-mode.o)
 .text.read_frame
                0x00000e20       0x50 contiki-srf06-cc26xx.a(prop-mode.o)
 .text.rx_off_prop
                0x00000e70       0x50 contiki-srf06-cc26xx.a(prop-mode.o)
 .text.prop_div_radio_setup
                0x00000ec0       0x44 contiki-srf06-cc26xx.a(prop-mode.o)
 .text.prop_fs  0x00000f04       0x34 contiki-srf06-cc26xx.a(prop-mode.o)
 .text.soft_on_prop
                0x00000f38       0x20 contiki-srf06-cc26xx.a(prop-mode.o)
 .text.off      0x00000f58       0x34 contiki-srf06-cc26xx.a(prop-mode.o)
 .text.on       0x00000f8c       0xf0 contiki-srf06-cc26xx.a(prop-mode.o)
 .text.set_value
                0x0000107c      0x158 contiki-srf06-cc26xx.a(prop-mode.o)
 .text.get_value
                0x000011d4      0x13c contiki-srf06-cc26xx.a(prop-mode.o)
 .text.transmit
                0x00001310       0xac contiki-srf06-cc26xx.a(prop-mode.o)
 .text.send     0x000013bc       0x24 contiki-srf06-cc26xx.a(prop-mode.o)
 .text.channel_clear
                0x000013e0       0x74 contiki-srf06-cc26xx.a(prop-mode.o)
 .text.receiving_packet
                0x00001454       0x28 contiki-srf06-cc26xx.a(prop-mode.o)
 .text.init     0x0000147c       0xd4 contiki-srf06-cc26xx.a(prop-mode.o)
 .text.power_domain_on
                0x00001550       0x20 contiki-srf06-cc26xx.a(clock.o)
 .text.clock_init
                0x00001570       0x98 contiki-srf06-cc26xx.a(clock.o)
                0x00001570                clock_init
 .text.clock_time
                0x00001608       0x34 contiki-srf06-cc26xx.a(clock.o)
                0x00001608                clock_time
 .text.clock_update
                0x0000163c       0x3c contiki-srf06-cc26xx.a(clock.o)
                0x0000163c                clock_update
 .text.rtimer_arch_init
                0x00001678        0x4 contiki-srf06-cc26xx.a(rtimer-arch.o)
                0x00001678                rtimer_arch_init
 .text.rtimer_arch_schedule
                0x0000167c        0x8 contiki-srf06-cc26xx.a(rtimer-arch.o)
                0x0000167c                rtimer_arch_schedule
 .text.rtimer_arch_now
                0x00001684        0x4 contiki-srf06-cc26xx.a(rtimer-arch.o)
                0x00001684                rtimer_arch_now
 .text.soc_rtc_init
                0x00001688       0xa0 contiki-srf06-cc26xx.a(soc-rtc.o)
                0x00001688                soc_rtc_init
 .text.soc_rtc_schedule_one_shot
                0x00001728       0x70 contiki-srf06-cc26xx.a(soc-rtc.o)
                0x00001728                soc_rtc_schedule_one_shot
 .text.soc_rtc_last_isr_time
                0x00001798        0xc contiki-srf06-cc26xx.a(soc-rtc.o)
                0x00001798                soc_rtc_last_isr_time
 .text.AONRTCIntHandler
                0x000017a4       0x88 contiki-srf06-cc26xx.a(soc-rtc.o)
                0x000017a4                AONRTCIntHandler
 .text.lock_config
                0x0000182c       0x18 contiki-srf06-cc26xx.a(contiki-watchdo)
 .text.unlock_config
                0x00001844       0x2c contiki-srf06-cc26xx.a(contiki-watchdo)
 .text.watchdog_init
                0x00001870       0x1c contiki-srf06-cc26xx.a(contiki-watchdo)
                0x00001870                watchdog_init
 .text.watchdog_start
                0x0000188c       0x30 contiki-srf06-cc26xx.a(contiki-watchdo)
                0x0000188c                watchdog_start
 .text.watchdog_periodic
                0x000018bc       0x1c contiki-srf06-cc26xx.a(contiki-watchdo)
                0x000018bc                watchdog_periodic
 .text.putchar  0x000018d8       0x10 contiki-srf06-cc26xx.a(putchar.o)
                0x000018d8                putchar
 .text.puts     0x000018e8       0x30 contiki-srf06-cc26xx.a(putchar.o)
                0x000018e8                puts
 .text.dbg_send_bytes
                0x00001918       0x40 contiki-srf06-cc26xx.a(putchar.o)
                0x00001918                dbg_send_bytes
 .text.ieee_addr_cpy_to
                0x00001958       0x40 contiki-srf06-cc26xx.a(ieee-addr.o)
                0x00001958                ieee_addr_cpy_to
 .text.power_and_clock
                0x00001998       0x40 contiki-srf06-cc26xx.a(cc26xx-uart.o)
 .text.enable   0x000019d8       0xf0 contiki-srf06-cc26xx.a(cc26xx-uart.o)
 .text.accessible
                0x00001ac8       0x24 contiki-srf06-cc26xx.a(cc26xx-uart.o)
 .text.lpm_drop_handler
                0x00001aec       0xc8 contiki-srf06-cc26xx.a(cc26xx-uart.o)
 .text.cc26xx_uart_init
                0x00001bb4       0x28 contiki-srf06-cc26xx.a(cc26xx-uart.o)
                0x00001bb4                cc26xx_uart_init
 .text.cc26xx_uart_write_byte
                0x00001bdc       0x28 contiki-srf06-cc26xx.a(cc26xx-uart.o)
                0x00001bdc                cc26xx_uart_write_byte
 .text.cc26xx_uart_busy
                0x00001c04       0x18 contiki-srf06-cc26xx.a(cc26xx-uart.o)
                0x00001c04                cc26xx_uart_busy
 .text.UART0IntHandler
                0x00001c1c       0x54 contiki-srf06-cc26xx.a(cc26xx-uart.o)
                0x00001c1c                UART0IntHandler
 .text.lpm_shutdown
                0x00001c70      0x19c contiki-srf06-cc26xx.a(lpm.o)
                0x00001c70                lpm_shutdown
 .text.lpm_sleep
                0x00001e0c       0x14 contiki-srf06-cc26xx.a(lpm.o)
                0x00001e0c                lpm_sleep
 .text.lpm_drop
                0x00001e20      0x25c contiki-srf06-cc26xx.a(lpm.o)
                0x00001e20                lpm_drop
 .text.lpm_register_module
                0x0000207c        0xc contiki-srf06-cc26xx.a(lpm.o)
                0x0000207c                lpm_register_module
 .text.lpm_unregister_module
                0x00002088        0xc contiki-srf06-cc26xx.a(lpm.o)
                0x00002088                lpm_unregister_module
 .text.lpm_init
                0x00002094       0x20 contiki-srf06-cc26xx.a(lpm.o)
                0x00002094                lpm_init
 .text.lpm_pin_set_default_state
                0x000020b4       0x2c contiki-srf06-cc26xx.a(lpm.o)
                0x000020b4                lpm_pin_set_default_state
 .text.gpio_interrupt_register_handler
                0x000020e0       0x2c contiki-srf06-cc26xx.a(gpio-interrupt.)
                0x000020e0                gpio_interrupt_register_handler
 .text.gpio_interrupt_init
                0x0000210c       0x24 contiki-srf06-cc26xx.a(gpio-interrupt.)
                0x0000210c                gpio_interrupt_init
 .text.GPIOIntHandler
                0x00002130       0x30 contiki-srf06-cc26xx.a(gpio-interrupt.)
                0x00002130                GPIOIntHandler
 .text.oscillators_select_lf_xosc
                0x00002160       0x58 contiki-srf06-cc26xx.a(oscillators.o)
                0x00002160                oscillators_select_lf_xosc
 .text.oscillators_select_lf_rcosc
                0x000021b8       0x3c contiki-srf06-cc26xx.a(oscillators.o)
                0x000021b8                oscillators_select_lf_rcosc
 .text.oscillators_request_hf_xosc
                0x000021f4       0x30 contiki-srf06-cc26xx.a(oscillators.o)
                0x000021f4                oscillators_request_hf_xosc
 .text.oscillators_switch_to_hf_xosc
                0x00002224       0x34 contiki-srf06-cc26xx.a(oscillators.o)
                0x00002224                oscillators_switch_to_hf_xosc
 .text.oscillators_switch_to_hf_rc
                0x00002258       0x38 contiki-srf06-cc26xx.a(oscillators.o)
                0x00002258                oscillators_switch_to_hf_rc
 .text.process_thread_rf_core_process
                0x00002290       0x58 contiki-srf06-cc26xx.a(rf-core.o)
 .text.rf_core_is_accessible
                0x000022e8       0x10 contiki-srf06-cc26xx.a(rf-core.o)
                0x000022e8                rf_core_is_accessible
 .text.rf_core_send_cmd
                0x000022f8       0xa4 contiki-srf06-cc26xx.a(rf-core.o)
                0x000022f8                rf_core_send_cmd
 .text.rf_core_wait_cmd_done
                0x0000239c       0x30 contiki-srf06-cc26xx.a(rf-core.o)
                0x0000239c                rf_core_wait_cmd_done
 .text.rf_core_power_up
                0x000023cc       0xb4 contiki-srf06-cc26xx.a(rf-core.o)
                0x000023cc                rf_core_power_up
 .text.rf_core_start_rat
                0x00002480       0x68 contiki-srf06-cc26xx.a(rf-core.o)
                0x00002480                rf_core_start_rat
 .text.rf_core_stop_rat
                0x000024e8       0x7c contiki-srf06-cc26xx.a(rf-core.o)
                0x000024e8                rf_core_stop_rat
 .text.rf_core_power_down
                0x00002564       0xec contiki-srf06-cc26xx.a(rf-core.o)
                0x00002564                rf_core_power_down
 .text.rf_core_set_modesel
                0x00002650       0x44 contiki-srf06-cc26xx.a(rf-core.o)
                0x00002650                rf_core_set_modesel
 .text.rf_core_setup_interrupts
                0x00002694       0x74 contiki-srf06-cc26xx.a(rf-core.o)
                0x00002694                rf_core_setup_interrupts
 .text.rf_core_cmd_done_en
                0x00002708       0x28 contiki-srf06-cc26xx.a(rf-core.o)
                0x00002708                rf_core_cmd_done_en
 .text.rf_core_cmd_done_dis
                0x00002730       0x18 contiki-srf06-cc26xx.a(rf-core.o)
                0x00002730                rf_core_cmd_done_dis
 .text.rf_core_get_last_radio_op
                0x00002748        0xc contiki-srf06-cc26xx.a(rf-core.o)
                0x00002748                rf_core_get_last_radio_op
 .text.rf_core_primary_mode_register
                0x00002754        0xc contiki-srf06-cc26xx.a(rf-core.o)
                0x00002754                rf_core_primary_mode_register
 .text.RFCCPE1IntHandler
                0x00002760       0x28 contiki-srf06-cc26xx.a(rf-core.o)
                0x00002760                RFCCPE1IntHandler
 .text.RFCCPE0IntHandler
                0x00002788       0x5c contiki-srf06-cc26xx.a(rf-core.o)
                0x00002788                RFCCPE0IntHandler
 .text.rf_ble_is_active
                0x000027e4        0xc contiki-srf06-cc26xx.a(rf-ble.o)
                0x000027e4                rf_ble_is_active
 .text.random_rand
                0x000027f0        0xc contiki-srf06-cc26xx.a(random.o)
                0x000027f0                random_rand
 .text.random_init
                0x000027fc        0x4 contiki-srf06-cc26xx.a(random.o)
                0x000027fc                random_init
 .text.power_up
                0x00002800       0x40 contiki-srf06-cc26xx.a(soc-trng.o)
 .text.request  0x00002840       0x14 contiki-srf06-cc26xx.a(soc-trng.o)
 .text.process_thread_soc_trng_process
                0x00002854       0x94 contiki-srf06-cc26xx.a(soc-trng.o)
 .text.accessible
                0x000028e8       0x24 contiki-srf06-cc26xx.a(soc-trng.o)
 .text.soc_trng_rand_synchronous
                0x0000290c       0xc4 contiki-srf06-cc26xx.a(soc-trng.o)
                0x0000290c                soc_trng_rand_synchronous
 .text.TRNGIntHandler
                0x000029d0       0x50 contiki-srf06-cc26xx.a(soc-trng.o)
                0x000029d0                TRNGIntHandler
 .text.soc_trng_init
                0x00002a20       0x28 contiki-srf06-cc26xx.a(soc-trng.o)
                0x00002a20                soc_trng_init
 .text.write_str
                0x00002a48       0x14 contiki-srf06-cc26xx.a(dbg-printf.o)
 .text.printf   0x00002a5c       0x24 contiki-srf06-cc26xx.a(dbg-printf.o)
                0x00002a5c                printf
 .text.fill_space
                0x00002a80       0x3c contiki-srf06-cc26xx.a(strformat.o)
 .text.format_str_v
                0x00002abc      0x95c contiki-srf06-cc26xx.a(strformat.o)
                0x00002abc                format_str_v
 .text.autostart_start
                0x00003418       0x18 contiki-srf06-cc26xx.a(autostart.o)
                0x00003418                autostart_start
 .text.process_thread_ctimer_process
                0x00003430       0x94 contiki-srf06-cc26xx.a(ctimer.o)
 .text.ctimer_init
                0x000034c4       0x28 contiki-srf06-cc26xx.a(ctimer.o)
                0x000034c4                ctimer_init
 .text.ctimer_set_with_process
                0x000034ec       0x4c contiki-srf06-cc26xx.a(ctimer.o)
                0x000034ec                ctimer_set_with_process
 .text.ctimer_set
                0x00003538       0x18 contiki-srf06-cc26xx.a(ctimer.o)
                0x00003538                ctimer_set
 .text.ctimer_stop
                0x00003550       0x34 contiki-srf06-cc26xx.a(ctimer.o)
                0x00003550                ctimer_stop
 .text.energest_init
                0x00003584        0x4 contiki-srf06-cc26xx.a(energest.o)
                0x00003584                energest_init
 .text.update_time
                0x00003588       0x44 contiki-srf06-cc26xx.a(etimer.o)
 .text.process_thread_etimer_process
                0x000035cc       0xc8 contiki-srf06-cc26xx.a(etimer.o)
 .text.add_timer
                0x00003694       0x54 contiki-srf06-cc26xx.a(etimer.o)
 .text.etimer_request_poll
                0x000036e8        0xc contiki-srf06-cc26xx.a(etimer.o)
                0x000036e8                etimer_request_poll
 .text.etimer_set
                0x000036f4       0x14 contiki-srf06-cc26xx.a(etimer.o)
                0x000036f4                etimer_set
 .text.etimer_expired
                0x00003708        0xc contiki-srf06-cc26xx.a(etimer.o)
                0x00003708                etimer_expired
 .text.etimer_pending
                0x00003714       0x10 contiki-srf06-cc26xx.a(etimer.o)
                0x00003714                etimer_pending
 .text.etimer_next_expiration_time
                0x00003724       0x14 contiki-srf06-cc26xx.a(etimer.o)
                0x00003724                etimer_next_expiration_time
 .text.etimer_stop
                0x00003738       0x4c contiki-srf06-cc26xx.a(etimer.o)
                0x00003738                etimer_stop
 .text.exit_process
                0x00003784       0xb0 contiki-srf06-cc26xx.a(process.o)
 .text.call_process.part.0
                0x00003834       0x38 contiki-srf06-cc26xx.a(process.o)
 .text.do_poll  0x0000386c       0x3c contiki-srf06-cc26xx.a(process.o)
 .text.process_alloc_event
                0x000038a8       0x10 contiki-srf06-cc26xx.a(process.o)
                0x000038a8                process_alloc_event
 .text.process_init
                0x000038b8       0x34 contiki-srf06-cc26xx.a(process.o)
                0x000038b8                process_init
 .text.process_run
                0x000038ec       0xac contiki-srf06-cc26xx.a(process.o)
                0x000038ec                process_run
 .text.process_nevents
                0x00003998       0x14 contiki-srf06-cc26xx.a(process.o)
                0x00003998                process_nevents
 .text.process_post
                0x000039ac       0x40 contiki-srf06-cc26xx.a(process.o)
                0x000039ac                process_post
 .text.process_post_synch
                0x000039ec       0x18 contiki-srf06-cc26xx.a(process.o)
                0x000039ec                process_post_synch
 .text.process_start
                0x00003a04       0x40 contiki-srf06-cc26xx.a(process.o)
                0x00003a04                process_start
 .text.process_poll
                0x00003a44       0x18 contiki-srf06-cc26xx.a(process.o)
                0x00003a44                process_poll
 .text.rtimer_init
                0x00003a5c        0x4 contiki-srf06-cc26xx.a(rtimer.o)
                0x00003a5c                rtimer_init
 .text.rtimer_set
                0x00003a60       0x2c contiki-srf06-cc26xx.a(rtimer.o)
                0x00003a60                rtimer_set
 .text.rtimer_run_next
                0x00003a8c       0x28 contiki-srf06-cc26xx.a(rtimer.o)
                0x00003a8c                rtimer_run_next
 .text.timer_set
                0x00003ab4       0x10 contiki-srf06-cc26xx.a(timer.o)
                0x00003ab4                timer_set
 .text.timer_expired
                0x00003ac4       0x1c contiki-srf06-cc26xx.a(timer.o)
                0x00003ac4                timer_expired
 .text.process_thread_serial_line_process
                0x00003ae0       0xac contiki-srf06-cc26xx.a(serial-line.o)
 .text.serial_line_init
                0x00003b8c       0x24 contiki-srf06-cc26xx.a(serial-line.o)
                0x00003b8c                serial_line_init
 .text.list_init
                0x00003bb0        0x8 contiki-srf06-cc26xx.a(list.o)
                0x00003bb0                list_init
 .text.list_head
                0x00003bb8        0x4 contiki-srf06-cc26xx.a(list.o)
                0x00003bb8                list_head
 .text.list_add
                0x00003bbc       0x48 contiki-srf06-cc26xx.a(list.o)
                0x00003bbc                list_add
 .text.list_push
                0x00003c04       0x40 contiki-srf06-cc26xx.a(list.o)
                0x00003c04                list_push
 .text.list_remove
                0x00003c44       0x2c contiki-srf06-cc26xx.a(list.o)
                0x00003c44                list_remove
 .text.list_length
                0x00003c70       0x14 contiki-srf06-cc26xx.a(list.o)
                0x00003c70                list_length
 .text.list_item_next
                0x00003c84        0x8 contiki-srf06-cc26xx.a(list.o)
                0x00003c84                list_item_next
 .text.ringbuf_init
                0x00003c8c       0x10 contiki-srf06-cc26xx.a(ringbuf.o)
                0x00003c8c                ringbuf_init
 .text.ringbuf_get
                0x00003c9c       0x28 contiki-srf06-cc26xx.a(ringbuf.o)
                0x00003c9c                ringbuf_get
 .text.enqueue_dummy_packet
                0x00003cc4       0x64 contiki-srf06-cc26xx.a(collect.o)
 .text.send_packet
                0x00003d28       0x2c contiki-srf06-cc26xx.a(collect.o)
 .text.send_queued_packet
                0x00003d54       0xd0 contiki-srf06-cc26xx.a(collect.o)
 .text.update_rtmetric
                0x00003e24       0xf8 contiki-srf06-cc26xx.a(collect.o)
 .text.send_next_packet
                0x00003f1c       0x30 contiki-srf06-cc26xx.a(collect.o)
 .text.received_announcement
                0x00003f4c       0xa0 contiki-srf06-cc26xx.a(collect.o)
 .text.send_ack
                0x00003fec       0x84 contiki-srf06-cc26xx.a(collect.o)
 .text.proactive_probing_callback
                0x00004070       0xa4 contiki-srf06-cc26xx.a(collect.o)
 .text.set_keepalive_timer
                0x00004114       0x38 contiki-srf06-cc26xx.a(collect.o)
 .text.timedout
                0x0000414c       0x34 contiki-srf06-cc26xx.a(collect.o)
 .text.retransmit_callback
                0x00004180       0xd0 contiki-srf06-cc26xx.a(collect.o)
 .text.retransmit_not_sent_callback
                0x00004250       0x10 contiki-srf06-cc26xx.a(collect.o)
 .text.node_packet_sent
                0x00004260       0x58 contiki-srf06-cc26xx.a(collect.o)
 .text.send_keepalive
                0x000042b8       0x34 contiki-srf06-cc26xx.a(collect.o)
 .text.add_packet_to_recent_packets
                0x000042ec       0x54 contiki-srf06-cc26xx.a(collect.o)
 .text.node_packet_received
                0x00004340      0x2e0 contiki-srf06-cc26xx.a(collect.o)
 .text.collect_open
                0x00004620       0xac contiki-srf06-cc26xx.a(collect.o)
                0x00004620                collect_open
 .text.collect_set_sink
                0x000046cc       0x64 contiki-srf06-cc26xx.a(collect.o)
                0x000046cc                collect_set_sink
 .text.collect_send
                0x00004730       0xdc contiki-srf06-cc26xx.a(collect.o)
                0x00004730                collect_send
 .text.collect_parent
                0x0000480c        0x4 contiki-srf06-cc26xx.a(collect.o)
                0x0000480c                collect_parent
 .text.collect_link_estimate_new
                0x00004810        0xc contiki-srf06-cc26xx.a(collect-link-es)
                0x00004810                collect_link_estimate_new
 .text.collect_link_estimate_update_tx
                0x0000481c       0x28 contiki-srf06-cc26xx.a(collect-link-es)
                0x0000481c                collect_link_estimate_update_tx
 .text.collect_link_estimate_update_tx_fail
                0x00004844       0x10 contiki-srf06-cc26xx.a(collect-link-es)
                0x00004844                collect_link_estimate_update_tx_fail
 .text.collect_link_estimate
                0x00004854       0x10 contiki-srf06-cc26xx.a(collect-link-es)
                0x00004854                collect_link_estimate
 .text.collect_link_estimate_num_estimates
                0x00004864        0x8 contiki-srf06-cc26xx.a(collect-link-es)
                0x00004864                collect_link_estimate_num_estimates
 .text.periodic
                0x0000486c       0x94 contiki-srf06-cc26xx.a(collect-neighbo)
 .text.collect_neighbor_init
                0x00004900       0x1c contiki-srf06-cc26xx.a(collect-neighbo)
                0x00004900                collect_neighbor_init
 .text.collect_neighbor_list_new
                0x0000491c       0x2c contiki-srf06-cc26xx.a(collect-neighbo)
                0x0000491c                collect_neighbor_list_new
 .text.collect_neighbor_list_find
                0x00004948       0x34 contiki-srf06-cc26xx.a(collect-neighbo)
                0x00004948                collect_neighbor_list_find
 .text.collect_neighbor_list_add
                0x0000497c       0xa0 contiki-srf06-cc26xx.a(collect-neighbo)
                0x0000497c                collect_neighbor_list_add
 .text.collect_neighbor_list
                0x00004a1c        0x8 contiki-srf06-cc26xx.a(collect-neighbo)
                0x00004a1c                collect_neighbor_list
 .text.collect_neighbor_list_best
                0x00004a24       0x50 contiki-srf06-cc26xx.a(collect-neighbo)
                0x00004a24                collect_neighbor_list_best
 .text.collect_neighbor_update_rtmetric
                0x00004a74        0xc contiki-srf06-cc26xx.a(collect-neighbo)
                0x00004a74                collect_neighbor_update_rtmetric
 .text.collect_neighbor_tx_fail
                0x00004a80       0x18 contiki-srf06-cc26xx.a(collect-neighbo)
                0x00004a80                collect_neighbor_tx_fail
 .text.collect_neighbor_tx
                0x00004a98       0x18 contiki-srf06-cc26xx.a(collect-neighbo)
                0x00004a98                collect_neighbor_tx
 .text.collect_neighbor_rtmetric_link_estimate
                0x00004ab0       0x18 contiki-srf06-cc26xx.a(collect-neighbo)
                0x00004ab0                collect_neighbor_rtmetric_link_estimate
 .text.collect_neighbor_rtmetric
                0x00004ac8        0x8 contiki-srf06-cc26xx.a(collect-neighbo)
                0x00004ac8                collect_neighbor_rtmetric
 .text.collect_neighbor_set_congested
                0x00004ad0       0x10 contiki-srf06-cc26xx.a(collect-neighbo)
                0x00004ad0                collect_neighbor_set_congested
 .text.remove_queued_packet
                0x00004ae0       0x2c contiki-srf06-cc26xx.a(packetqueue.o)
 .text.packetqueue_enqueue_packetbuf
                0x00004b0c       0x5c contiki-srf06-cc26xx.a(packetqueue.o)
                0x00004b0c                packetqueue_enqueue_packetbuf
 .text.packetqueue_first
                0x00004b68        0x8 contiki-srf06-cc26xx.a(packetqueue.o)
                0x00004b68                packetqueue_first
 .text.packetqueue_dequeue
                0x00004b70       0x38 contiki-srf06-cc26xx.a(packetqueue.o)
                0x00004b70                packetqueue_dequeue
 .text.packetqueue_len
                0x00004ba8        0x8 contiki-srf06-cc26xx.a(packetqueue.o)
                0x00004ba8                packetqueue_len
 .text.packetqueue_queuebuf
                0x00004bb0        0x8 contiki-srf06-cc26xx.a(packetqueue.o)
                0x00004bb0                packetqueue_queuebuf
 .text.packet_sent
                0x00004bb8       0x38 contiki-srf06-cc26xx.a(rime.o)
 .text.input    0x00004bf0       0x38 contiki-srf06-cc26xx.a(rime.o)
 .text.init     0x00004c28       0x28 contiki-srf06-cc26xx.a(rime.o)
 .text.rime_output
                0x00004c50       0x24 contiki-srf06-cc26xx.a(rime.o)
                0x00004c50                rime_output
 .text.sent_by_broadcast
                0x00004c74        0xc contiki-srf06-cc26xx.a(unicast.o)
 .text.recv_from_broadcast
                0x00004c80       0x2c contiki-srf06-cc26xx.a(unicast.o)
 .text.unicast_open
                0x00004cac       0x24 contiki-srf06-cc26xx.a(unicast.o)
                0x00004cac                unicast_open
 .text.unicast_send
                0x00004cd0       0x14 contiki-srf06-cc26xx.a(unicast.o)
                0x00004cd0                unicast_send
 .text.SafeHapiVoid
                0x00004ce4       0x2c contiki-srf06-cc26xx.a(adi.o)
                0x00004ce4                SafeHapiVoid
 .text.NOROM_AONRTCCurrentCompareValueGet
                0x00004d10       0x24 contiki-srf06-cc26xx.a(aon_rtc.o)
                0x00004d10                NOROM_AONRTCCurrentCompareValueGet
 .text.NOROM_ChipInfo_GetSupportedProtocol_BV
                0x00004d34       0x10 contiki-srf06-cc26xx.a(chipinfo.o)
                0x00004d34                NOROM_ChipInfo_GetSupportedProtocol_BV
 .text.NOROM_ChipInfo_GetChipFamily
                0x00004d44       0x50 contiki-srf06-cc26xx.a(chipinfo.o)
                0x00004d44                NOROM_ChipInfo_GetChipFamily
 .text.NOROM_ChipInfo_GetChipType
                0x00004d94       0x30 contiki-srf06-cc26xx.a(chipinfo.o)
                0x00004d94                NOROM_ChipInfo_GetChipType
 .text.NOROM_ChipInfo_GetHwRevision
                0x00004dc4       0x70 contiki-srf06-cc26xx.a(chipinfo.o)
                0x00004dc4                NOROM_ChipInfo_GetHwRevision
 .text.NOROM_ThisCodeIsBuiltForCC13xxHwRev20AndLater_HaltIfViolated
                0x00004e34       0x18 contiki-srf06-cc26xx.a(chipinfo.o)
                0x00004e34                NOROM_ThisCodeIsBuiltForCC13xxHwRev20AndLater_HaltIfViolated
 .text.NOROM_CPUcpsid
                0x00004e4c        0x8 contiki-srf06-cc26xx.a(cpu.o)
                0x00004e4c                NOROM_CPUcpsid
 .text.NOROM_CPUcpsie
                0x00004e54        0x8 contiki-srf06-cc26xx.a(cpu.o)
                0x00004e54                NOROM_CPUcpsie
 .text.NOROM_OSCClockSourceSet
                0x00004e5c       0x60 contiki-srf06-cc26xx.a(osc.o)
                0x00004e5c                NOROM_OSCClockSourceSet
 .text.NOROM_OSCClockSourceGet
                0x00004ebc       0x2c contiki-srf06-cc26xx.a(osc.o)
                0x00004ebc                NOROM_OSCClockSourceGet
 .text.NOROM_PowerCtrlSourceSet
                0x00004ee8       0x30 contiki-srf06-cc26xx.a(pwr_ctrl.o)
                0x00004ee8                NOROM_PowerCtrlSourceSet
 .text.TrimAfterColdResetWakeupFromShutDown
                0x00004f18       0xd8 contiki-srf06-cc26xx.a(setup.o)
 .text.NOROM_SetupTrimDevice
                0x00004ff0       0xa4 contiki-srf06-cc26xx.a(setup.o)
                0x00004ff0                NOROM_SetupTrimDevice
 .text.NOROM_SetupGetTrimForXoscHfCtl.part.3
                0x00005094       0x20 contiki-srf06-cc26xx.a(setup_rom.o)
 .text.NOROM_SetupGetTrimForRadcExtCfg.part.4
                0x000050b4       0x20 contiki-srf06-cc26xx.a(setup_rom.o)
 .text.NOROM_SetupSetVddrLevel
                0x000050d4       0xa4 contiki-srf06-cc26xx.a(setup_rom.o)
                0x000050d4                NOROM_SetupSetVddrLevel
 .text.NOROM_SetupAfterColdResetWakeupFromShutDownCfg1
                0x00005178       0xc0 contiki-srf06-cc26xx.a(setup_rom.o)
                0x00005178                NOROM_SetupAfterColdResetWakeupFromShutDownCfg1
 .text.NOROM_SetupAfterColdResetWakeupFromShutDownCfg3
                0x00005238      0x194 contiki-srf06-cc26xx.a(setup_rom.o)
                0x00005238                NOROM_SetupAfterColdResetWakeupFromShutDownCfg3
 .text.NOROM_SetupGetTrimForAnabypassValue1
                0x000053cc       0x64 contiki-srf06-cc26xx.a(setup_rom.o)
                0x000053cc                NOROM_SetupGetTrimForAnabypassValue1
 .text.NOROM_SetupGetTrimForAmpcompCtrl
                0x00005430       0x74 contiki-srf06-cc26xx.a(setup_rom.o)
                0x00005430                NOROM_SetupGetTrimForAmpcompCtrl
 .text.NOROM_SetupAfterColdResetWakeupFromShutDownCfg2
                0x000054a4      0x19c contiki-srf06-cc26xx.a(setup_rom.o)
                0x000054a4                NOROM_SetupAfterColdResetWakeupFromShutDownCfg2
 .text.NOROM_SetupSetCacheModeAccordingToCcfgSetting
                0x00005640       0x6c contiki-srf06-cc26xx.a(setup_rom.o)
                0x00005640                NOROM_SetupSetCacheModeAccordingToCcfgSetting
 .text.NOROM_SysCtrlSetRechargeBeforePowerDown
                0x000056ac      0x2b0 contiki-srf06-cc26xx.a(sys_ctrl.o)
                0x000056ac                NOROM_SysCtrlSetRechargeBeforePowerDown
 .text.NOROM_SysCtrlAdjustRechargeAfterPowerDown
                0x0000595c       0x64 contiki-srf06-cc26xx.a(sys_ctrl.o)
                0x0000595c                NOROM_SysCtrlAdjustRechargeAfterPowerDown
 .text.NOROM_SysCtrl_DCDC_VoltageConditionalControl
                0x000059c0       0x7c contiki-srf06-cc26xx.a(sys_ctrl.o)
                0x000059c0                NOROM_SysCtrl_DCDC_VoltageConditionalControl
 .text.NOROM_TRNGConfigure
                0x00005a3c       0x38 contiki-srf06-cc26xx.a(trng.o)
                0x00005a3c                NOROM_TRNGConfigure
 .text.linkaddr_copy
                0x00005a74        0x8 contiki-srf06-cc26xx.a(linkaddr.o)
                0x00005a74                linkaddr_copy
 .text.linkaddr_cmp
                0x00005a7c       0x10 contiki-srf06-cc26xx.a(linkaddr.o)
                0x00005a7c                linkaddr_cmp
 .text.netstack_init
                0x00005a8c       0x38 contiki-srf06-cc26xx.a(netstack.o)
                0x00005a8c                netstack_init
 .text.packetbuf_compact
                0x00005ac4       0x4c contiki-srf06-cc26xx.a(packetbuf.o)
                0x00005ac4                packetbuf_compact
 .text.packetbuf_copyto
                0x00005b10       0x50 contiki-srf06-cc26xx.a(packetbuf.o)
                0x00005b10                packetbuf_copyto
 .text.packetbuf_hdralloc
                0x00005b60       0x58 contiki-srf06-cc26xx.a(packetbuf.o)
                0x00005b60                packetbuf_hdralloc
 .text.packetbuf_hdrreduce
                0x00005bb8       0x2c contiki-srf06-cc26xx.a(packetbuf.o)
                0x00005bb8                packetbuf_hdrreduce
 .text.packetbuf_set_datalen
                0x00005be4        0xc contiki-srf06-cc26xx.a(packetbuf.o)
                0x00005be4                packetbuf_set_datalen
 .text.packetbuf_dataptr
                0x00005bf0       0x20 contiki-srf06-cc26xx.a(packetbuf.o)
                0x00005bf0                packetbuf_dataptr
 .text.packetbuf_hdrptr
                0x00005c10        0x8 contiki-srf06-cc26xx.a(packetbuf.o)
                0x00005c10                packetbuf_hdrptr
 .text.packetbuf_datalen
                0x00005c18        0xc contiki-srf06-cc26xx.a(packetbuf.o)
                0x00005c18                packetbuf_datalen
 .text.packetbuf_totlen
                0x00005c24       0x24 contiki-srf06-cc26xx.a(packetbuf.o)
                0x00005c24                packetbuf_totlen
 .text.packetbuf_attr_clear
                0x00005c48       0x30 contiki-srf06-cc26xx.a(packetbuf.o)
                0x00005c48                packetbuf_attr_clear
 .text.packetbuf_clear
                0x00005c78       0x20 contiki-srf06-cc26xx.a(packetbuf.o)
                0x00005c78                packetbuf_clear
 .text.packetbuf_copyfrom
                0x00005c98       0x40 contiki-srf06-cc26xx.a(packetbuf.o)
                0x00005c98                packetbuf_copyfrom
 .text.packetbuf_attr_copyto
                0x00005cd8       0x3c contiki-srf06-cc26xx.a(packetbuf.o)
                0x00005cd8                packetbuf_attr_copyto
 .text.packetbuf_attr_copyfrom
                0x00005d14       0x3c contiki-srf06-cc26xx.a(packetbuf.o)
                0x00005d14                packetbuf_attr_copyfrom
 .text.packetbuf_set_attr
                0x00005d50       0x10 contiki-srf06-cc26xx.a(packetbuf.o)
                0x00005d50                packetbuf_set_attr
 .text.packetbuf_attr
                0x00005d60        0xc contiki-srf06-cc26xx.a(packetbuf.o)
                0x00005d60                packetbuf_attr
 .text.packetbuf_set_addr
                0x00005d6c       0x18 contiki-srf06-cc26xx.a(packetbuf.o)
                0x00005d6c                packetbuf_set_addr
 .text.packetbuf_addr
                0x00005d84       0x10 contiki-srf06-cc26xx.a(packetbuf.o)
                0x00005d84                packetbuf_addr
 .text.packetbuf_holds_broadcast
                0x00005d94       0x10 contiki-srf06-cc26xx.a(packetbuf.o)
                0x00005d94                packetbuf_holds_broadcast
 .text.queuebuf_init
                0x00005da4       0x1c contiki-srf06-cc26xx.a(queuebuf.o)
                0x00005da4                queuebuf_init
 .text.queuebuf_new_from_packetbuf
                0x00005dc0       0x48 contiki-srf06-cc26xx.a(queuebuf.o)
                0x00005dc0                queuebuf_new_from_packetbuf
 .text.queuebuf_update_attr_from_packetbuf
                0x00005e08        0xc contiki-srf06-cc26xx.a(queuebuf.o)
                0x00005e08                queuebuf_update_attr_from_packetbuf
 .text.queuebuf_update_from_packetbuf
                0x00005e14       0x1c contiki-srf06-cc26xx.a(queuebuf.o)
                0x00005e14                queuebuf_update_from_packetbuf
 .text.queuebuf_free
                0x00005e30       0x2c contiki-srf06-cc26xx.a(queuebuf.o)
                0x00005e30                queuebuf_free
 .text.queuebuf_to_packetbuf
                0x00005e5c       0x30 contiki-srf06-cc26xx.a(queuebuf.o)
                0x00005e5c                queuebuf_to_packetbuf
 .text.queuebuf_attr
                0x00005e8c        0xc contiki-srf06-cc26xx.a(queuebuf.o)
                0x00005e8c                queuebuf_attr
 .text.input_packet
                0x00005e98        0xc contiki-srf06-cc26xx.a(csma.o)
 .text.on       0x00005ea4        0xc contiki-srf06-cc26xx.a(csma.o)
 .text.off      0x00005eb0        0xc contiki-srf06-cc26xx.a(csma.o)
 .text.channel_check_interval
                0x00005ebc       0x10 contiki-srf06-cc26xx.a(csma.o)
 .text.transmit_packet_list
                0x00005ecc       0x34 contiki-srf06-cc26xx.a(csma.o)
 .text.schedule_transmission
                0x00005f00       0x58 contiki-srf06-cc26xx.a(csma.o)
 .text.send_packet
                0x00005f58      0x164 contiki-srf06-cc26xx.a(csma.o)
 .text.init     0x000060bc       0x24 contiki-srf06-cc26xx.a(csma.o)
 .text.tx_done  0x000060e0       0x84 contiki-srf06-cc26xx.a(csma.o)
 .text.packet_sent
                0x00006164       0xe8 contiki-srf06-cc26xx.a(csma.o)
 .text.mac_call_sent_callback
                0x0000624c       0x10 contiki-srf06-cc26xx.a(mac.o)
                0x0000624c                mac_call_sent_callback
 .text.duty_cycle
                0x0000625c        0x4 contiki-srf06-cc26xx.a(contikimac.o)
 .text.init     0x00006260       0x40 contiki-srf06-cc26xx.a(contikimac.o)
 .text.on       0x000062a0       0x2c contiki-srf06-cc26xx.a(contikimac.o)
 .text.off      0x000062cc       0x38 contiki-srf06-cc26xx.a(contikimac.o)
 .text.recv_burst_off
                0x00006304       0x14 contiki-srf06-cc26xx.a(contikimac.o)
 .text.input_packet
                0x00006318      0x124 contiki-srf06-cc26xx.a(contikimac.o)
 .text.powercycle_turn_radio_off.part.2
                0x0000643c       0x10 contiki-srf06-cc26xx.a(contikimac.o)
 .text.turn_off
                0x0000644c       0x48 contiki-srf06-cc26xx.a(contikimac.o)
 .text.turn_on  0x00006494       0x40 contiki-srf06-cc26xx.a(contikimac.o)
 .text.schedule_powercycle_fixed.part.5
                0x000064d4       0x2c contiki-srf06-cc26xx.a(contikimac.o)
 .text.send_packet.isra.7
                0x00006500      0x22c contiki-srf06-cc26xx.a(contikimac.o)
 .text.qsend_list
                0x0000672c       0xe0 contiki-srf06-cc26xx.a(contikimac.o)
 .text.qsend_packet
                0x0000680c       0x24 contiki-srf06-cc26xx.a(contikimac.o)
 .text.powercycle_wrapper
                0x00006830      0x238 contiki-srf06-cc26xx.a(contikimac.o)
 .text.init     0x00006a68        0x4 contiki-srf06-cc26xx.a(nullsec.o)
 .text.input    0x00006a6c        0xc contiki-srf06-cc26xx.a(nullsec.o)
 .text.send     0x00006a78       0x20 contiki-srf06-cc26xx.a(nullsec.o)
 .text.aux_ctrl_power_up
                0x00006a98       0x28 contiki-srf06-cc26xx.a(aux-ctrl.o)
                0x00006a98                aux_ctrl_power_up
 .text.aux_ctrl_register_consumer
                0x00006ac0       0x40 contiki-srf06-cc26xx.a(aux-ctrl.o)
                0x00006ac0                aux_ctrl_register_consumer
 .text.aux_ctrl_power_down
                0x00006b00       0x6c contiki-srf06-cc26xx.a(aux-ctrl.o)
                0x00006b00                aux_ctrl_power_down
 .text.aux_ctrl_unregister_consumer
                0x00006b6c       0x28 contiki-srf06-cc26xx.a(aux-ctrl.o)
                0x00006b6c                aux_ctrl_unregister_consumer
 .text.memb_init
                0x00006b94       0x24 contiki-srf06-cc26xx.a(memb.o)
                0x00006b94                memb_init
 .text.memb_alloc
                0x00006bb8       0x3c contiki-srf06-cc26xx.a(memb.o)
                0x00006bb8                memb_alloc
 .text.memb_free
                0x00006bf4       0x44 contiki-srf06-cc26xx.a(memb.o)
                0x00006bf4                memb_free
 .text.memb_inmemb
                0x00006c38       0x1c contiki-srf06-cc26xx.a(memb.o)
                0x00006c38                memb_inmemb
 .text.abc_open
                0x00006c54       0x20 contiki-srf06-cc26xx.a(abc.o)
                0x00006c54                abc_open
 .text.abc_send
                0x00006c74        0x4 contiki-srf06-cc26xx.a(abc.o)
                0x00006c74                abc_send
 .text.abc_input
                0x00006c78        0xc contiki-srf06-cc26xx.a(abc.o)
                0x00006c78                abc_input
 .text.abc_sent
                0x00006c84        0xc contiki-srf06-cc26xx.a(abc.o)
                0x00006c84                abc_sent
 .text.announcement_init
                0x00006c90        0xc contiki-srf06-cc26xx.a(announcement.o)
                0x00006c90                announcement_init
 .text.announcement_register
                0x00006c9c       0x38 contiki-srf06-cc26xx.a(announcement.o)
                0x00006c9c                announcement_register
 .text.announcement_set_value
                0x00006cd4       0x24 contiki-srf06-cc26xx.a(announcement.o)
                0x00006cd4                announcement_set_value
 .text.announcement_bump
                0x00006cf8       0x24 contiki-srf06-cc26xx.a(announcement.o)
                0x00006cf8                announcement_bump
 .text.announcement_register_observer_callback
                0x00006d1c        0xc contiki-srf06-cc26xx.a(announcement.o)
                0x00006d1c                announcement_register_observer_callback
 .text.announcement_list
                0x00006d28        0xc contiki-srf06-cc26xx.a(announcement.o)
                0x00006d28                announcement_list
 .text.announcement_heard
                0x00006d34       0x3c contiki-srf06-cc26xx.a(announcement.o)
                0x00006d34                announcement_heard
 .text.adv_packet_sent
                0x00006d70        0x4 contiki-srf06-cc26xx.a(broadcast-annou)
 .text.set_timers
                0x00006d74       0x3c contiki-srf06-cc26xx.a(broadcast-annou)
 .text.send_timer
                0x00006db0       0x18 contiki-srf06-cc26xx.a(broadcast-annou)
 .text.send_adv
                0x00006dc8       0x58 contiki-srf06-cc26xx.a(broadcast-annou)
 .text.adv_packet_received
                0x00006e20       0x48 contiki-srf06-cc26xx.a(broadcast-annou)
 .text.new_announcement
                0x00006e68       0x18 contiki-srf06-cc26xx.a(broadcast-annou)
 .text.broadcast_announcement_init
                0x00006e80       0x30 contiki-srf06-cc26xx.a(broadcast-annou)
                0x00006e80                broadcast_announcement_init
 .text.sent_by_abc
                0x00006eb0        0xc contiki-srf06-cc26xx.a(broadcast.o)
 .text.recv_from_abc
                0x00006ebc       0x24 contiki-srf06-cc26xx.a(broadcast.o)
 .text.broadcast_open
                0x00006ee0       0x24 contiki-srf06-cc26xx.a(broadcast.o)
                0x00006ee0                broadcast_open
 .text.broadcast_send
                0x00006f04       0x1c contiki-srf06-cc26xx.a(broadcast.o)
                0x00006f04                broadcast_send
 .text.chameleon_init
                0x00006f20        0x4 contiki-srf06-cc26xx.a(chameleon.o)
                0x00006f20                chameleon_init
 .text.chameleon_parse
                0x00006f24       0x1c contiki-srf06-cc26xx.a(chameleon.o)
                0x00006f24                chameleon_parse
 .text.chameleon_create
                0x00006f40       0x20 contiki-srf06-cc26xx.a(chameleon.o)
                0x00006f40                chameleon_create
 .text.chameleon_hdrsize
                0x00006f60        0xc contiki-srf06-cc26xx.a(chameleon.o)
                0x00006f60                chameleon_hdrsize
 .text.channel_init
                0x00006f6c        0xc contiki-srf06-cc26xx.a(channel.o)
                0x00006f6c                channel_init
 .text.channel_open
                0x00006f78       0x10 contiki-srf06-cc26xx.a(channel.o)
                0x00006f78                channel_open
 .text.channel_lookup
                0x00006f88       0x30 contiki-srf06-cc26xx.a(channel.o)
                0x00006f88                channel_lookup
 .text.channel_set_attributes
                0x00006fb8       0x18 contiki-srf06-cc26xx.a(channel.o)
                0x00006fb8                channel_set_attributes
 .text.NOROM_AONBatMonTemperatureGetDegC
                0x00006fd0       0x30 contiki-srf06-cc26xx.a(aon_batmon.o)
                0x00006fd0                NOROM_AONBatMonTemperatureGetDegC
 .text.NOROM_DDI32RegWrite
                0x00007000       0x34 contiki-srf06-cc26xx.a(ddi.o)
                0x00007000                NOROM_DDI32RegWrite
 .text.frame802154_get_pan_id
                0x00007034        0xc contiki-srf06-cc26xx.a(frame802154.o)
                0x00007034                frame802154_get_pan_id
 .text.frame802154_has_panid
                0x00007040       0xb8 contiki-srf06-cc26xx.a(frame802154.o)
                0x00007040                frame802154_has_panid
 .text.field_len
                0x000070f8       0x9c contiki-srf06-cc26xx.a(frame802154.o)
 .text.frame802154_is_broadcast_addr
                0x00007194       0x20 contiki-srf06-cc26xx.a(frame802154.o)
                0x00007194                frame802154_is_broadcast_addr
 .text.frame802154_hdrlen
                0x000071b4       0x34 contiki-srf06-cc26xx.a(frame802154.o)
                0x000071b4                frame802154_hdrlen
 .text.frame802154_create
                0x000071e8      0x10c contiki-srf06-cc26xx.a(frame802154.o)
                0x000071e8                frame802154_create
 .text.frame802154_parse
                0x000072f4      0x17c contiki-srf06-cc26xx.a(frame802154.o)
                0x000072f4                frame802154_parse
 .text.parse    0x00007470       0xa4 contiki-srf06-cc26xx.a(framer-802154.o)
 .text.create_frame.isra.0
                0x00007514      0x140 contiki-srf06-cc26xx.a(framer-802154.o)
 .text.create   0x00007654        0x8 contiki-srf06-cc26xx.a(framer-802154.o)
 .text.hdr_length
                0x0000765c        0x8 contiki-srf06-cc26xx.a(framer-802154.o)
 .text.mac_sequence_is_duplicate
                0x00007664       0x50 contiki-srf06-cc26xx.a(mac-sequence.o)
                0x00007664                mac_sequence_is_duplicate
 .text.mac_sequence_register_seqno
                0x000076b4       0x6c contiki-srf06-cc26xx.a(mac-sequence.o)
                0x000076b4                mac_sequence_register_seqno
 .text.header_size
                0x00007720       0x1c contiki-srf06-cc26xx.a(chameleon-bitop)
 .text.get_bits
                0x0000773c       0xa8 contiki-srf06-cc26xx.a(chameleon-bitop)
                0x0000773c                get_bits
 .text.unpack_header
                0x000077e4       0xb8 contiki-srf06-cc26xx.a(chameleon-bitop)
 .text.set_bits
                0x0000789c       0xcc contiki-srf06-cc26xx.a(chameleon-bitop)
                0x0000789c                set_bits
 .text.pack_header
                0x00007968       0xa8 contiki-srf06-cc26xx.a(chameleon-bitop)
 .text          0x00007a10       0x30 /usr/bin/../lib/gcc/arm-none-eabi/4.9.3/armv7-m/libgcc.a(_aeabi_uldivmod.o)
                0x00007a10                __aeabi_uldivmod
 .text          0x00007a40       0x60 /usr/bin/../lib/gcc/arm-none-eabi/4.9.3/armv7-m/libgcc.a(bpabi.o)
                0x00007a40                __gnu_ldivmod_helper
                0x00007a70                __gnu_uldivmod_helper
 .text          0x00007aa0        0x4 /usr/bin/../lib/gcc/arm-none-eabi/4.9.3/armv7-m/libgcc.a(_dvmd_tls.o)
                0x00007aa0                __aeabi_ldiv0
                0x00007aa0                __aeabi_idiv0
 .text          0x00007aa4      0x2ac /usr/bin/../lib/gcc/arm-none-eabi/4.9.3/armv7-m/libgcc.a(_divdi3.o)
                0x00007aa4                __divdi3
 .text          0x00007d50      0x270 /usr/bin/../lib/gcc/arm-none-eabi/4.9.3/armv7-m/libgcc.a(_udivdi3.o)
                0x00007d50                __udivdi3
 .text.memcmp   0x00007fc0       0x64 /usr/bin/../lib/gcc/arm-none-eabi/4.9.3/../../../../arm-none-eabi/lib/armv7-m/libc.a(lib_a-memcmp.o)
                0x00007fc0                memcmp
 .text          0x00008024       0xec /usr/bin/../lib/gcc/arm-none-eabi/4.9.3/../../../../arm-none-eabi/lib/armv7-m/libc.a(lib_a-memcpy.o)
                0x00008024                memcpy
 .text.memset   0x00008110       0x9c /usr/bin/../lib/gcc/arm-none-eabi/4.9.3/../../../../arm-none-eabi/lib/armv7-m/libc.a(lib_a-memset.o)
                0x00008110                memset
 .text.strlen   0x000081ac       0x5c /usr/bin/../lib/gcc/arm-none-eabi/4.9.3/../../../../arm-none-eabi/lib/armv7-m/libc.a(lib_a-strlen.o)
                0x000081ac                strlen
 *(SORT(.rodata*))
 .rodata.callbacks
                0x00008208        0x4 example-collect.co
 .rodata.autostart_processes
                0x0000820c        0x8 example-collect.co
                0x0000820c                autostart_processes
 .rodata.str1.4
                0x00008214       0x89 example-collect.co
 *fill*         0x0000829d        0x3 00000000
 .rodata.str1.4
                0x000082a0       0xee contiki-srf06-cc26xx.a(contiki-main.o)
 *fill*         0x0000838e        0x2 00000000
 .rodata.str1.4
                0x00008390        0x8 contiki-srf06-cc26xx.a(sensors.o)
 .rodata        0x00008398       0x40 contiki-srf06-cc26xx.a(board.o)
 .rodata.str1.4
                0x000083d8        0x7 contiki-srf06-cc26xx.a(button-sensor.o)
 *fill*         0x000083df        0x1 00000000
 .rodata.button_left_sensor
                0x000083e0       0x10 contiki-srf06-cc26xx.a(button-sensor.o)
                0x000083e0                button_left_sensor
 .rodata.button_right_sensor
                0x000083f0       0x10 contiki-srf06-cc26xx.a(button-sensor.o)
                0x000083f0                button_right_sensor
 .rodata        0x00008400        0x4 contiki-srf06-cc26xx.a(ext-flash.o)
 .rodata.output_power
                0x00008404       0x80 contiki-srf06-cc26xx.a(prop-mode.o)
 .rodata.mode_prop
                0x00008484        0x8 contiki-srf06-cc26xx.a(prop-mode.o)
 .rodata.prop_mode_driver
                0x0000848c       0x38 contiki-srf06-cc26xx.a(prop-mode.o)
                0x0000848c                prop_mode_driver
 .rodata.patchImageGenfsk
                0x000084c4      0x28c contiki-srf06-cc26xx.a(prop-mode.o)
 .rodata.str1.4
                0x00008750       0x46 contiki-srf06-cc26xx.a(rf-core.o)
 *fill*         0x00008796        0x2 00000000
 .rodata.str1.4
                0x00008798       0x1b contiki-srf06-cc26xx.a(soc-trng.o)
 *fill*         0x000087b3        0x1 00000000
 .rodata.str1.4
                0x000087b4       0x46 contiki-srf06-cc26xx.a(strformat.o)
 *fill*         0x000087fa        0x2 00000000
 .rodata.buffer.4019
                0x000087fc       0x10 contiki-srf06-cc26xx.a(strformat.o)
 .rodata.buffer.4028
                0x0000880c       0x10 contiki-srf06-cc26xx.a(strformat.o)
 .rodata.str1.4
                0x0000881c        0xf contiki-srf06-cc26xx.a(ctimer.o)
 *fill*         0x0000882b        0x1 00000000
 .rodata.str1.4
                0x0000882c        0xc contiki-srf06-cc26xx.a(etimer.o)
 .rodata.str1.4
                0x00008838        0xe contiki-srf06-cc26xx.a(serial-line.o)
 *fill*         0x00008846        0x2 00000000
 .rodata.attributes
                0x00008848       0x14 contiki-srf06-cc26xx.a(collect.o)
 .rodata.unicast_callbacks
                0x0000885c        0x8 contiki-srf06-cc26xx.a(collect.o)
 .rodata.str1.4
                0x00008864        0x5 contiki-srf06-cc26xx.a(rime.o)
 *fill*         0x00008869        0x3 00000000
 .rodata.rime_driver
                0x0000886c        0xc contiki-srf06-cc26xx.a(rime.o)
                0x0000886c                rime_driver
 .rodata.uc     0x00008878        0x8 contiki-srf06-cc26xx.a(unicast.o)
 .rodata.attributes
                0x00008880        0x6 contiki-srf06-cc26xx.a(unicast.o)
 *fill*         0x00008886        0x2 00000000
 .rodata.linkaddr_null
                0x00008888        0x2 contiki-srf06-cc26xx.a(linkaddr.o)
                0x00008888                linkaddr_null
 *fill*         0x0000888a        0x2 00000000
 .rodata.str1.4
                0x0000888c        0x5 contiki-srf06-cc26xx.a(csma.o)
 *fill*         0x00008891        0x3 00000000
 .rodata.csma_driver
                0x00008894       0x1c contiki-srf06-cc26xx.a(csma.o)
                0x00008894                csma_driver
 .rodata.str1.4
                0x000088b0        0xb contiki-srf06-cc26xx.a(contikimac.o)
 *fill*         0x000088bb        0x1 00000000
 .rodata.contikimac_driver
                0x000088bc       0x20 contiki-srf06-cc26xx.a(contikimac.o)
                0x000088bc                contikimac_driver
 .rodata.str1.4
                0x000088dc        0x8 contiki-srf06-cc26xx.a(nullsec.o)
 .rodata.nullsec_driver
                0x000088e4       0x10 contiki-srf06-cc26xx.a(nullsec.o)
                0x000088e4                nullsec_driver
 .rodata.attributes
                0x000088f4        0x2 contiki-srf06-cc26xx.a(abc.o)
 *fill*         0x000088f6        0x2 00000000
 .rodata.broadcast_callbacks
                0x000088f8        0x8 contiki-srf06-cc26xx.a(broadcast-annou)
 .rodata.attributes
                0x00008900        0x4 contiki-srf06-cc26xx.a(broadcast.o)
 .rodata.broadcast
                0x00008904        0x8 contiki-srf06-cc26xx.a(broadcast.o)
 .rodata.framer_802154
                0x0000890c        0xc contiki-srf06-cc26xx.a(framer-802154.o)
                0x0000890c                framer_802154
 .rodata.chameleon_bitopt
                0x00008918        0xc contiki-srf06-cc26xx.a(chameleon-bitop)
                0x00008918                chameleon_bitopt
 .rodata.bitmask
                0x00008924        0x9 contiki-srf06-cc26xx.a(chameleon-bitop)
                0x0000892d                _etext = .

.glue_7         0x00008930        0x0
 .glue_7        0x00000000        0x0 linker stubs

.glue_7t        0x00008930        0x0
 .glue_7t       0x00000000        0x0 linker stubs

.vfp11_veneer   0x00008930        0x0
 .vfp11_veneer  0x00000000        0x0 linker stubs

.v4_bx          0x00008930        0x0
 .v4_bx         0x00000000        0x0 linker stubs

.iplt           0x00008930        0x0
 .iplt          0x00000000        0x0 obj_srf06-cc26xx/startup_gcc.o

.data           0x20000000      0x214 load address 0x0000892d
                0x20000000                _data = .
 *(SORT(vtable))
 *(SORT(.data*))
 .data.example_collect_process
                0x20000000       0x10 example-collect.co
                0x20000000                example_collect_process
 .data.sensors_process
                0x20000010       0x10 contiki-srf06-cc26xx.a(sensors.o)
                0x20000010                sensors_process
 .data.launchpad_module
                0x20000020       0x14 contiki-srf06-cc26xx.a(board.o)
 .data.sensors  0x20000034        0xc contiki-srf06-cc26xx.a(launchpad-senso)
                0x20000034                sensors
 .data.prop_lpm_module
                0x20000040       0x14 contiki-srf06-cc26xx.a(prop-mode.o)
 .data.tx_power_current
                0x20000054        0x4 contiki-srf06-cc26xx.a(prop-mode.o)
                0x20000054                tx_power_current
 .data.uart_module
                0x20000058       0x14 contiki-srf06-cc26xx.a(cc26xx-uart.o)
 .data.rf_core_process
                0x2000006c       0x10 contiki-srf06-cc26xx.a(rf-core.o)
                0x2000006c                rf_core_process
 .data.rng_module
                0x2000007c       0x14 contiki-srf06-cc26xx.a(soc-trng.o)
 .data.soc_trng_process
                0x20000090       0x10 contiki-srf06-cc26xx.a(soc-trng.o)
                0x20000090                soc_trng_process
 .data.ctxt     0x200000a0        0x8 contiki-srf06-cc26xx.a(dbg-printf.o)
 .data.ctimer_process
                0x200000a8       0x10 contiki-srf06-cc26xx.a(ctimer.o)
                0x200000a8                ctimer_process
 .data.etimer_process
                0x200000b8       0x10 contiki-srf06-cc26xx.a(etimer.o)
                0x200000b8                etimer_process
 .data.serial_line_process
                0x200000c8       0x10 contiki-srf06-cc26xx.a(serial-line.o)
                0x200000c8                serial_line_process
 .data.send_queue_memb
                0x200000d8        0xc contiki-srf06-cc26xx.a(collect.o)
 .data.collect_neighbors_mem
                0x200000e4        0xc contiki-srf06-cc26xx.a(collect-neighbo)
 .data.bufmem   0x200000f0        0xc contiki-srf06-cc26xx.a(queuebuf.o)
 .data.buframmem
                0x200000fc        0xc contiki-srf06-cc26xx.a(queuebuf.o)
 .data.metadata_memb
                0x20000108        0xc contiki-srf06-cc26xx.a(csma.o)
 .data.packet_memb
                0x20000114        0xc contiki-srf06-cc26xx.a(csma.o)
 .data.neighbor_memb
                0x20000120        0xc contiki-srf06-cc26xx.a(csma.o)
 .data.smartrf_settings_cmd_prop_rx_adv
                0x2000012c       0x30 contiki-srf06-cc26xx.a(smartrf-setting)
                0x2000012c                smartrf_settings_cmd_prop_rx_adv
 .data.smartrf_settings_cmd_fs
                0x2000015c       0x18 contiki-srf06-cc26xx.a(smartrf-setting)
                0x2000015c                smartrf_settings_cmd_fs
 .data.smartrf_settings_cmd_prop_radio_div_setup
                0x20000174       0x28 contiki-srf06-cc26xx.a(smartrf-setting)
                0x20000174                smartrf_settings_cmd_prop_radio_div_setup
 .data.smartrf_settings_cmd_prop_tx_adv
                0x2000019c       0x20 contiki-srf06-cc26xx.a(smartrf-setting)
                0x2000019c                smartrf_settings_cmd_prop_tx_adv
 .data.overrides
                0x200001bc       0x54 contiki-srf06-cc26xx.a(smartrf-setting)
                0x200001bc                overrides
 .data.mac_pan_id
                0x20000210        0x2 contiki-srf06-cc26xx.a(frame802154.o)
 .data.rssi_threshold
                0x20000212        0x1 contiki-srf06-cc26xx.a(prop-mode.o)
 .data.rng_ready_event
                0x20000213        0x1 contiki-srf06-cc26xx.a(soc-trng.o)
                0x20000214                _edata = .

.igot.plt       0x20000214        0x0 load address 0x00008b41
 .igot.plt      0x00000000        0x0 obj_srf06-cc26xx/startup_gcc.o

.ARM.exidx      0x00008b44        0x8
 *(SORT(.ARM.exidx*))
 .ARM.exidx     0x00008b44        0x8 /usr/bin/../lib/gcc/arm-none-eabi/4.9.3/armv7-m/libgcc.a(_divdi3.o)
 .ARM.exidx     0x00008b4c        0x0 /usr/bin/../lib/gcc/arm-none-eabi/4.9.3/armv7-m/libgcc.a(_udivdi3.o)
                                  0x8 (size before relaxing)

.bss            0x20000218     0x1322
                0x20000218                _bss = .
 *(SORT(.bss*))
 .bss.count     0x20000218        0x8 contiki-srf06-cc26xx.a(clock.o)
 .bss.rands_cache
                0x20000220       0x20 contiki-srf06-cc26xx.a(soc-trng.o)
 .bss.oldparent.6970
                0x20000240        0x2 example-collect.co
 *fill*         0x20000242        0x2 
 .bss.et.6965   0x20000244       0x10 example-collect.co
 .bss.periodic.6964
                0x20000254       0x10 example-collect.co
 .bss.tc        0x20000264       0xfc example-collect.co
 .bss.events.4848
                0x20000360        0x4 contiki-srf06-cc26xx.a(sensors.o)
 .bss.i.4847    0x20000364        0x4 contiki-srf06-cc26xx.a(sensors.o)
 .bss.inited    0x20000368        0x4 contiki-srf06-cc26xx.a(leds-arch.o)
 .bss.left_timer
                0x2000036c       0x10 contiki-srf06-cc26xx.a(button-sensor.o)
 .bss.rx_stats  0x2000037c        0xc contiki-srf06-cc26xx.a(prop-mode.o)
 .bss.rx_data_queue
                0x20000388        0x8 contiki-srf06-cc26xx.a(prop-mode.o)
 .bss.rx_read_entry
                0x20000390        0x4 contiki-srf06-cc26xx.a(prop-mode.o)
 .bss.tx_buf    0x20000394       0xb6 contiki-srf06-cc26xx.a(prop-mode.o)
 *fill*         0x2000044a        0x2 
 .bss.rx_buf_0  0x2000044c       0x8c contiki-srf06-cc26xx.a(prop-mode.o)
 .bss.rx_buf_1  0x200004d8       0x8c contiki-srf06-cc26xx.a(prop-mode.o)
 .bss.last_isr_time
                0x20000564        0x4 contiki-srf06-cc26xx.a(soc-rtc.o)
 .bss.input_handler
                0x20000568        0x4 contiki-srf06-cc26xx.a(cc26xx-uart.o)
 .bss.modules_list_list
                0x2000056c        0x4 contiki-srf06-cc26xx.a(lpm.o)
 .bss.handlers  0x20000570       0x80 contiki-srf06-cc26xx.a(gpio-interrupt.)
 .bss.last_radio_op
                0x200005f0        0x4 contiki-srf06-cc26xx.a(rf-core.o)
 .bss.primary_mode
                0x200005f4        0x4 contiki-srf06-cc26xx.a(rf-core.o)
 .bss.rat_offset
                0x200005f8        0x4 contiki-srf06-cc26xx.a(rf-core.o)
                0x200005f8                rat_offset
 .bss.notify_cb
                0x200005fc        0x4 contiki-srf06-cc26xx.a(soc-trng.o)
 .bss.rands_mask
                0x20000600        0x4 contiki-srf06-cc26xx.a(soc-trng.o)
 .bss.ctimer_list_list
                0x20000604        0x4 contiki-srf06-cc26xx.a(ctimer.o)
 .bss.timerlist
                0x20000608        0x4 contiki-srf06-cc26xx.a(etimer.o)
 .bss.next_expiration
                0x2000060c        0x4 contiki-srf06-cc26xx.a(etimer.o)
 .bss.process_current
                0x20000610        0x4 contiki-srf06-cc26xx.a(process.o)
                0x20000610                process_current
 .bss.process_list
                0x20000614        0x4 contiki-srf06-cc26xx.a(process.o)
                0x20000614                process_list
 .bss.events    0x20000618      0x180 contiki-srf06-cc26xx.a(process.o)
 .bss.next_rtimer
                0x20000798        0x4 contiki-srf06-cc26xx.a(rtimer.o)
 .bss.rxbuf_data
                0x2000079c       0x80 contiki-srf06-cc26xx.a(serial-line.o)
 .bss.rxbuf     0x2000081c        0x8 contiki-srf06-cc26xx.a(serial-line.o)
 .bss.buf.4831  0x20000824       0x80 contiki-srf06-cc26xx.a(serial-line.o)
 .bss.ptr.4832  0x200008a4        0x4 contiki-srf06-cc26xx.a(serial-line.o)
 .bss.send_queue_memb_memb_count
                0x200008a8        0x6 contiki-srf06-cc26xx.a(collect.o)
 *fill*         0x200008ae        0x2 
 .bss.send_queue_memb_memb_mem
                0x200008b0      0x120 contiki-srf06-cc26xx.a(collect.o)
 .bss.recent_packets
                0x200009d0       0x80 contiki-srf06-cc26xx.a(collect.o)
 .bss.collect_neighbors_mem_memb_count
                0x20000a50        0x8 contiki-srf06-cc26xx.a(collect-neighbo)
 .bss.collect_neighbors_mem_memb_mem
                0x20000a58       0xe0 contiki-srf06-cc26xx.a(collect-neighbo)
 .bss.sniffers_list
                0x20000b38        0x4 contiki-srf06-cc26xx.a(rime.o)
 .bss.powerQualGlobals
                0x20000b3c        0x8 contiki-srf06-cc26xx.a(sys_ctrl.o)
 .bss.packetbuf_aligned
                0x20000b44       0x80 contiki-srf06-cc26xx.a(packetbuf.o)
 .bss.buframmem_memb_count
                0x20000bc4        0x8 contiki-srf06-cc26xx.a(queuebuf.o)
 .bss.bufmem_memb_mem
                0x20000bcc       0x20 contiki-srf06-cc26xx.a(queuebuf.o)
 .bss.buframmem_memb_mem
                0x20000bec      0x5f0 contiki-srf06-cc26xx.a(queuebuf.o)
 .bss.bufmem_memb_count
                0x200011dc        0x8 contiki-srf06-cc26xx.a(queuebuf.o)
 .bss.metadata_memb_memb_count
                0x200011e4        0x8 contiki-srf06-cc26xx.a(csma.o)
 .bss.packet_memb_memb_count
                0x200011ec        0x8 contiki-srf06-cc26xx.a(csma.o)
 .bss.metadata_memb_memb_mem
                0x200011f4       0x60 contiki-srf06-cc26xx.a(csma.o)
 .bss.neighbor_list_list
                0x20001254        0x4 contiki-srf06-cc26xx.a(csma.o)
 .bss.packet_memb_memb_mem
                0x20001258       0x60 contiki-srf06-cc26xx.a(csma.o)
 .bss.neighbor_memb_memb_count
                0x200012b8        0x2 contiki-srf06-cc26xx.a(csma.o)
 *fill*         0x200012ba        0x2 
 .bss.neighbor_memb_memb_mem
                0x200012bc       0x68 contiki-srf06-cc26xx.a(csma.o)
 .bss.cycle_start
                0x20001324        0x4 contiki-srf06-cc26xx.a(contikimac.o)
 .bss.we_are_receiving_burst
                0x20001328        0x4 contiki-srf06-cc26xx.a(contikimac.o)
 .bss.rt        0x2000132c        0xc contiki-srf06-cc26xx.a(contikimac.o)
 .bss.ct.7086   0x20001338       0x20 contiki-srf06-cc26xx.a(contikimac.o)
 .bss.pt        0x20001358        0x2 contiki-srf06-cc26xx.a(contikimac.o)
 *fill*         0x2000135a        0x2 
 .bss.start.7011
                0x2000135c        0x4 contiki-srf06-cc26xx.a(contikimac.o)
 .bss.consumers_list_list
                0x20001360        0x4 contiki-srf06-cc26xx.a(aux-ctrl.o)
 .bss.announcements_list
                0x20001364        0x4 contiki-srf06-cc26xx.a(announcement.o)
 .bss.observer_callback
                0x20001368        0x4 contiki-srf06-cc26xx.a(announcement.o)
 .bss.c         0x2000136c       0x6c contiki-srf06-cc26xx.a(broadcast-annou)
 .bss.channel_list_list
                0x200013d8        0x4 contiki-srf06-cc26xx.a(channel.o)
 .bss.received_seqnos
                0x200013dc       0xc0 contiki-srf06-cc26xx.a(mac-sequence.o)
 .bss.node_id   0x2000149c        0x2 contiki-srf06-cc26xx.a(contiki-main.o)
                0x2000149c                node_id
 .bss.buflen    0x2000149e        0x2 contiki-srf06-cc26xx.a(packetbuf.o)
 .bss.bufptr    0x200014a0        0x2 contiki-srf06-cc26xx.a(packetbuf.o)
 .bss.seqno.6285
                0x200014a2        0x2 contiki-srf06-cc26xx.a(csma.o)
 .bss.num_sensors
                0x200014a4        0x1 contiki-srf06-cc26xx.a(sensors.o)
 .bss.leds      0x200014a5        0x1 contiki-srf06-cc26xx.a(leds.o)
 .bss.c         0x200014a6        0x1 contiki-srf06-cc26xx.a(leds-arch.o)
 .bss.rat_offset_known
                0x200014a7        0x1 contiki-srf06-cc26xx.a(rf-core.o)
 .bss.ble_mode_on
                0x200014a8        0x1 contiki-srf06-cc26xx.a(rf-ble.o)
 .bss.initialized
                0x200014a9        0x1 contiki-srf06-cc26xx.a(ctimer.o)
 .bss.fevent    0x200014aa        0x1 contiki-srf06-cc26xx.a(process.o)
 .bss.nevents   0x200014ab        0x1 contiki-srf06-cc26xx.a(process.o)
 .bss.poll_requested
                0x200014ac        0x1 contiki-srf06-cc26xx.a(process.o)
 .bss.lastevent
                0x200014ad        0x1 contiki-srf06-cc26xx.a(process.o)
 .bss.recent_packet_ptr
                0x200014ae        0x1 contiki-srf06-cc26xx.a(collect.o)
 .bss.initialized.6421
                0x200014af        0x1 contiki-srf06-cc26xx.a(collect-neighbo)
 .bss.hdrlen    0x200014b0        0x1 contiki-srf06-cc26xx.a(packetbuf.o)
 .bss.initialized.6284
                0x200014b1        0x1 contiki-srf06-cc26xx.a(csma.o)
 .bss.packet_seen.7005
                0x200014b2        0x1 contiki-srf06-cc26xx.a(contikimac.o)
 .bss.radio_is_on
                0x200014b3        0x1 contiki-srf06-cc26xx.a(contikimac.o)
 .bss.we_are_sending
                0x200014b4        0x1 contiki-srf06-cc26xx.a(contikimac.o)
 .bss.contikimac_keep_radio_on
                0x200014b5        0x1 contiki-srf06-cc26xx.a(contikimac.o)
 .bss.silence_periods.7012
                0x200014b6        0x1 contiki-srf06-cc26xx.a(contikimac.o)
 .bss.count.7006
                0x200014b7        0x1 contiki-srf06-cc26xx.a(contikimac.o)
 .bss.periods.7013
                0x200014b8        0x1 contiki-srf06-cc26xx.a(contikimac.o)
 .bss.contikimac_is_on
                0x200014b9        0x1 contiki-srf06-cc26xx.a(contikimac.o)
 .bss.mac_dsn   0x200014ba        0x1 contiki-srf06-cc26xx.a(framer-802154.o)
 .bss.initialized
                0x200014bb        0x1 contiki-srf06-cc26xx.a(framer-802154.o)
 *(SORT(COMMON))
 COMMON         0x200014bc        0x3 contiki-srf06-cc26xx.a(launchpad-senso)
                0x200014bc                sensors_flags
 *fill*         0x200014bf        0x1 
 COMMON         0x200014c0       0x38 contiki-srf06-cc26xx.a(collect.o)
                0x200014c0                stats
 COMMON         0x200014f8        0x2 contiki-srf06-cc26xx.a(linkaddr.o)
                0x200014f8                linkaddr_node_addr
 *fill*         0x200014fa        0x2 
 COMMON         0x200014fc       0x3c contiki-srf06-cc26xx.a(packetbuf.o)
                0x200014fc                packetbuf_addrs
                0x20001504                packetbuf_attrs
 COMMON         0x20001538        0x1 contiki-srf06-cc26xx.a(sensors.o)
                0x20001538                sensors_event
 COMMON         0x20001539        0x1 contiki-srf06-cc26xx.a(serial-line.o)
                0x20001539                serial_line_event_message
                0x2000153a                _ebss = .

.ccfg           0x0001ffa8       0x58
 *(SORT(.ccfg))
 .ccfg          0x0001ffa8       0x58 obj_srf06-cc26xx/ccfg.o
                0x0001ffa8                __ccfg

.rel.dyn        0x00020000        0x0
 .rel.iplt      0x00000000        0x0 obj_srf06-cc26xx/startup_gcc.o

._user_heap_stack
                0x2000153a      0x102
                0x2000153c                . = ALIGN (0x4)
 *fill*         0x2000153a        0x2 
                0x2000153c                . = (. + _Min_Heap_Size)
                0x2000163c                . = (. + _Min_Stack_Size)
 *fill*         0x2000153c      0x100 
                0x2000163c                . = ALIGN (0x4)

.gpram
OUTPUT(example-collect.elf elf32-littlearm)

.comment        0x00000000       0x70
 .comment       0x00000000       0x70 obj_srf06-cc26xx/fault-handlers.o
                                 0x71 (size before relaxing)
 .comment       0x00000000       0x71 obj_srf06-cc26xx/ccfg.o
 .comment       0x00000000       0x71 obj_srf06-cc26xx/startup_gcc.o
 .comment       0x00000000       0x71 example-collect.co
 .comment       0x00000000       0x71 contiki-srf06-cc26xx.a(contiki-main.o)
 .comment       0x00000000       0x71 contiki-srf06-cc26xx.a(sensors.o)
 .comment       0x00000000       0x71 contiki-srf06-cc26xx.a(leds.o)
 .comment       0x00000000       0x71 contiki-srf06-cc26xx.a(board.o)
 .comment       0x00000000       0x71 contiki-srf06-cc26xx.a(launchpad-senso)
 .comment       0x00000000       0x71 contiki-srf06-cc26xx.a(leds-arch.o)
 .comment       0x00000000       0x71 contiki-srf06-cc26xx.a(button-sensor.o)
 .comment       0x00000000       0x71 contiki-srf06-cc26xx.a(ext-flash.o)
 .comment       0x00000000       0x71 contiki-srf06-cc26xx.a(board-spi.o)
 .comment       0x00000000       0x71 contiki-srf06-cc26xx.a(prop-mode.o)
 .comment       0x00000000       0x71 contiki-srf06-cc26xx.a(clock.o)
 .comment       0x00000000       0x71 contiki-srf06-cc26xx.a(rtimer-arch.o)
 .comment       0x00000000       0x71 contiki-srf06-cc26xx.a(soc-rtc.o)
 .comment       0x00000000       0x71 contiki-srf06-cc26xx.a(contiki-watchdo)
 .comment       0x00000000       0x71 contiki-srf06-cc26xx.a(putchar.o)
 .comment       0x00000000       0x71 contiki-srf06-cc26xx.a(ieee-addr.o)
 .comment       0x00000000       0x71 contiki-srf06-cc26xx.a(cc26xx-uart.o)
 .comment       0x00000000       0x71 contiki-srf06-cc26xx.a(lpm.o)
 .comment       0x00000000       0x71 contiki-srf06-cc26xx.a(gpio-interrupt.)
 .comment       0x00000000       0x71 contiki-srf06-cc26xx.a(oscillators.o)
 .comment       0x00000000       0x71 contiki-srf06-cc26xx.a(rf-core.o)
 .comment       0x00000000       0x71 contiki-srf06-cc26xx.a(rf-ble.o)
 .comment       0x00000000       0x71 contiki-srf06-cc26xx.a(random.o)
 .comment       0x00000000       0x71 contiki-srf06-cc26xx.a(soc-trng.o)
 .comment       0x00000000       0x71 contiki-srf06-cc26xx.a(dbg-printf.o)
 .comment       0x00000000       0x71 contiki-srf06-cc26xx.a(strformat.o)
 .comment       0x00000000       0x71 contiki-srf06-cc26xx.a(autostart.o)
 .comment       0x00000000       0x71 contiki-srf06-cc26xx.a(ctimer.o)
 .comment       0x00000000       0x71 contiki-srf06-cc26xx.a(energest.o)
 .comment       0x00000000       0x71 contiki-srf06-cc26xx.a(etimer.o)
 .comment       0x00000000       0x71 contiki-srf06-cc26xx.a(process.o)
 .comment       0x00000000       0x71 contiki-srf06-cc26xx.a(rtimer.o)
 .comment       0x00000000       0x71 contiki-srf06-cc26xx.a(timer.o)
 .comment       0x00000000       0x71 contiki-srf06-cc26xx.a(serial-line.o)
 .comment       0x00000000       0x71 contiki-srf06-cc26xx.a(list.o)
 .comment       0x00000000       0x71 contiki-srf06-cc26xx.a(ringbuf.o)
 .comment       0x00000000       0x71 contiki-srf06-cc26xx.a(collect.o)
 .comment       0x00000000       0x71 contiki-srf06-cc26xx.a(collect-link-es)
 .comment       0x00000000       0x71 contiki-srf06-cc26xx.a(collect-neighbo)
 .comment       0x00000000       0x71 contiki-srf06-cc26xx.a(packetqueue.o)
 .comment       0x00000000       0x71 contiki-srf06-cc26xx.a(rime.o)
 .comment       0x00000000       0x71 contiki-srf06-cc26xx.a(unicast.o)
 .comment       0x00000000       0x71 contiki-srf06-cc26xx.a(adi.o)
 .comment       0x00000000       0x71 contiki-srf06-cc26xx.a(aon_rtc.o)
 .comment       0x00000000       0x71 contiki-srf06-cc26xx.a(chipinfo.o)
 .comment       0x00000000       0x71 contiki-srf06-cc26xx.a(cpu.o)
 .comment       0x00000000       0x71 contiki-srf06-cc26xx.a(osc.o)
 .comment       0x00000000       0x71 contiki-srf06-cc26xx.a(pwr_ctrl.o)
 .comment       0x00000000       0x71 contiki-srf06-cc26xx.a(setup.o)
 .comment       0x00000000       0x71 contiki-srf06-cc26xx.a(setup_rom.o)
 .comment       0x00000000       0x71 contiki-srf06-cc26xx.a(sys_ctrl.o)
 .comment       0x00000000       0x71 contiki-srf06-cc26xx.a(trng.o)
 .comment       0x00000000       0x71 contiki-srf06-cc26xx.a(linkaddr.o)
 .comment       0x00000000       0x71 contiki-srf06-cc26xx.a(netstack.o)
 .comment       0x00000000       0x71 contiki-srf06-cc26xx.a(packetbuf.o)
 .comment       0x00000000       0x71 contiki-srf06-cc26xx.a(queuebuf.o)
 .comment       0x00000000       0x71 contiki-srf06-cc26xx.a(csma.o)
 .comment       0x00000000       0x71 contiki-srf06-cc26xx.a(mac.o)
 .comment       0x00000000       0x71 contiki-srf06-cc26xx.a(contikimac.o)
 .comment       0x00000000       0x71 contiki-srf06-cc26xx.a(nullsec.o)
 .comment       0x00000000       0x71 contiki-srf06-cc26xx.a(smartrf-setting)
 .comment       0x00000000       0x71 contiki-srf06-cc26xx.a(aux-ctrl.o)
 .comment       0x00000000       0x71 contiki-srf06-cc26xx.a(memb.o)
 .comment       0x00000000       0x71 contiki-srf06-cc26xx.a(abc.o)
 .comment       0x00000000       0x71 contiki-srf06-cc26xx.a(announcement.o)
 .comment       0x00000000       0x71 contiki-srf06-cc26xx.a(broadcast-annou)
 .comment       0x00000000       0x71 contiki-srf06-cc26xx.a(broadcast.o)
 .comment       0x00000000       0x71 contiki-srf06-cc26xx.a(chameleon.o)
 .comment       0x00000000       0x71 contiki-srf06-cc26xx.a(channel.o)
 .comment       0x00000000       0x71 contiki-srf06-cc26xx.a(aon_batmon.o)
 .comment       0x00000000       0x71 contiki-srf06-cc26xx.a(ddi.o)
 .comment       0x00000000       0x71 contiki-srf06-cc26xx.a(frame802154.o)
 .comment       0x00000000       0x71 contiki-srf06-cc26xx.a(framer-802154.o)
 .comment       0x00000000       0x71 contiki-srf06-cc26xx.a(mac-sequence.o)
 .comment       0x00000000       0x71 contiki-srf06-cc26xx.a(chameleon-bitop)

.ARM.attributes
                0x00000000       0x31
 .ARM.attributes
                0x00000000       0x33 obj_srf06-cc26xx/fault-handlers.o
 .ARM.attributes
                0x00000033       0x33 obj_srf06-cc26xx/ccfg.o
 .ARM.attributes
                0x00000066       0x33 obj_srf06-cc26xx/startup_gcc.o
 .ARM.attributes
                0x00000099       0x33 example-collect.co
 .ARM.attributes
                0x000000cc       0x33 contiki-srf06-cc26xx.a(contiki-main.o)
 .ARM.attributes
                0x000000ff       0x33 contiki-srf06-cc26xx.a(sensors.o)
 .ARM.attributes
                0x00000132       0x33 contiki-srf06-cc26xx.a(leds.o)
 .ARM.attributes
                0x00000165       0x33 contiki-srf06-cc26xx.a(board.o)
 .ARM.attributes
                0x00000198       0x33 contiki-srf06-cc26xx.a(launchpad-senso)
 .ARM.attributes
                0x000001cb       0x33 contiki-srf06-cc26xx.a(leds-arch.o)
 .ARM.attributes
                0x000001fe       0x33 contiki-srf06-cc26xx.a(button-sensor.o)
 .ARM.attributes
                0x00000231       0x33 contiki-srf06-cc26xx.a(ext-flash.o)
 .ARM.attributes
                0x00000264       0x33 contiki-srf06-cc26xx.a(board-spi.o)
 .ARM.attributes
                0x00000297       0x33 contiki-srf06-cc26xx.a(prop-mode.o)
 .ARM.attributes
                0x000002ca       0x33 contiki-srf06-cc26xx.a(clock.o)
 .ARM.attributes
                0x000002fd       0x33 contiki-srf06-cc26xx.a(rtimer-arch.o)
 .ARM.attributes
                0x00000330       0x33 contiki-srf06-cc26xx.a(soc-rtc.o)
 .ARM.attributes
                0x00000363       0x33 contiki-srf06-cc26xx.a(contiki-watchdo)
 .ARM.attributes
                0x00000396       0x33 contiki-srf06-cc26xx.a(putchar.o)
 .ARM.attributes
                0x000003c9       0x33 contiki-srf06-cc26xx.a(ieee-addr.o)
 .ARM.attributes
                0x000003fc       0x33 contiki-srf06-cc26xx.a(cc26xx-uart.o)
 .ARM.attributes
                0x0000042f       0x33 contiki-srf06-cc26xx.a(lpm.o)
 .ARM.attributes
                0x00000462       0x33 contiki-srf06-cc26xx.a(gpio-interrupt.)
 .ARM.attributes
                0x00000495       0x33 contiki-srf06-cc26xx.a(oscillators.o)
 .ARM.attributes
                0x000004c8       0x33 contiki-srf06-cc26xx.a(rf-core.o)
 .ARM.attributes
                0x000004fb       0x33 contiki-srf06-cc26xx.a(rf-ble.o)
 .ARM.attributes
                0x0000052e       0x33 contiki-srf06-cc26xx.a(random.o)
 .ARM.attributes
                0x00000561       0x33 contiki-srf06-cc26xx.a(soc-trng.o)
 .ARM.attributes
                0x00000594       0x33 contiki-srf06-cc26xx.a(dbg-printf.o)
 .ARM.attributes
                0x000005c7       0x33 contiki-srf06-cc26xx.a(strformat.o)
 .ARM.attributes
                0x000005fa       0x33 contiki-srf06-cc26xx.a(autostart.o)
 .ARM.attributes
                0x0000062d       0x33 contiki-srf06-cc26xx.a(ctimer.o)
 .ARM.attributes
                0x00000660       0x33 contiki-srf06-cc26xx.a(energest.o)
 .ARM.attributes
                0x00000693       0x33 contiki-srf06-cc26xx.a(etimer.o)
 .ARM.attributes
                0x000006c6       0x33 contiki-srf06-cc26xx.a(process.o)
 .ARM.attributes
                0x000006f9       0x33 contiki-srf06-cc26xx.a(rtimer.o)
 .ARM.attributes
                0x0000072c       0x33 contiki-srf06-cc26xx.a(timer.o)
 .ARM.attributes
                0x0000075f       0x33 contiki-srf06-cc26xx.a(serial-line.o)
 .ARM.attributes
                0x00000792       0x33 contiki-srf06-cc26xx.a(list.o)
 .ARM.attributes
                0x000007c5       0x33 contiki-srf06-cc26xx.a(ringbuf.o)
 .ARM.attributes
                0x000007f8       0x33 contiki-srf06-cc26xx.a(collect.o)
 .ARM.attributes
                0x0000082b       0x33 contiki-srf06-cc26xx.a(collect-link-es)
 .ARM.attributes
                0x0000085e       0x33 contiki-srf06-cc26xx.a(collect-neighbo)
 .ARM.attributes
                0x00000891       0x33 contiki-srf06-cc26xx.a(packetqueue.o)
 .ARM.attributes
                0x000008c4       0x33 contiki-srf06-cc26xx.a(rime.o)
 .ARM.attributes
                0x000008f7       0x33 contiki-srf06-cc26xx.a(unicast.o)
 .ARM.attributes
                0x0000092a       0x33 contiki-srf06-cc26xx.a(adi.o)
 .ARM.attributes
                0x0000095d       0x33 contiki-srf06-cc26xx.a(aon_rtc.o)
 .ARM.attributes
                0x00000990       0x33 contiki-srf06-cc26xx.a(chipinfo.o)
 .ARM.attributes
                0x000009c3       0x33 contiki-srf06-cc26xx.a(cpu.o)
 .ARM.attributes
                0x000009f6       0x33 contiki-srf06-cc26xx.a(osc.o)
 .ARM.attributes
                0x00000a29       0x33 contiki-srf06-cc26xx.a(pwr_ctrl.o)
 .ARM.attributes
                0x00000a5c       0x33 contiki-srf06-cc26xx.a(setup.o)
 .ARM.attributes
                0x00000a8f       0x33 contiki-srf06-cc26xx.a(setup_rom.o)
 .ARM.attributes
                0x00000ac2       0x33 contiki-srf06-cc26xx.a(sys_ctrl.o)
 .ARM.attributes
                0x00000af5       0x33 contiki-srf06-cc26xx.a(trng.o)
 .ARM.attributes
                0x00000b28       0x33 contiki-srf06-cc26xx.a(linkaddr.o)
 .ARM.attributes
                0x00000b5b       0x33 contiki-srf06-cc26xx.a(netstack.o)
 .ARM.attributes
                0x00000b8e       0x33 contiki-srf06-cc26xx.a(packetbuf.o)
 .ARM.attributes
                0x00000bc1       0x33 contiki-srf06-cc26xx.a(queuebuf.o)
 .ARM.attributes
                0x00000bf4       0x33 contiki-srf06-cc26xx.a(csma.o)
 .ARM.attributes
                0x00000c27       0x33 contiki-srf06-cc26xx.a(mac.o)
 .ARM.attributes
                0x00000c5a       0x33 contiki-srf06-cc26xx.a(contikimac.o)
 .ARM.attributes
                0x00000c8d       0x33 contiki-srf06-cc26xx.a(nullsec.o)
 .ARM.attributes
                0x00000cc0       0x33 contiki-srf06-cc26xx.a(smartrf-setting)
 .ARM.attributes
                0x00000cf3       0x33 contiki-srf06-cc26xx.a(aux-ctrl.o)
 .ARM.attributes
                0x00000d26       0x33 contiki-srf06-cc26xx.a(memb.o)
 .ARM.attributes
                0x00000d59       0x33 contiki-srf06-cc26xx.a(abc.o)
 .ARM.attributes
                0x00000d8c       0x33 contiki-srf06-cc26xx.a(announcement.o)
 .ARM.attributes
                0x00000dbf       0x33 contiki-srf06-cc26xx.a(broadcast-annou)
 .ARM.attributes
                0x00000df2       0x33 contiki-srf06-cc26xx.a(broadcast.o)
 .ARM.attributes
                0x00000e25       0x33 contiki-srf06-cc26xx.a(chameleon.o)
 .ARM.attributes
                0x00000e58       0x33 contiki-srf06-cc26xx.a(channel.o)
 .ARM.attributes
                0x00000e8b       0x33 contiki-srf06-cc26xx.a(aon_batmon.o)
 .ARM.attributes
                0x00000ebe       0x33 contiki-srf06-cc26xx.a(ddi.o)
 .ARM.attributes
                0x00000ef1       0x33 contiki-srf06-cc26xx.a(frame802154.o)
 .ARM.attributes
                0x00000f24       0x33 contiki-srf06-cc26xx.a(framer-802154.o)
 .ARM.attributes
                0x00000f57       0x33 contiki-srf06-cc26xx.a(mac-sequence.o)
 .ARM.attributes
                0x00000f8a       0x33 contiki-srf06-cc26xx.a(chameleon-bitop)
 .ARM.attributes
                0x00000fbd       0x1d /usr/bin/../lib/gcc/arm-none-eabi/4.9.3/armv7-m/libgcc.a(_aeabi_uldivmod.o)
 .ARM.attributes
                0x00000fda       0x2d /usr/bin/../lib/gcc/arm-none-eabi/4.9.3/armv7-m/libgcc.a(bpabi.o)
 .ARM.attributes
                0x00001007       0x1d /usr/bin/../lib/gcc/arm-none-eabi/4.9.3/armv7-m/libgcc.a(_dvmd_tls.o)
 .ARM.attributes
                0x00001024       0x2d /usr/bin/../lib/gcc/arm-none-eabi/4.9.3/armv7-m/libgcc.a(_divdi3.o)
 .ARM.attributes
                0x00001051       0x2d /usr/bin/../lib/gcc/arm-none-eabi/4.9.3/armv7-m/libgcc.a(_udivdi3.o)
 .ARM.attributes
                0x0000107e       0x2d /usr/bin/../lib/gcc/arm-none-eabi/4.9.3/../../../../arm-none-eabi/lib/armv7-m/libc.a(lib_a-memcmp.o)
 .ARM.attributes
                0x000010ab       0x1b /usr/bin/../lib/gcc/arm-none-eabi/4.9.3/../../../../arm-none-eabi/lib/armv7-m/libc.a(lib_a-memcpy.o)
 .ARM.attributes
                0x000010c6       0x2d /usr/bin/../lib/gcc/arm-none-eabi/4.9.3/../../../../arm-none-eabi/lib/armv7-m/libc.a(lib_a-memset.o)
 .ARM.attributes
                0x000010f3       0x2d /usr/bin/../lib/gcc/arm-none-eabi/4.9.3/../../../../arm-none-eabi/lib/armv7-m/libc.a(lib_a-strlen.o)

.debug_frame    0x00000000      0x170
 .debug_frame   0x00000000       0x28 /usr/bin/../lib/gcc/arm-none-eabi/4.9.3/armv7-m/libgcc.a(_aeabi_uldivmod.o)
 .debug_frame   0x00000028       0x54 /usr/bin/../lib/gcc/arm-none-eabi/4.9.3/armv7-m/libgcc.a(bpabi.o)
 .debug_frame   0x0000007c       0x34 /usr/bin/../lib/gcc/arm-none-eabi/4.9.3/armv7-m/libgcc.a(_divdi3.o)
 .debug_frame   0x000000b0       0x34 /usr/bin/../lib/gcc/arm-none-eabi/4.9.3/armv7-m/libgcc.a(_udivdi3.o)
 .debug_frame   0x000000e4       0x38 /usr/bin/../lib/gcc/arm-none-eabi/4.9.3/../../../../arm-none-eabi/lib/armv7-m/libc.a(lib_a-memcmp.o)
 .debug_frame   0x0000011c       0x34 /usr/bin/../lib/gcc/arm-none-eabi/4.9.3/../../../../arm-none-eabi/lib/armv7-m/libc.a(lib_a-memset.o)
 .debug_frame   0x00000150       0x20 /usr/bin/../lib/gcc/arm-none-eabi/4.9.3/../../../../arm-none-eabi/lib/armv7-m/libc.a(lib_a-strlen.o)

Cross Reference Table

Symbol                                            File
AONIntHandler                                     obj_srf06-cc26xx/startup_gcc.o
AONProgIntHandler                                 obj_srf06-cc26xx/startup_gcc.o
AONRTCIntHandler                                  contiki-srf06-cc26xx.a(soc-rtc.o)
                                                  obj_srf06-cc26xx/startup_gcc.o
AUXADCIntHandler                                  obj_srf06-cc26xx/startup_gcc.o
AUXCombEventIntHandler                            obj_srf06-cc26xx/startup_gcc.o
AUXCompAIntHandler                                obj_srf06-cc26xx/startup_gcc.o
AUXSWEvent0IntHandler                             obj_srf06-cc26xx/startup_gcc.o
AUXSWEvent1IntHandler                             obj_srf06-cc26xx/startup_gcc.o
BusFaultIntHandler                                obj_srf06-cc26xx/startup_gcc.o
CryptoIntHandler                                  obj_srf06-cc26xx/startup_gcc.o
DebugMonIntHandler                                obj_srf06-cc26xx/startup_gcc.o
DynProgIntHandler                                 obj_srf06-cc26xx/startup_gcc.o
FaultISR                                          obj_srf06-cc26xx/fault-handlers.o
FlashIntHandler                                   obj_srf06-cc26xx/startup_gcc.o
GPIOIntHandler                                    contiki-srf06-cc26xx.a(gpio-interrupt.)
                                                  obj_srf06-cc26xx/startup_gcc.o
I2CIntHandler                                     obj_srf06-cc26xx/startup_gcc.o
I2SIntHandler                                     obj_srf06-cc26xx/startup_gcc.o
MPUFaultIntHandler                                obj_srf06-cc26xx/startup_gcc.o
NOROM_AONBatMonTemperatureGetDegC                 contiki-srf06-cc26xx.a(aon_batmon.o)
                                                  contiki-srf06-cc26xx.a(sys_ctrl.o)
                                                  contiki-srf06-cc26xx.a(osc.o)
NOROM_AONRTCCurrent64BitValueGet                  contiki-srf06-cc26xx.a(aon_rtc.o)
NOROM_AONRTCCurrentCompareValueGet                contiki-srf06-cc26xx.a(aon_rtc.o)
                                                  contiki-srf06-cc26xx.a(osc.o)
                                                  contiki-srf06-cc26xx.a(soc-rtc.o)
                                                  contiki-srf06-cc26xx.a(rtimer-arch.o)
NOROM_CPUbasepriGet                               contiki-srf06-cc26xx.a(cpu.o)
NOROM_CPUcpsid                                    contiki-srf06-cc26xx.a(cpu.o)
                                                  contiki-srf06-cc26xx.a(ddi.o)
                                                  contiki-srf06-cc26xx.a(aux-ctrl.o)
                                                  contiki-srf06-cc26xx.a(adi.o)
                                                  contiki-srf06-cc26xx.a(soc-trng.o)
                                                  contiki-srf06-cc26xx.a(rf-ble.o)
                                                  contiki-srf06-cc26xx.a(rf-core.o)
                                                  contiki-srf06-cc26xx.a(gpio-interrupt.)
                                                  contiki-srf06-cc26xx.a(lpm.o)
                                                  contiki-srf06-cc26xx.a(cc26xx-uart.o)
                                                  contiki-srf06-cc26xx.a(contiki-watchdo)
                                                  contiki-srf06-cc26xx.a(soc-rtc.o)
                                                  contiki-srf06-cc26xx.a(clock.o)
                                                  contiki-srf06-cc26xx.a(board.o)
                                                  contiki-srf06-cc26xx.a(contiki-main.o)
NOROM_CPUcpsie                                    contiki-srf06-cc26xx.a(cpu.o)
                                                  contiki-srf06-cc26xx.a(ddi.o)